Archive member included to satisfy reference by file (symbol)

C:/Renesas/RA/e2studio_v2025-10_fsp_v6.2.0/toolchains/gcc_arm/13.2.rel1/bin/../lib/gcc/arm-none-eabi/13.2.1/thumb/v8-m.main+fp/hard\libgcc.a(_aeabi_ldivmod.o)
                              ./ra/fsp/src/r_sci_uart/r_sci_uart.o (__aeabi_ldivmod)
C:/Renesas/RA/e2studio_v2025-10_fsp_v6.2.0/toolchains/gcc_arm/13.2.rel1/bin/../lib/gcc/arm-none-eabi/13.2.1/thumb/v8-m.main+fp/hard\libgcc.a(_udivmoddi4.o)
                              C:/Renesas/RA/e2studio_v2025-10_fsp_v6.2.0/toolchains/gcc_arm/13.2.rel1/bin/../lib/gcc/arm-none-eabi/13.2.1/thumb/v8-m.main+fp/hard\libgcc.a(_aeabi_ldivmod.o) (__udivmoddi4)
C:/Renesas/RA/e2studio_v2025-10_fsp_v6.2.0/toolchains/gcc_arm/13.2.rel1/bin/../lib/gcc/arm-none-eabi/13.2.1/thumb/v8-m.main+fp/hard\libgcc.a(_dvmd_tls.o)
                              C:/Renesas/RA/e2studio_v2025-10_fsp_v6.2.0/toolchains/gcc_arm/13.2.rel1/bin/../lib/gcc/arm-none-eabi/13.2.1/thumb/v8-m.main+fp/hard\libgcc.a(_aeabi_ldivmod.o) (__aeabi_ldiv0)
C:/Renesas/RA/e2studio_v2025-10_fsp_v6.2.0/toolchains/gcc_arm/13.2.rel1/bin/../lib/gcc/arm-none-eabi/13.2.1/thumb/v8-m.main+fp/hard\libg_nano.a(libc_a-exit.o)
                              C:/Renesas/RA/e2studio_v2025-10_fsp_v6.2.0/toolchains/gcc_arm/13.2.rel1/bin/../lib/gcc/arm-none-eabi/13.2.1/thumb/v8-m.main+fp/hard/crt0.o (exit)
C:/Renesas/RA/e2studio_v2025-10_fsp_v6.2.0/toolchains/gcc_arm/13.2.rel1/bin/../lib/gcc/arm-none-eabi/13.2.1/thumb/v8-m.main+fp/hard\libg_nano.a(libc_a-findfp.o)
                              C:/Renesas/RA/e2studio_v2025-10_fsp_v6.2.0/toolchains/gcc_arm/13.2.rel1/bin/../lib/gcc/arm-none-eabi/13.2.1/thumb/v8-m.main+fp/hard\libg_nano.a(libc_a-exit.o) (__stdio_exit_handler)
C:/Renesas/RA/e2studio_v2025-10_fsp_v6.2.0/toolchains/gcc_arm/13.2.rel1/bin/../lib/gcc/arm-none-eabi/13.2.1/thumb/v8-m.main+fp/hard\libg_nano.a(libc_a-fwalk.o)
                              C:/Renesas/RA/e2studio_v2025-10_fsp_v6.2.0/toolchains/gcc_arm/13.2.rel1/bin/../lib/gcc/arm-none-eabi/13.2.1/thumb/v8-m.main+fp/hard\libg_nano.a(libc_a-findfp.o) (_fwalk_sglue)
C:/Renesas/RA/e2studio_v2025-10_fsp_v6.2.0/toolchains/gcc_arm/13.2.rel1/bin/../lib/gcc/arm-none-eabi/13.2.1/thumb/v8-m.main+fp/hard\libg_nano.a(libc_a-stdio.o)
                              C:/Renesas/RA/e2studio_v2025-10_fsp_v6.2.0/toolchains/gcc_arm/13.2.rel1/bin/../lib/gcc/arm-none-eabi/13.2.1/thumb/v8-m.main+fp/hard\libg_nano.a(libc_a-findfp.o) (__sread)
C:/Renesas/RA/e2studio_v2025-10_fsp_v6.2.0/toolchains/gcc_arm/13.2.rel1/bin/../lib/gcc/arm-none-eabi/13.2.1/thumb/v8-m.main+fp/hard\libg_nano.a(libc_a-memset.o)
                              C:/Renesas/RA/e2studio_v2025-10_fsp_v6.2.0/toolchains/gcc_arm/13.2.rel1/bin/../lib/gcc/arm-none-eabi/13.2.1/thumb/v8-m.main+fp/hard/crt0.o (memset)
C:/Renesas/RA/e2studio_v2025-10_fsp_v6.2.0/toolchains/gcc_arm/13.2.rel1/bin/../lib/gcc/arm-none-eabi/13.2.1/thumb/v8-m.main+fp/hard\libg_nano.a(libc_a-closer.o)
                              C:/Renesas/RA/e2studio_v2025-10_fsp_v6.2.0/toolchains/gcc_arm/13.2.rel1/bin/../lib/gcc/arm-none-eabi/13.2.1/thumb/v8-m.main+fp/hard\libg_nano.a(libc_a-stdio.o) (_close_r)
C:/Renesas/RA/e2studio_v2025-10_fsp_v6.2.0/toolchains/gcc_arm/13.2.rel1/bin/../lib/gcc/arm-none-eabi/13.2.1/thumb/v8-m.main+fp/hard\libg_nano.a(libc_a-reent.o)
                              C:/Renesas/RA/e2studio_v2025-10_fsp_v6.2.0/toolchains/gcc_arm/13.2.rel1/bin/../lib/gcc/arm-none-eabi/13.2.1/thumb/v8-m.main+fp/hard\libg_nano.a(libc_a-closer.o) (errno)
C:/Renesas/RA/e2studio_v2025-10_fsp_v6.2.0/toolchains/gcc_arm/13.2.rel1/bin/../lib/gcc/arm-none-eabi/13.2.1/thumb/v8-m.main+fp/hard\libg_nano.a(libc_a-impure.o)
                              C:/Renesas/RA/e2studio_v2025-10_fsp_v6.2.0/toolchains/gcc_arm/13.2.rel1/bin/../lib/gcc/arm-none-eabi/13.2.1/thumb/v8-m.main+fp/hard\libg_nano.a(libc_a-reent.o) (_impure_ptr)
C:/Renesas/RA/e2studio_v2025-10_fsp_v6.2.0/toolchains/gcc_arm/13.2.rel1/bin/../lib/gcc/arm-none-eabi/13.2.1/thumb/v8-m.main+fp/hard\libg_nano.a(libc_a-lseekr.o)
                              C:/Renesas/RA/e2studio_v2025-10_fsp_v6.2.0/toolchains/gcc_arm/13.2.rel1/bin/../lib/gcc/arm-none-eabi/13.2.1/thumb/v8-m.main+fp/hard\libg_nano.a(libc_a-stdio.o) (_lseek_r)
C:/Renesas/RA/e2studio_v2025-10_fsp_v6.2.0/toolchains/gcc_arm/13.2.rel1/bin/../lib/gcc/arm-none-eabi/13.2.1/thumb/v8-m.main+fp/hard\libg_nano.a(libc_a-readr.o)
                              C:/Renesas/RA/e2studio_v2025-10_fsp_v6.2.0/toolchains/gcc_arm/13.2.rel1/bin/../lib/gcc/arm-none-eabi/13.2.1/thumb/v8-m.main+fp/hard\libg_nano.a(libc_a-stdio.o) (_read_r)
C:/Renesas/RA/e2studio_v2025-10_fsp_v6.2.0/toolchains/gcc_arm/13.2.rel1/bin/../lib/gcc/arm-none-eabi/13.2.1/thumb/v8-m.main+fp/hard\libg_nano.a(libc_a-writer.o)
                              C:/Renesas/RA/e2studio_v2025-10_fsp_v6.2.0/toolchains/gcc_arm/13.2.rel1/bin/../lib/gcc/arm-none-eabi/13.2.1/thumb/v8-m.main+fp/hard\libg_nano.a(libc_a-stdio.o) (_write_r)
[...]
Memory Configuration

Name             Origin             Length             Attributes
RAM              0x20000000         0x00080000         xrw
FLASH            0x00000000         0x00100000         xr
DATA_FLASH       0x08000000         0x00002000         xr
QSPI_FLASH       0x60000000         0x04000000         xr
OSPI0_CS0        0x68000000         0x08000000         xrw
OSPI0_CS1        0x70000000         0x10000000         xr
OPTION_SETTING_OFS0 0x0100a100         0x00000004         r
OPTION_SETTING_DUALSEL 0x0100a110         0x00000004         r
OPTION_SETTING_OFS1 0x0100a180         0x00000004         r
OPTION_SETTING_BANKSEL 0x0100a190         0x00000004         r
OPTION_SETTING_BPS 0x0100a1c0         0x00000010         r
OPTION_SETTING_PBPS 0x0100a1e0         0x00000010         r
OPTION_SETTING_OFS1_SEC 0x0100a200         0x00000004         r
OPTION_SETTING_BANKSEL_SEC 0x0100a210         0x00000004         r
OPTION_SETTING_BPS_SEC 0x0100a240         0x00000010         r
OPTION_SETTING_PBPS_SEC 0x0100a260         0x00000010         r
OPTION_SETTING_OFS1_SEL 0x0100a280         0x00000004         r
OPTION_SETTING_BANKSEL_SEL 0x0100a290         0x00000004         r
OPTION_SETTING_BPS_SEL 0x0100a2c0         0x00000010         r
*default*        0x00000000         0xffffffff

Linker script and memory map

LOAD C:/Renesas/RA/e2studio_v2025-10_fsp_v6.2.0/toolchains/gcc_arm/13.2.rel1/bin/../lib/gcc/arm-none-eabi/13.2.1/thumb/v8-m.main+fp/hard/crti.o
LOAD C:/Renesas/RA/e2studio_v2025-10_fsp_v6.2.0/toolchains/gcc_arm/13.2.rel1/bin/../lib/gcc/arm-none-eabi/13.2.1/thumb/v8-m.main+fp/hard/crtbegin.o
LOAD C:/Renesas/RA/e2studio_v2025-10_fsp_v6.2.0/toolchains/gcc_arm/13.2.rel1/bin/../lib/gcc/arm-none-eabi/13.2.1/thumb/v8-m.main+fp/hard/crt0.o
START GROUP
LOAD ./src/CAN_thread_entry.o
LOAD ./src/hal_warmstart.o
LOAD ./src/i2c_thread_entry.o
LOAD ./src/uart_thread_entry.o
LOAD ./ra_gen/CAN_thread.o
LOAD ./ra_gen/common_data.o
LOAD ./ra_gen/hal_data.o
LOAD ./ra_gen/i2c_thread.o
LOAD ./ra_gen/main.o
LOAD ./ra_gen/pin_data.o
LOAD ./ra_gen/uart_thread.o
LOAD ./ra_gen/vector_data.o
LOAD ./ra/fsp/src/rm_vee_flash/rm_vee_flash.o
LOAD ./ra/fsp/src/rm_freertos_port/port.o
LOAD ./ra/fsp/src/rm_comms_i2c/rm_comms_i2c.o
LOAD ./ra/fsp/src/rm_comms_i2c/rm_comms_i2c_driver_ra.o
LOAD ./ra/fsp/src/r_sci_uart/r_sci_uart.o
LOAD ./ra/fsp/src/r_rtc/r_rtc.o
LOAD ./ra/fsp/src/r_ioport/r_ioport.o
LOAD ./ra/fsp/src/r_iic_master/r_iic_master.o
LOAD ./ra/fsp/src/r_flash_hp/r_flash_hp.o
LOAD ./ra/fsp/src/r_canfd/r_canfd.o
LOAD ./ra/fsp/src/bsp/mcu/ra6m5/bsp_linker.o
LOAD ./ra/fsp/src/bsp/mcu/all/bsp_clocks.o
LOAD ./ra/fsp/src/bsp/mcu/all/bsp_common.o
LOAD ./ra/fsp/src/bsp/mcu/all/bsp_delay.o
LOAD ./ra/fsp/src/bsp/mcu/all/bsp_group_irq.o
LOAD ./ra/fsp/src/bsp/mcu/all/bsp_guard.o
LOAD ./ra/fsp/src/bsp/mcu/all/bsp_io.o
LOAD ./ra/fsp/src/bsp/mcu/all/bsp_ipc.o
LOAD ./ra/fsp/src/bsp/mcu/all/bsp_irq.o
LOAD ./ra/fsp/src/bsp/mcu/all/bsp_macl.o
LOAD ./ra/fsp/src/bsp/mcu/all/bsp_ospi_b.o
LOAD ./ra/fsp/src/bsp/mcu/all/bsp_register_protection.o
LOAD ./ra/fsp/src/bsp/mcu/all/bsp_sbrk.o
LOAD ./ra/fsp/src/bsp/mcu/all/bsp_sdram.o
LOAD ./ra/fsp/src/bsp/mcu/all/bsp_security.o
LOAD ./ra/fsp/src/bsp/cmsis/Device/RENESAS/Source/startup.o
LOAD ./ra/fsp/src/bsp/cmsis/Device/RENESAS/Source/system.o
LOAD ./ra/aws/FreeRTOS/FreeRTOS/Source/event_groups.o
LOAD ./ra/aws/FreeRTOS/FreeRTOS/Source/list.o
LOAD ./ra/aws/FreeRTOS/FreeRTOS/Source/queue.o
LOAD ./ra/aws/FreeRTOS/FreeRTOS/Source/stream_buffer.o
LOAD ./ra/aws/FreeRTOS/FreeRTOS/Source/tasks.o
LOAD ./ra/aws/FreeRTOS/FreeRTOS/Source/timers.o
END GROUP
START GROUP
LOAD C:/Renesas/RA/e2studio_v2025-10_fsp_v6.2.0/toolchains/gcc_arm/13.2.rel1/bin/../lib/gcc/arm-none-eabi/13.2.1/thumb/v8-m.main+fp/hard\libgcc.a
LOAD C:/Renesas/RA/e2studio_v2025-10_fsp_v6.2.0/toolchains/gcc_arm/13.2.rel1/bin/../lib/gcc/arm-none-eabi/13.2.1/thumb/v8-m.main+fp/hard\libg_nano.a
LOAD C:/Renesas/RA/e2studio_v2025-10_fsp_v6.2.0/toolchains/gcc_arm/13.2.rel1/bin/../lib/gcc/arm-none-eabi/13.2.1/thumb/v8-m.main+fp/hard\libc_nano.a
END GROUP
START GROUP
LOAD C:/Renesas/RA/e2studio_v2025-10_fsp_v6.2.0/toolchains/gcc_arm/13.2.rel1/bin/../lib/gcc/arm-none-eabi/13.2.1/thumb/v8-m.main+fp/hard\libgcc.a
LOAD C:/Renesas/RA/e2studio_v2025-10_fsp_v6.2.0/toolchains/gcc_arm/13.2.rel1/bin/../lib/gcc/arm-none-eabi/13.2.1/thumb/v8-m.main+fp/hard\libc_nano.a
END GROUP
LOAD C:/Renesas/RA/e2studio_v2025-10_fsp_v6.2.0/toolchains/gcc_arm/13.2.rel1/bin/../lib/gcc/arm-none-eabi/13.2.1/thumb/v8-m.main+fp/hard/crtend.o
LOAD C:/Renesas/RA/e2studio_v2025-10_fsp_v6.2.0/toolchains/gcc_arm/13.2.rel1/bin/../lib/gcc/arm-none-eabi/13.2.1/thumb/v8-m.main+fp/hard/crtn.o
                0x20000000                        RAM_START = 0x20000000
                0x00080000                        RAM_LENGTH = 0x80000
                0x00000000                        FLASH_START = 0x0
                0x00100000                        FLASH_LENGTH = 0x100000
                0x08000000                        DATA_FLASH_START = 0x8000000
                0x00002000                        DATA_FLASH_LENGTH = 0x2000
                0x60000000                        QSPI_FLASH_START = 0x60000000
                0x04000000                        QSPI_FLASH_LENGTH = 0x4000000
                0x68000000                        OSPI0_CS0_START = 0x68000000
                0x08000000                        OSPI0_CS0_LENGTH = 0x8000000
                0x70000000                        OSPI0_CS1_START = 0x70000000
                0x10000000                        OSPI0_CS1_LENGTH = 0x10000000
                0x0100a100                        OPTION_SETTING_OFS0_START = 0x100a100
                0x00000004                        OPTION_SETTING_OFS0_LENGTH = 0x4
                0x0100a110                        OPTION_SETTING_DUALSEL_START = 0x100a110
                0x00000004                        OPTION_SETTING_DUALSEL_LENGTH = 0x4
                0x0100a180                        OPTION_SETTING_OFS1_START = 0x100a180
                0x00000004                        OPTION_SETTING_OFS1_LENGTH = 0x4
                0x0100a190                        OPTION_SETTING_BANKSEL_START = 0x100a190
                0x00000004                        OPTION_SETTING_BANKSEL_LENGTH = 0x4
                0x0100a1c0                        OPTION_SETTING_BPS_START = 0x100a1c0
                0x00000010                        OPTION_SETTING_BPS_LENGTH = 0x10
                0x0100a1e0                        OPTION_SETTING_PBPS_START = 0x100a1e0
                0x00000010                        OPTION_SETTING_PBPS_LENGTH = 0x10
                0x0100a200                        OPTION_SETTING_OFS1_SEC_START = 0x100a200
                0x00000004                        OPTION_SETTING_OFS1_SEC_LENGTH = 0x4
                0x0100a210                        OPTION_SETTING_BANKSEL_SEC_START = 0x100a210
                0x00000004                        OPTION_SETTING_BANKSEL_SEC_LENGTH = 0x4
                0x0100a240                        OPTION_SETTING_BPS_SEC_START = 0x100a240
                0x00000010                        OPTION_SETTING_BPS_SEC_LENGTH = 0x10
                0x0100a260                        OPTION_SETTING_PBPS_SEC_START = 0x100a260
                0x00000010                        OPTION_SETTING_PBPS_SEC_LENGTH = 0x10
                0x0100a280                        OPTION_SETTING_OFS1_SEL_START = 0x100a280
                0x00000004                        OPTION_SETTING_OFS1_SEL_LENGTH = 0x4
                0x0100a290                        OPTION_SETTING_BANKSEL_SEL_START = 0x100a290
                0x00000004                        OPTION_SETTING_BANKSEL_SEL_LENGTH = 0x4
                0x0100a2c0                        OPTION_SETTING_BPS_SEL_START = 0x100a2c0
                0x00000010                        OPTION_SETTING_BPS_SEL_LENGTH = 0x10
START GROUP
LOAD C:/Renesas/RA/e2studio_v2025-10_fsp_v6.2.0/toolchains/gcc_arm/13.2.rel1/bin/../lib/gcc/arm-none-eabi/13.2.1/thumb/v8-m.main+fp/hard\libgcc.a
LOAD C:/Renesas/RA/e2studio_v2025-10_fsp_v6.2.0/toolchains/gcc_arm/13.2.rel1/bin/../lib/gcc/arm-none-eabi/13.2.1/thumb/v8-m.main+fp/hard\libc.a
LOAD C:/Renesas/RA/e2studio_v2025-10_fsp_v6.2.0/toolchains/gcc_arm/13.2.rel1/bin/../lib/gcc/arm-none-eabi/13.2.1/thumb/v8-m.main+fp/hard\libm.a
END GROUP

.qspi_flash.startof
                0x60000000        0x0
                0x60000000                        __ddsc_QSPI_FLASH_START = .

.ospi0_cs0.startof
                0x68000000        0x0
                0x68000000                        __ddsc_OSPI0_CS0_START = .

__ospi0_cs0_from_qspi_flash$$
                0x68000000        0x0 load address 0x60000000
                0x68000000                        __ospi0_cs0_from_qspi_flash$$Base = .
                0x60000000                        __ospi0_cs0_from_qspi_flash$$Load = LOADADDR (__ospi0_cs0_from_qspi_flash$$)
 *(.ospi0_cs0_from_qspi_flash)
 *(.ospi0_cs0_code_from_qspi_flash)
                0x68000000                        __ospi0_cs0_from_qspi_flash$$Limit = .

.ram.startof    0x20000000        0x0
                0x20000000                        __ddsc_RAM_START = .

__ram_dtc_vector$$
                0x20000000        0x0
                0x20000000                        __ram_dtc_vector$$Base = .
 *(.fsp_dtc_vector_table)
                0x20000000                        __ram_dtc_vector$$Limit = .

__ram_from_qspi_flash$$
                0x20000000        0x0 load address 0x60000000
                0x20000000                        __ram_from_qspi_flash$$Base = .
                0x60000000                        __ram_from_qspi_flash$$Load = LOADADDR (__ram_from_qspi_flash$$)
 *(.ram_from_qspi_flash)
 *(.ram_code_from_qspi_flash)
                0x20000000                        __ram_from_qspi_flash$$Limit = .

__qspi_flash_readonly$$
                0x60000000        0x0
                0x60000000                        __qspi_flash_readonly$$Base = .
 *(.qspi_flash)
 *(.qspi_flash_code)
                0x60000000                        __qspi_flash_readonly$$Limit = .

__qspi_flash_noinit$$
                0x60000000        0x0
                0x60000000                        __qspi_flash_noinit$$Base = .
 *(.qspi_flash_noinit)
                0x60000000                        __qspi_flash_noinit$$Limit = .

.qspi_flash.endof
                0x60000000        0x0
                0x60000000                        __ddsc_QSPI_FLASH_END = .

.ospi0_cs1.startof
                0x70000000        0x0
                0x70000000                        __ddsc_OSPI0_CS1_START = .

__ospi0_cs0_from_ospi0_cs1$$
                0x68000000        0x0 load address 0x70000000
                0x68000000                        __ospi0_cs0_from_ospi0_cs1$$Base = .
                0x70000000                        __ospi0_cs0_from_ospi0_cs1$$Load = LOADADDR (__ospi0_cs0_from_ospi0_cs1$$)
 *(.ospi0_cs0_from_ospi0_cs1)
 *(.ospi0_cs0_code_from_ospi0_cs1)
                0x68000000                        __ospi0_cs0_from_ospi0_cs1$$Limit = .

__ram_from_ospi0_cs1$$
                0x20000000        0x0 load address 0x70000000
                0x20000000                        __ram_from_ospi0_cs1$$Base = .
                0x70000000                        __ram_from_ospi0_cs1$$Load = LOADADDR (__ram_from_ospi0_cs1$$)
 *(.ram_from_ospi0_cs1)
 *(.ram_code_from_ospi0_cs1)
                0x20000000                        __ram_from_ospi0_cs1$$Limit = .

__ospi0_cs1_readonly$$
                0x70000000        0x0
                0x70000000                        __ospi0_cs1_readonly$$Base = .
 *(.ospi0_cs1)
 *(.ospi0_cs1_code)
                0x70000000                        __ospi0_cs1_readonly$$Limit = .

__ospi0_cs1_noinit$$
                0x70000000        0x0
                0x70000000                        __ospi0_cs1_noinit$$Base = .
 *(.ospi0_cs1_noinit)
                0x70000000                        __ospi0_cs1_noinit$$Limit = .

.ospi0_cs1.endof
                0x70000000        0x0
                0x70000000                        __ddsc_OSPI0_CS1_END = .

.data_flash.startof
                0x08000000        0x0
                0x08000000                        __ddsc_DATA_FLASH_START = .

__ospi0_cs0_from_data_flash$$
                0x68000000        0x0 load address 0x08000000
                0x68000000                        __ospi0_cs0_from_data_flash$$Base = .
                0x08000000                        __ospi0_cs0_from_data_flash$$Load = LOADADDR (__ospi0_cs0_from_data_flash$$)
 *(.ospi0_cs0_from_data_flash)
 *(.ospi0_cs0_code_from_data_flash)
                0x68000000                        __ospi0_cs0_from_data_flash$$Limit = .

__ram_from_data_flash$$
                0x20000000        0x0 load address 0x08000000
                0x20000000                        __ram_from_data_flash$$Base = .
                0x08000000                        __ram_from_data_flash$$Load = LOADADDR (__ram_from_data_flash$$)
 *(.ram_from_data_flash)
 *(.ram_code_from_data_flash)
                0x20000000                        __ram_from_data_flash$$Limit = .

__data_flash_readonly$$
                0x08000000        0x0
                0x08000000                        __data_flash_readonly$$Base = .
 *(.data_flash)
 *(.data_flash_code)
                0x08000000                        __data_flash_readonly$$Limit = .

__data_flash_noinit$$
                0x08000000        0x0
                0x08000000                        __data_flash_noinit$$Base = .
 *(.data_flash_noinit)
                0x08000000                        __data_flash_noinit$$Limit = .

.data_flash.endof
                0x08000000        0x0
                0x08000000                        __ddsc_DATA_FLASH_END = .

.flash.startof  0x00000000        0x0
                0x00000000                        __ddsc_FLASH_START = .

__flash_vectors$$
                0x00000000       0x80
                0x00000000                        __flash_vectors$$Base = .
                0x00000000                        _VECTORS = .
 *(.fixed_vectors)
 .fixed_vectors
                0x00000000       0x40 ./ra/fsp/src/bsp/cmsis/Device/RENESAS/Source/startup.o
                0x00000000                __Vectors
 *(.application_vectors)
 .application_vectors
                0x00000040       0x40 ./ra_gen/vector_data.o
                0x00000040                g_vector_table
                0x00000080                        __flash_vectors$$Limit = .

__flash_noinit$$
                0x00000080        0x0
                0x00000080                        __flash_noinit$$Base = .
 *(.flash_noinit)
                0x00000080                        __flash_noinit$$Limit = .

__ospi0_cs0_from_flash$$
                0x68000000        0x0 load address 0x00000080
                0x68000000                        __ospi0_cs0_from_flash$$Base = .
                0x00000080                        __ospi0_cs0_from_flash$$Load = LOADADDR (__ospi0_cs0_from_flash$$)
 *(.ospi0_cs0_from_flash)
 *(.ospi0_cs0_code_from_flash)
                0x68000000                        __ospi0_cs0_from_flash$$Limit = .

__ospi0_cs0_noinit_nocache$$
                0x68000000        0x0 load address 0x00000080
                0x68000000                        __ospi0_cs0_noinit_nocache$$Base = .
 *(.ospi0_cs0_noinit_nocache)
                0x68000000                        __ospi0_cs0_noinit_nocache$$Limit = .

__ospi0_cs0_zero_nocache$$
                0x68000000        0x0 load address 0x00000080
                0x68000000                        __ospi0_cs0_zero_nocache$$Base = .
 *(.ospi0_cs0_nocache)
                0x68000000                        . = ALIGN (0x20)
                0x68000000                        __ospi0_cs0_zero_nocache$$Limit = .

__ospi0_cs0_noinit$$
                0x68000000        0x0 load address 0x00000080
                0x68000000                        __ospi0_cs0_noinit$$Base = .
 *(.ospi0_cs0_noinit)
                0x68000000                        __ospi0_cs0_noinit$$Limit = .

__ospi0_cs0_zero$$
                0x68000000        0x0 load address 0x00000080
                0x68000000                        __ospi0_cs0_zero$$Base = .
 *(.ospi0_cs0)
                0x68000000                        __ospi0_cs0_zero$$Limit = .

.ospi0_cs0.endof
                0x68000000        0x0
                0x68000000                        __ddsc_OSPI0_CS0_END = .

__ram_from_flash$$
                0x20000000        0x0 load address 0x00000080
                0x20000000                        __ram_from_flash$$Base = .
                0x00000080                        __ram_from_flash$$Load = LOADADDR (__ram_from_flash$$)
 *(.ram_from_flash)
 *(.ram_code_from_flash)
 *(.data*)
 *(vtable)
                0x20000000                        __ram_from_flash$$Limit = .

__ram_noinit_nocache$$
                0x20000000        0x0 load address 0x00000080
                0x20000000                        __ram_noinit_nocache$$Base = .
 *(.ram_noinit_nocache)
                0x20000000                        __ram_noinit_nocache$$Limit = .

__ram_zero_nocache$$
                0x20000000        0x0 load address 0x00000080
                0x20000000                        __ram_zero_nocache$$Base = .
 *(.ram_nocache)
                0x20000000                        . = ALIGN (0x20)
                0x20000000                        __ram_zero_nocache$$Limit = .

__ram_noinit$$  0x20000000      0x41c load address 0x00000080
                0x20000000                        __ram_noinit$$Base = .
 *(.bss.g_heap)
 *(.bss.g_main_stack)
 .bss.g_main_stack
                0x20000000      0x400 ./ra/fsp/src/bsp/cmsis/Device/RENESAS/Source/startup.o
                0x20000000                g_main_stack
 *(.ram_noinit)
 .ram_noinit    0x20000400       0x1c ./ra/fsp/src/bsp/mcu/all/bsp_clocks.o
 *(.noinit)
                0x2000041c                        __ram_noinit$$Limit = .

__ram_zero$$    0x20000420      0x980 load address 0x00000080
                0x20000420                        __ram_zero$$Base = .
 *(.ram)
 *(.bss*)
 .bss.completed.1
                0x20000420        0x1 C:/Renesas/RA/e2studio_v2025-10_fsp_v6.2.0/toolchains/gcc_arm/13.2.rel1/bin/../lib/gcc/arm-none-eabi/13.2.1/thumb/v8-m.main+fp/hard/crtbegin.o
 *fill*         0x20000421        0x3 
 .bss.object.0  0x20000424       0x18 C:/Renesas/RA/e2studio_v2025-10_fsp_v6.2.0/toolchains/gcc_arm/13.2.rel1/bin/../lib/gcc/arm-none-eabi/13.2.1/thumb/v8-m.main+fp/hard/crtbegin.o
 .bss.CAN_thread
                0x2000043c        0x4 ./ra_gen/CAN_thread.o
                0x2000043c                CAN_thread
 .bss.CAN_thread_memory
                0x20000440       0x68 ./ra_gen/CAN_thread.o
 .bss.g_ioport_ctrl
                0x200004a8        0x8 ./ra_gen/common_data.o
                0x200004a8                g_ioport_ctrl
 .bss.i2c_thread
                0x200004b0        0x4 ./ra_gen/i2c_thread.o
                0x200004b0                i2c_thread
 .bss.i2c_thread_memory
                0x200004b4       0x68 ./ra_gen/i2c_thread.o
 .bss.uxTimerTaskStack.3
                0x2000051c      0x200 ./ra_gen/main.o
 .bss.xTimerTaskTCB.2
                0x2000071c       0x68 ./ra_gen/main.o
 .bss.uxIdleTaskStack.1
                0x20000784      0x200 ./ra_gen/main.o
 .bss.xIdleTaskTCB.0
                0x20000984       0x68 ./ra_gen/main.o
 .bss.g_fsp_common_initialized_semaphore_memory
                0x200009ec       0x48 ./ra_gen/main.o
                0x200009ec                g_fsp_common_initialized_semaphore_memory
 .bss.g_fsp_common_initialized_semaphore
                0x20000a34        0x4 ./ra_gen/main.o
                0x20000a34                g_fsp_common_initialized_semaphore
 .bss.g_fsp_common_initialized
                0x20000a38        0x1 ./ra_gen/main.o
                0x20000a38                g_fsp_common_initialized
 *fill*         0x20000a39        0x3 
 .bss.g_fsp_common_thread_count
                0x20000a3c        0x4 ./ra_gen/main.o
                0x20000a3c                g_fsp_common_thread_count
 .bss.uart_thread
                0x20000a40        0x4 ./ra_gen/uart_thread.o
                0x20000a40                uart_thread
 .bss.uart_thread_memory
                0x20000a44       0x68 ./ra_gen/uart_thread.o
 .bss.g_mask_level_before_disable
                0x20000aac        0x4 ./ra/fsp/src/rm_freertos_port/port.o
 .bss.uxCriticalNesting
                0x20000ab0        0x4 ./ra/fsp/src/rm_freertos_port/port.o
 .bss.gp_ctrl   0x20000ab4        0x8 ./ra/fsp/src/r_canfd/r_canfd.o
 .bss.g_bsp_group_irq_sources
                0x20000abc       0x40 ./ra/fsp/src/bsp/mcu/all/bsp_group_irq.o
                0x20000abc                g_bsp_group_irq_sources
 .bss.g_protect_pfswe_counter
                0x20000afc        0x4 ./ra/fsp/src/bsp/mcu/all/bsp_io.o
                0x20000afc                g_protect_pfswe_counter
 .bss.gp_renesas_isr_context
                0x20000b00       0x40 ./ra/fsp/src/bsp/mcu/all/bsp_irq.o
                0x20000b00                gp_renesas_isr_context
 .bss.g_protect_counters
                0x20000b40        0xa ./ra/fsp/src/bsp/mcu/all/bsp_register_protection.o
                0x20000b40                g_protect_counters
 *fill*         0x20000b4a        0x2 
 .bss.SystemCoreClock
                0x20000b4c        0x4 ./ra/fsp/src/bsp/cmsis/Device/RENESAS/Source/system.o
                0x20000b4c                SystemCoreClock
 .bss.xQueueRegistry
                0x20000b50       0x50 ./ra/aws/FreeRTOS/FreeRTOS/Source/queue.o
                0x20000b50                xQueueRegistry
 .bss.uxSchedulerSuspended
                0x20000ba0        0x4 ./ra/aws/FreeRTOS/FreeRTOS/Source/tasks.o
 .bss.xIdleTaskHandles
                0x20000ba4        0x4 ./ra/aws/FreeRTOS/FreeRTOS/Source/tasks.o
 .bss.xNextTaskUnblockTime
                0x20000ba8        0x4 ./ra/aws/FreeRTOS/FreeRTOS/Source/tasks.o
 .bss.uxTaskNumber
                0x20000bac        0x4 ./ra/aws/FreeRTOS/FreeRTOS/Source/tasks.o
 .bss.xNumOfOverflows
                0x20000bb0        0x4 ./ra/aws/FreeRTOS/FreeRTOS/Source/tasks.o
 .bss.xYieldPendings
                0x20000bb4        0x4 ./ra/aws/FreeRTOS/FreeRTOS/Source/tasks.o
 .bss.xPendedTicks
                0x20000bb8        0x4 ./ra/aws/FreeRTOS/FreeRTOS/Source/tasks.o
 .bss.xSchedulerRunning
                0x20000bbc        0x4 ./ra/aws/FreeRTOS/FreeRTOS/Source/tasks.o
 .bss.uxTopReadyPriority
                0x20000bc0        0x4 ./ra/aws/FreeRTOS/FreeRTOS/Source/tasks.o
 .bss.xTickCount
                0x20000bc4        0x4 ./ra/aws/FreeRTOS/FreeRTOS/Source/tasks.o
 .bss.uxCurrentNumberOfTasks
                0x20000bc8        0x4 ./ra/aws/FreeRTOS/FreeRTOS/Source/tasks.o
 .bss.xSuspendedTaskList
                0x20000bcc       0x14 ./ra/aws/FreeRTOS/FreeRTOS/Source/tasks.o
 .bss.uxDeletedTasksWaitingCleanUp
                0x20000be0        0x4 ./ra/aws/FreeRTOS/FreeRTOS/Source/tasks.o
 .bss.xTasksWaitingTermination
                0x20000be4       0x14 ./ra/aws/FreeRTOS/FreeRTOS/Source/tasks.o
 .bss.xPendingReadyList
                0x20000bf8       0x14 ./ra/aws/FreeRTOS/FreeRTOS/Source/tasks.o
 .bss.pxOverflowDelayedTaskList
                0x20000c0c        0x4 ./ra/aws/FreeRTOS/FreeRTOS/Source/tasks.o
 .bss.pxDelayedTaskList
                0x20000c10        0x4 ./ra/aws/FreeRTOS/FreeRTOS/Source/tasks.o
 .bss.xDelayedTaskList2
                0x20000c14       0x14 ./ra/aws/FreeRTOS/FreeRTOS/Source/tasks.o
 .bss.xDelayedTaskList1
                0x20000c28       0x14 ./ra/aws/FreeRTOS/FreeRTOS/Source/tasks.o
 .bss.pxReadyTasksLists
                0x20000c3c       0x64 ./ra/aws/FreeRTOS/FreeRTOS/Source/tasks.o
 .bss.pxCurrentTCB
                0x20000ca0        0x4 ./ra/aws/FreeRTOS/FreeRTOS/Source/tasks.o
                0x20000ca0                pxCurrentTCB
 .bss.xStaticTimerQueue.14
                0x20000ca4       0x48 ./ra/aws/FreeRTOS/FreeRTOS/Source/timers.o
 .bss.ucStaticTimerQueueStorage.15
                0x20000cec       0x78 ./ra/aws/FreeRTOS/FreeRTOS/Source/timers.o
 .bss.xLastTime.17
                0x20000d64        0x4 ./ra/aws/FreeRTOS/FreeRTOS/Source/timers.o
 .bss.xTimerTaskHandle
                0x20000d68        0x4 ./ra/aws/FreeRTOS/FreeRTOS/Source/timers.o
 .bss.xTimerQueue
                0x20000d6c        0x4 ./ra/aws/FreeRTOS/FreeRTOS/Source/timers.o
 .bss.pxOverflowTimerList
                0x20000d70        0x4 ./ra/aws/FreeRTOS/FreeRTOS/Source/timers.o
 .bss.pxCurrentTimerList
                0x20000d74        0x4 ./ra/aws/FreeRTOS/FreeRTOS/Source/timers.o
 .bss.xActiveTimerList2
                0x20000d78       0x14 ./ra/aws/FreeRTOS/FreeRTOS/Source/timers.o
 .bss.xActiveTimerList1
                0x20000d8c       0x14 ./ra/aws/FreeRTOS/FreeRTOS/Source/timers.o
                0x20000da0                        __ram_zero$$Limit = .

__ram_thread_stack$$
                0x20000da0      0xc00 load address 0x00000080
                0x20000da0                        __ram_thread_stack$$Base = .
 *(.stack?*)
 .stack.CAN_thread
                0x20000da0      0x400 ./ra_gen/CAN_thread.o
 .stack.i2c_thread
                0x200011a0      0x400 ./ra_gen/i2c_thread.o
 .stack.uart_thread
                0x200015a0      0x400 ./ra_gen/uart_thread.o
                0x200019a0                        __ram_thread_stack$$Limit = .

.ram.endof      0x20002000        0x0
                0x20002000                        __ddsc_RAM_END = .

.ram.flat_nsc   0x20002000        0x0
                0x20002000                        __ddsc_RAM_NSC = .

__flash_readonly$$
                0x00000080     0x4254
                0x00000080                        __flash_readonly$$Base = .
 *(.flash)
 *(.flash_code)
 *(.text*)
 .text.deregister_tm_clones
                0x00000080       0x1c C:/Renesas/RA/e2studio_v2025-10_fsp_v6.2.0/toolchains/gcc_arm/13.2.rel1/bin/../lib/gcc/arm-none-eabi/13.2.1/thumb/v8-m.main+fp/hard/crtbegin.o
 .text.register_tm_clones
                0x0000009c       0x28 C:/Renesas/RA/e2studio_v2025-10_fsp_v6.2.0/toolchains/gcc_arm/13.2.rel1/bin/../lib/gcc/arm-none-eabi/13.2.1/thumb/v8-m.main+fp/hard/crtbegin.o
 .text.__do_global_dtors_aux
                0x000000c4       0x28 C:/Renesas/RA/e2studio_v2025-10_fsp_v6.2.0/toolchains/gcc_arm/13.2.rel1/bin/../lib/gcc/arm-none-eabi/13.2.1/thumb/v8-m.main+fp/hard/crtbegin.o
 .text.frame_dummy
                0x000000ec       0x24 C:/Renesas/RA/e2studio_v2025-10_fsp_v6.2.0/toolchains/gcc_arm/13.2.rel1/bin/../lib/gcc/arm-none-eabi/13.2.1/thumb/v8-m.main+fp/hard/crtbegin.o
 .text.CAN_thread_entry
                0x00000110        0xc ./src/CAN_thread_entry.o
                0x00000110                CAN_thread_entry
 .text.R_BSP_WarmStart
                0x0000011c       0x18 ./src/hal_warmstart.o
                0x0000011c                R_BSP_WarmStart
 .text.i2c_thread_entry
                0x00000134        0xc ./src/i2c_thread_entry.o
                0x00000134                i2c_thread_entry
 .text.uart_thread_entry
                0x00000140        0xc ./src/uart_thread_entry.o
                0x00000140                uart_thread_entry
 .text.CAN_thread_func
                0x0000014c       0x14 ./ra_gen/CAN_thread.o
 .text.CAN_thread_create
                0x00000160       0x58 ./ra_gen/CAN_thread.o
                0x00000160                CAN_thread_create
 .text.g_common_init
                0x000001b8        0x4 ./ra_gen/common_data.o
                0x000001b8                g_common_init
 .text.g_hal_init
                0x000001bc        0x4 ./ra_gen/hal_data.o
                0x000001bc                g_hal_init
 .text.i2c_thread_func
                0x000001c0       0x14 ./ra_gen/i2c_thread.o
 .text.i2c_thread_create
                0x000001d4       0x58 ./ra_gen/i2c_thread.o
                0x000001d4                i2c_thread_create
 .text.rtos_startup_err_callback_internal
                0x0000022c        0x4 ./ra_gen/main.o
                0x0000022c                rtos_startup_err_callback
                0x0000022c                rtos_startup_err_callback_internal
 .text.rtos_startup_common_init
                0x00000230       0x68 ./ra_gen/main.o
                0x00000230                rtos_startup_common_init
 .text.startup.main
                0x00000298       0x4c ./ra_gen/main.o
                0x00000298                main
 .text.vApplicationGetIdleTaskMemory
                0x000002e4       0x1c ./ra_gen/main.o
                0x000002e4                vApplicationGetIdleTaskMemory
 .text.vApplicationGetTimerTaskMemory
                0x00000300       0x1c ./ra_gen/main.o
                0x00000300                vApplicationGetTimerTaskMemory
 .text.uart_thread_func
                0x0000031c       0x14 ./ra_gen/uart_thread.o
 .text.uart_thread_create
                0x00000330       0x58 ./ra_gen/uart_thread.o
                0x00000330                uart_thread_create
 .text.prvTaskExitError
                0x00000388        0x4 ./ra/fsp/src/rm_freertos_port/port.o
 .text.SVC_Handler
                0x0000038c       0x18 ./ra/fsp/src/rm_freertos_port/port.o
                0x0000038c                SVC_Handler
 .text.PendSV_Handler
                0x000003a4       0x44 ./ra/fsp/src/rm_freertos_port/port.o
                0x000003a4                PendSV_Handler
 .text.rm_freertos_port_restore_task_stackless
                0x000003e8       0x24 ./ra/fsp/src/rm_freertos_port/port.o
                0x000003e8                rm_freertos_port_restore_task_stackless
 .text.SysTick_Handler
                0x0000040c       0x24 ./ra/fsp/src/rm_freertos_port/port.o
                0x0000040c                SysTick_Handler
 .text.vPortSVCHandler_C
                0x00000430       0x34 ./ra/fsp/src/rm_freertos_port/port.o
                0x00000430                vPortSVCHandler_C
 .text.pxPortInitialiseStack
                0x00000464       0x34 ./ra/fsp/src/rm_freertos_port/port.o
                0x00000464                pxPortInitialiseStack
 .text.vPortEnterCritical
                0x00000498       0x50 ./ra/fsp/src/rm_freertos_port/port.o
                0x00000498                vPortEnterCritical
 .text.vPortExitCritical
                0x000004e8       0x3c ./ra/fsp/src/rm_freertos_port/port.o
                0x000004e8                vPortExitCritical
 .text.rm_freertos_port_sleep_preserving_lpm
                0x00000524       0x6c ./ra/fsp/src/rm_freertos_port/port.o
                0x00000524                rm_freertos_port_sleep_preserving_lpm
 .text.vApplicationIdleHook
                0x00000590       0x18 ./ra/fsp/src/rm_freertos_port/port.o
                0x00000590                vApplicationIdleHook
 .text.vPortSetupTimerInterrupt
                0x000005a8       0x44 ./ra/fsp/src/rm_freertos_port/port.o
                0x000005a8                vPortSetupTimerInterrupt
 .text.xPortStartScheduler
                0x000005ec       0x3c ./ra/fsp/src/rm_freertos_port/port.o
                0x000005ec                xPortStartScheduler
 .text.r_sci_uart_call_callback
                0x00000628       0x44 ./ra/fsp/src/r_sci_uart/r_sci_uart.o
 .text.sci_uart_txi_isr
                0x0000066c       0x8c ./ra/fsp/src/r_sci_uart/r_sci_uart.o
                0x0000066c                sci_uart_txi_isr
 .text.sci_uart_rxi_isr
                0x000006f8       0x90 ./ra/fsp/src/r_sci_uart/r_sci_uart.o
                0x000006f8                sci_uart_rxi_isr
 .text.sci_uart_tei_isr
                0x00000788       0x48 ./ra/fsp/src/r_sci_uart/r_sci_uart.o
                0x00000788                sci_uart_tei_isr
 .text.sci_uart_eri_isr
                0x000007d0       0x78 ./ra/fsp/src/r_sci_uart/r_sci_uart.o
                0x000007d0                sci_uart_eri_isr
 .text.rtc_carry_isr
                0x00000848       0x30 ./ra/fsp/src/r_rtc/r_rtc.o
                0x00000848                rtc_carry_isr
 .text.bsp_vbatt_init
                0x00000878       0xe8 ./ra/fsp/src/r_ioport/r_ioport.o
 .text.r_ioport_pins_config
                0x00000960       0xac ./ra/fsp/src/r_ioport/r_ioport.o
 .text.R_IOPORT_Open
                0x00000a0c       0x14 ./ra/fsp/src/r_ioport/r_ioport.o
                0x00000a0c                R_IOPORT_Open
 .text.iic_master_notify
                0x00000a20       0x3c ./ra/fsp/src/r_iic_master/r_iic_master.o
 .text.iic_master_open_hw_master
                0x00000a5c      0x1e0 ./ra/fsp/src/r_iic_master/r_iic_master.o
 .text.iic_master_rxi_isr
                0x00000c3c      0x194 ./ra/fsp/src/r_iic_master/r_iic_master.o
                0x00000c3c                iic_master_rxi_isr
 .text.iic_master_txi_isr
                0x00000dd0      0x120 ./ra/fsp/src/r_iic_master/r_iic_master.o
                0x00000dd0                iic_master_txi_isr
 .text.iic_master_tei_isr
                0x00000ef0       0xe0 ./ra/fsp/src/r_iic_master/r_iic_master.o
                0x00000ef0                iic_master_tei_isr
 .text.iic_master_eri_isr
                0x00000fd0      0x14c ./ra/fsp/src/r_iic_master/r_iic_master.o
                0x00000fd0                iic_master_eri_isr
 .text.r_flash_hp_call_callback
                0x0000111c       0x3c ./ra/fsp/src/r_flash_hp/r_flash_hp.o
 .text.flash_hp_pe_mode_exit
                0x00001158       0x84 ./ra/fsp/src/r_flash_hp/r_flash_hp.o
 .text.flash_hp_write_data.constprop.0
                0x000011dc       0xc8 ./ra/fsp/src/r_flash_hp/r_flash_hp.o
 .text.flash_hp_enter_pe_df_mode
                0x000012a4       0xcc ./ra/fsp/src/r_flash_hp/r_flash_hp.o
 .text.flash_hp_reset
                0x00001370      0x124 ./ra/fsp/src/r_flash_hp/r_flash_hp.o
 .text.fcu_fiferr_isr
                0x00001494       0x70 ./ra/fsp/src/r_flash_hp/r_flash_hp.o
                0x00001494                fcu_fiferr_isr
 .text.fcu_frdyi_isr
                0x00001504       0xa4 ./ra/fsp/src/r_flash_hp/r_flash_hp.o
                0x00001504                fcu_frdyi_isr
 .text.r_canfd_mb_read
                0x000015a8       0x80 ./ra/fsp/src/r_canfd/r_canfd.o
 .text.r_canfd_call_callback
                0x00001628       0x3c ./ra/fsp/src/r_canfd/r_canfd.o
 .text.canfd_error_isr
                0x00001664       0xdc ./ra/fsp/src/r_canfd/r_canfd.o
                0x00001664                canfd_error_isr
 .text.canfd_rx_fifo_isr
                0x00001740       0xb4 ./ra/fsp/src/r_canfd/r_canfd.o
                0x00001740                canfd_rx_fifo_isr
 .text.canfd_channel_tx_isr
                0x000017f4      0x130 ./ra/fsp/src/r_canfd/r_canfd.o
                0x000017f4                canfd_channel_tx_isr
 .text.canfd_common_fifo_rx_isr
                0x00001924       0xd8 ./ra/fsp/src/r_canfd/r_canfd.o
                0x00001924                canfd_common_fifo_rx_isr
 .text.SystemCoreClockUpdate
                0x000019fc       0x28 ./ra/fsp/src/bsp/mcu/all/bsp_clocks.o
                0x000019fc                SystemCoreClockUpdate
 .text.R_BSP_SubClockStabilizeWaitAfterReset
                0x00001a24        0x4 ./ra/fsp/src/bsp/mcu/all/bsp_clocks.o
                0x00001a24                R_BSP_SubClockStabilizeWaitAfterReset
 .text.bsp_clock_init
                0x00001a28      0x1c0 ./ra/fsp/src/bsp/mcu/all/bsp_clocks.o
                0x00001a28                bsp_clock_init
 .text.R_BSP_Init_RTC
                0x00001be8       0x28 ./ra/fsp/src/bsp/mcu/all/bsp_clocks.o
                0x00001be8                R_BSP_Init_RTC
 .text.bsp_init_internal
                0x00001c10        0x4 ./ra/fsp/src/bsp/mcu/all/bsp_common.o
                0x00001c10                bsp_init_internal
                0x00001c10                bsp_init
 .text.__assert_func
                0x00001c14        0x4 ./ra/fsp/src/bsp/mcu/all/bsp_common.o
                0x00001c14                __assert_func
 .text.bsp_prv_software_delay_loop
                0x00001c18        0xc ./ra/fsp/src/bsp/mcu/all/bsp_delay.o
                0x00001c18                bsp_prv_software_delay_loop
 .text.R_BSP_SoftwareDelay
                0x00001c24       0x8c ./ra/fsp/src/bsp/mcu/all/bsp_delay.o
                0x00001c24                R_BSP_SoftwareDelay
 .text.NMI_Handler
                0x00001cb0       0x3c ./ra/fsp/src/bsp/mcu/all/bsp_group_irq.o
                0x00001cb0                NMI_Handler
 .text.bsp_irq_cfg
                0x00001cec       0x98 ./ra/fsp/src/bsp/mcu/all/bsp_irq.o
                0x00001cec                bsp_irq_cfg
 .text.R_BSP_RegisterProtectEnable
                0x00001d84       0x60 ./ra/fsp/src/bsp/mcu/all/bsp_register_protection.o
                0x00001d84                R_BSP_RegisterProtectEnable
 .text.R_BSP_RegisterProtectDisable
                0x00001de4       0x54 ./ra/fsp/src/bsp/mcu/all/bsp_register_protection.o
                0x00001de4                R_BSP_RegisterProtectDisable
 .text.Default_Handler
                0x00001e38        0x4 ./ra/fsp/src/bsp/cmsis/Device/RENESAS/Source/startup.o
                0x00001e38                HardFault_Handler
                0x00001e38                UsageFault_Handler
                0x00001e38                SecureFault_Handler
                0x00001e38                Default_Handler
                0x00001e38                MemManage_Handler
                0x00001e38                BusFault_Handler
                0x00001e38                DebugMon_Handler
 .text.Reset_Handler
                0x00001e3c        0xc ./ra/fsp/src/bsp/cmsis/Device/RENESAS/Source/startup.o
                0x00001e3c                Reset_Handler
 .text.SystemRuntimeInit
                0x00001e48       0x64 ./ra/fsp/src/bsp/cmsis/Device/RENESAS/Source/system.o
 .text.SystemInit
                0x00001eac       0xc0 ./ra/fsp/src/bsp/cmsis/Device/RENESAS/Source/system.o
                0x00001eac                SystemInit
 .text.vListInitialise
                0x00001f6c       0x18 ./ra/aws/FreeRTOS/FreeRTOS/Source/list.o
                0x00001f6c                vListInitialise
 .text.vListInitialiseItem
                0x00001f84        0x8 ./ra/aws/FreeRTOS/FreeRTOS/Source/list.o
                0x00001f84                vListInitialiseItem
 .text.vListInsert
                0x00001f8c       0x30 ./ra/aws/FreeRTOS/FreeRTOS/Source/list.o
                0x00001f8c                vListInsert
 .text.uxListRemove
                0x00001fbc       0x24 ./ra/aws/FreeRTOS/FreeRTOS/Source/list.o
                0x00001fbc                uxListRemove
 .text.prvCopyDataToQueue
                0x00001fe0       0x78 ./ra/aws/FreeRTOS/FreeRTOS/Source/queue.o
 .text.prvUnlockQueue
                0x00002058       0x8c ./ra/aws/FreeRTOS/FreeRTOS/Source/queue.o
 .text.xQueueGenericReset
                0x000020e4       0xbc ./ra/aws/FreeRTOS/FreeRTOS/Source/queue.o
                0x000020e4                xQueueGenericReset
 .text.xQueueGenericCreateStatic
                0x000021a0       0x80 ./ra/aws/FreeRTOS/FreeRTOS/Source/queue.o
                0x000021a0                xQueueGenericCreateStatic
 .text.xQueueCreateCountingSemaphoreStatic
                0x00002220       0x78 ./ra/aws/FreeRTOS/FreeRTOS/Source/queue.o
                0x00002220                xQueueCreateCountingSemaphoreStatic
 .text.xQueueGenericSend
                0x00002298      0x198 ./ra/aws/FreeRTOS/FreeRTOS/Source/queue.o
                0x00002298                xQueueGenericSend
 .text.xQueueReceive
                0x00002430      0x178 ./ra/aws/FreeRTOS/FreeRTOS/Source/queue.o
                0x00002430                xQueueReceive
 .text.xQueueSemaphoreTake
                0x000025a8      0x1a8 ./ra/aws/FreeRTOS/FreeRTOS/Source/queue.o
                0x000025a8                xQueueSemaphoreTake
 .text.vQueueAddToRegistry
                0x00002750       0x64 ./ra/aws/FreeRTOS/FreeRTOS/Source/queue.o
                0x00002750                vQueueAddToRegistry
 .text.vQueueWaitForMessageRestricted
                0x000027b4       0x50 ./ra/aws/FreeRTOS/FreeRTOS/Source/queue.o
                0x000027b4                vQueueWaitForMessageRestricted
 .text.prvAddCurrentTaskToDelayedList
                0x00002804       0xb8 ./ra/aws/FreeRTOS/FreeRTOS/Source/tasks.o
 .text.prvIdleTask
                0x000028bc       0x64 ./ra/aws/FreeRTOS/FreeRTOS/Source/tasks.o
 .text.xTaskIncrementTick.part.0
                0x00002920      0x19c ./ra/aws/FreeRTOS/FreeRTOS/Source/tasks.o
 .text.xTaskCreateStatic
                0x00002abc      0x21c ./ra/aws/FreeRTOS/FreeRTOS/Source/tasks.o
                0x00002abc                xTaskCreateStatic
 .text.vTaskStartScheduler
                0x00002cd8       0x9c ./ra/aws/FreeRTOS/FreeRTOS/Source/tasks.o
                0x00002cd8                vTaskStartScheduler
 .text.vTaskSuspendAll
                0x00002d74       0x10 ./ra/aws/FreeRTOS/FreeRTOS/Source/tasks.o
                0x00002d74                vTaskSuspendAll
 .text.xTaskResumeAll
                0x00002d84      0x1c0 ./ra/aws/FreeRTOS/FreeRTOS/Source/tasks.o
                0x00002d84                xTaskResumeAll
 .text.vTaskDelay
                0x00002f44       0x54 ./ra/aws/FreeRTOS/FreeRTOS/Source/tasks.o
                0x00002f44                vTaskDelay
 .text.xTaskGetTickCount
                0x00002f98        0xc ./ra/aws/FreeRTOS/FreeRTOS/Source/tasks.o
                0x00002f98                xTaskGetTickCount
 .text.xTaskIncrementTick
                0x00002fa4       0x20 ./ra/aws/FreeRTOS/FreeRTOS/Source/tasks.o
                0x00002fa4                xTaskIncrementTick
 .text.vTaskSwitchContext
                0x00002fc4       0x8c ./ra/aws/FreeRTOS/FreeRTOS/Source/tasks.o
                0x00002fc4                vTaskSwitchContext
 .text.vTaskPlaceOnEventList
                0x00003050       0x3c ./ra/aws/FreeRTOS/FreeRTOS/Source/tasks.o
                0x00003050                vTaskPlaceOnEventList
 .text.vTaskPlaceOnEventListRestricted
                0x0000308c       0x64 ./ra/aws/FreeRTOS/FreeRTOS/Source/tasks.o
                0x0000308c                vTaskPlaceOnEventListRestricted
 .text.xTaskRemoveFromEventList
                0x000030f0       0xf4 ./ra/aws/FreeRTOS/FreeRTOS/Source/tasks.o
                0x000030f0                xTaskRemoveFromEventList
 .text.vTaskInternalSetTimeOutState
                0x000031e4       0x18 ./ra/aws/FreeRTOS/FreeRTOS/Source/tasks.o
                0x000031e4                vTaskInternalSetTimeOutState
 .text.xTaskCheckForTimeOut
                0x000031fc       0x90 ./ra/aws/FreeRTOS/FreeRTOS/Source/tasks.o
                0x000031fc                xTaskCheckForTimeOut
 .text.vTaskMissedYield
                0x0000328c        0xc ./ra/aws/FreeRTOS/FreeRTOS/Source/tasks.o
                0x0000328c                vTaskMissedYield
 .text.xTaskGetSchedulerState
                0x00003298       0x20 ./ra/aws/FreeRTOS/FreeRTOS/Source/tasks.o
                0x00003298                xTaskGetSchedulerState
 .text.xTaskPriorityInherit
                0x000032b8       0x9c ./ra/aws/FreeRTOS/FreeRTOS/Source/tasks.o
                0x000032b8                xTaskPriorityInherit
 .text.xTaskPriorityDisinherit
                0x00003354       0xac ./ra/aws/FreeRTOS/FreeRTOS/Source/tasks.o
                0x00003354                xTaskPriorityDisinherit
 .text.vTaskPriorityDisinheritAfterTimeout
                0x00003400       0xc0 ./ra/aws/FreeRTOS/FreeRTOS/Source/tasks.o
                0x00003400                vTaskPriorityDisinheritAfterTimeout
 .text.pvTaskIncrementMutexHeldCount
                0x000034c0       0x14 ./ra/aws/FreeRTOS/FreeRTOS/Source/tasks.o
                0x000034c0                pvTaskIncrementMutexHeldCount
 .text.prvCheckForValidListAndQueue
                0x000034d4       0x6c ./ra/aws/FreeRTOS/FreeRTOS/Source/timers.o
 .text.prvProcessExpiredTimer
                0x00003540       0x90 ./ra/aws/FreeRTOS/FreeRTOS/Source/timers.o
 .text.prvTimerTask
                0x000035d0      0x24c ./ra/aws/FreeRTOS/FreeRTOS/Source/timers.o
 .text.xTimerCreateTimerTask
                0x0000381c       0x6c ./ra/aws/FreeRTOS/FreeRTOS/Source/timers.o
                0x0000381c                xTimerCreateTimerTask
 .text.memset   0x00003888       0x10 C:/Renesas/RA/e2studio_v2025-10_fsp_v6.2.0/toolchains/gcc_arm/13.2.rel1/bin/../lib/gcc/arm-none-eabi/13.2.1/thumb/v8-m.main+fp/hard\libg_nano.a(libc_a-memset.o)
                0x00003888                memset
 .text.memcpy   0x00003898       0x1a C:/Renesas/RA/e2studio_v2025-10_fsp_v6.2.0/toolchains/gcc_arm/13.2.rel1/bin/../lib/gcc/arm-none-eabi/13.2.1/thumb/v8-m.main+fp/hard\libg_nano.a(libc_a-memcpy-stub.o)
                0x00003898                memcpy
 *(.rodata*)
 *fill*         0x000038b2        0x2 
 .rodata.CAN_thread_create.str1.4
                0x000038b4      0x5d4 ./ra_gen/CAN_thread.o
                                  0xb (size before relaxing)
 .rodata.CAN_thread_parameters
                0x00003e88        0x4 ./ra_gen/CAN_thread.o
                0x00003e88                CAN_thread_parameters
 .rodata.i2c_thread_create.str1.4
                0x00003e8c        0xb ./ra_gen/i2c_thread.o
 .rodata.i2c_thread_parameters
                0x00003e8c        0x4 ./ra_gen/i2c_thread.o
                0x00003e8c                i2c_thread_parameters
 .rodata.g_bsp_pin_cfg
                0x00003e90        0xc ./ra_gen/pin_data.o
                0x00003e90                g_bsp_pin_cfg
 .rodata.g_bsp_pin_cfg_data
                0x00003e9c       0x88 ./ra_gen/pin_data.o
                0x00003e9c                g_bsp_pin_cfg_data
 .rodata.uart_thread_create.str1.4
                0x00003f24        0xc ./ra_gen/uart_thread.o
 .rodata.uart_thread_parameters
                0x00003f24        0x4 ./ra_gen/uart_thread.o
                0x00003f24                uart_thread_parameters
 .rodata.g_interrupt_event_link_select
                0x00003f28       0x20 ./ra_gen/vector_data.o
                0x00003f28                g_interrupt_event_link_select
 .rodata.vPortSVCHandler_C.str1.4
                0x00003f48       0x3a ./ra/fsp/src/rm_freertos_port/port.o
 .rodata.vPortEnterCritical.str1.4
                0x00003f48       0x46 ./ra/fsp/src/rm_freertos_port/port.o
 .rodata.vPortExitCritical.str1.4
                0x00003f48       0x12 ./ra/fsp/src/rm_freertos_port/port.o
 .rodata.__func__.1
                0x00003f48       0x12 ./ra/fsp/src/rm_freertos_port/port.o
 *fill*         0x00003f5a        0x2 
 .rodata.__func__.2
                0x00003f5c       0x13 ./ra/fsp/src/rm_freertos_port/port.o
 *fill*         0x00003f6f        0x1 
 .rodata.__func__.3
                0x00003f70       0x12 ./ra/fsp/src/rm_freertos_port/port.o
 *fill*         0x00003f82        0x2 
 .rodata.g_vbatt_pins_input
                0x00003f84        0x6 ./ra/fsp/src/r_ioport/r_ioport.o
 *fill*         0x00003f8a        0x2 
 .rodata.dlc_to_bytes
                0x00003f8c       0x10 ./ra/fsp/src/r_canfd/r_canfd.o
 .rodata.g_init_info
                0x00003f9c       0x18 ./ra/fsp/src/bsp/mcu/ra6m5/bsp_linker.o
                0x00003f9c                g_init_info
 .rodata.nocache_list
                0x00003fb4       0x10 ./ra/fsp/src/bsp/mcu/ra6m5/bsp_linker.o
 .rodata.copy_list
                0x00003fc4       0x80 ./ra/fsp/src/bsp/mcu/ra6m5/bsp_linker.o
 .rodata.zero_list
                0x00004044       0x30 ./ra/fsp/src/bsp/mcu/ra6m5/bsp_linker.o
 .rodata.g_prcr_masks
                0x00004074        0xa ./ra/fsp/src/bsp/mcu/all/bsp_register_protection.o
 .rodata.vQueueUnregisterQueue.part.0.str1.4
                0x0000407e       0x33 ./ra/aws/FreeRTOS/FreeRTOS/Source/queue.o
 .rodata.xQueueGenericReset.str1.4
                0x0000407e       0x2c ./ra/aws/FreeRTOS/FreeRTOS/Source/queue.o
 .rodata.xQueueGenericCreateStatic.str1.4
                0x0000407e       0x37 ./ra/aws/FreeRTOS/FreeRTOS/Source/queue.o
 .rodata.xQueueCreateCountingSemaphoreStatic.str1.4
                0x0000407e        0x8 ./ra/aws/FreeRTOS/FreeRTOS/Source/queue.o
 .rodata.xQueueGenericSend.str1.4
                0x0000407e       0xfb ./ra/aws/FreeRTOS/FreeRTOS/Source/queue.o
 .rodata.xQueueGiveFromISR.str1.4
                0x0000407e       0x7d ./ra/aws/FreeRTOS/FreeRTOS/Source/queue.o
 .rodata.xQueueReceive.str1.4
                0x0000407e       0x66 ./ra/aws/FreeRTOS/FreeRTOS/Source/queue.o
 *fill*         0x0000407e        0x2 
 .rodata.__func__.2
                0x00004080       0x14 ./ra/aws/FreeRTOS/FreeRTOS/Source/queue.o
 .rodata.__func__.12
                0x00004094       0x14 ./ra/aws/FreeRTOS/FreeRTOS/Source/queue.o
 .rodata.__func__.13
                0x000040a8        0xe ./ra/aws/FreeRTOS/FreeRTOS/Source/queue.o
 *fill*         0x000040b6        0x2 
 .rodata.__func__.16
                0x000040b8       0x12 ./ra/aws/FreeRTOS/FreeRTOS/Source/queue.o
 *fill*         0x000040ca        0x2 
 .rodata.__func__.17
                0x000040cc       0x24 ./ra/aws/FreeRTOS/FreeRTOS/Source/queue.o
 .rodata.__func__.21
                0x000040f0       0x1a ./ra/aws/FreeRTOS/FreeRTOS/Source/queue.o
 *fill*         0x0000410a        0x2 
 .rodata.__func__.22
                0x0000410c       0x13 ./ra/aws/FreeRTOS/FreeRTOS/Source/queue.o
 .rodata.prvTaskIsTaskSuspended.part.0.str1.4
                0x0000411f       0x33 ./ra/aws/FreeRTOS/FreeRTOS/Source/tasks.o
 .rodata.xTaskIncrementTick.part.0.str1.4
                0x0000411f       0x76 ./ra/aws/FreeRTOS/FreeRTOS/Source/tasks.o
 .rodata.xTaskCreateStatic.str1.4
                0x0000411f       0x69 ./ra/aws/FreeRTOS/FreeRTOS/Source/tasks.o
 .rodata.vTaskStartScheduler.str1.4
                0x0000411f       0x12 ./ra/aws/FreeRTOS/FreeRTOS/Source/tasks.o
 .rodata.xTaskResumeAll.str1.4
                0x0000411f       0x1b ./ra/aws/FreeRTOS/FreeRTOS/Source/tasks.o
 .rodata.xTaskDelayUntil.str1.4
                0x0000411f       0x47 ./ra/aws/FreeRTOS/FreeRTOS/Source/tasks.o
 .rodata.vTaskSwitchContext.str1.4
                0x0000411f        0xe ./ra/aws/FreeRTOS/FreeRTOS/Source/tasks.o
 .rodata.vTaskPlaceOnEventList.str1.4
                0x0000411f        0xc ./ra/aws/FreeRTOS/FreeRTOS/Source/tasks.o
 .rodata.xTaskRemoveFromEventList.str1.4
                0x0000411f        0xf ./ra/aws/FreeRTOS/FreeRTOS/Source/tasks.o
 .rodata.vTaskSetTimeOutState.str1.4
                0x0000411f        0xa ./ra/aws/FreeRTOS/FreeRTOS/Source/tasks.o
 .rodata.xTaskCheckForTimeOut.str1.4
                0x0000411f        0xe ./ra/aws/FreeRTOS/FreeRTOS/Source/tasks.o
 .rodata.xTaskPriorityDisinherit.str1.4
                0x0000411f       0x2d ./ra/aws/FreeRTOS/FreeRTOS/Source/tasks.o
 .rodata.vTaskPriorityDisinheritAfterTimeout.str1.4
                0x0000411f       0x16 ./ra/aws/FreeRTOS/FreeRTOS/Source/tasks.o
 *fill*         0x0000411f        0x1 
 .rodata.__func__.7
                0x00004120       0x24 ./ra/aws/FreeRTOS/FreeRTOS/Source/tasks.o
 .rodata.__func__.8
                0x00004144       0x18 ./ra/aws/FreeRTOS/FreeRTOS/Source/tasks.o
 .rodata.__func__.10
                0x0000415c       0x15 ./ra/aws/FreeRTOS/FreeRTOS/Source/tasks.o
 *fill*         0x00004171        0x3 
 .rodata.__func__.13
                0x00004174       0x19 ./ra/aws/FreeRTOS/FreeRTOS/Source/tasks.o
 *fill*         0x0000418d        0x3 
 .rodata.__func__.14
                0x00004190       0x20 ./ra/aws/FreeRTOS/FreeRTOS/Source/tasks.o
 .rodata.__func__.16
                0x000041b0       0x16 ./ra/aws/FreeRTOS/FreeRTOS/Source/tasks.o
 *fill*         0x000041c6        0x2 
 .rodata.__func__.17
                0x000041c8       0x13 ./ra/aws/FreeRTOS/FreeRTOS/Source/tasks.o
 *fill*         0x000041db        0x1 
 .rodata.__func__.18
                0x000041dc       0x13 ./ra/aws/FreeRTOS/FreeRTOS/Source/tasks.o
 *fill*         0x000041ef        0x1 
 .rodata.__func__.22
                0x000041f0        0xf ./ra/aws/FreeRTOS/FreeRTOS/Source/tasks.o
 *fill*         0x000041ff        0x1 
 .rodata.__func__.23
                0x00004200       0x14 ./ra/aws/FreeRTOS/FreeRTOS/Source/tasks.o
 .rodata.__func__.29
                0x00004214        0xb ./ra/aws/FreeRTOS/FreeRTOS/Source/tasks.o
 *fill*         0x0000421f        0x1 
 .rodata.__func__.32
                0x00004220       0x15 ./ra/aws/FreeRTOS/FreeRTOS/Source/tasks.o
 *fill*         0x00004235        0x3 
 .rodata.__func__.33
                0x00004238       0x14 ./ra/aws/FreeRTOS/FreeRTOS/Source/tasks.o
 .rodata.uxTopUsedPriority
                0x0000424c        0x4 ./ra/aws/FreeRTOS/FreeRTOS/Source/tasks.o
 .rodata.prvCheckForValidListAndQueue.str1.4
                0x00004250        0x5 ./ra/aws/FreeRTOS/FreeRTOS/Source/timers.o
 .rodata.xTimerGetReloadMode.part.0.str1.4
                0x00004250       0x34 ./ra/aws/FreeRTOS/FreeRTOS/Source/timers.o
 .rodata.prvTimerTask.str1.4
                0x00004250       0x25 ./ra/aws/FreeRTOS/FreeRTOS/Source/timers.o
 .rodata.xTimerCreateTimerTask.str1.4
                0x00004250       0x10 ./ra/aws/FreeRTOS/FreeRTOS/Source/timers.o
 .rodata.__func__.16
                0x00004250       0x1b ./ra/aws/FreeRTOS/FreeRTOS/Source/timers.o
 *fill*         0x0000426b        0x1 
 .rodata.__func__.18
                0x0000426c       0x16 ./ra/aws/FreeRTOS/FreeRTOS/Source/timers.o
 *(.mcuboot_sce9_key)
 *(.version)
 *fill*         0x00004282        0x2 
 .version       0x00004284       0x50 ./ra/fsp/src/bsp/mcu/all/bsp_common.o
                0x000042d4                        __flash_readonly$$Limit = .

.glue_7         0x000042d4        0x0
 .glue_7        0x000042d4        0x0 linker stubs

.glue_7t        0x000042d4        0x0
 .glue_7t       0x000042d4        0x0 linker stubs

.vfp11_veneer   0x000042d4        0x0
 .vfp11_veneer  0x000042d4        0x0 linker stubs

.v4_bx          0x000042d4        0x0
 .v4_bx         0x000042d4        0x0 linker stubs

.init           0x000042d4        0x4
 .init          0x000042d4        0x4 C:/Renesas/RA/e2studio_v2025-10_fsp_v6.2.0/toolchains/gcc_arm/13.2.rel1/bin/../lib/gcc/arm-none-eabi/13.2.1/thumb/v8-m.main+fp/hard/crti.o
                0x000042d4                _init

.fini           0x000042d8        0x4
 .fini          0x000042d8        0x4 C:/Renesas/RA/e2studio_v2025-10_fsp_v6.2.0/toolchains/gcc_arm/13.2.rel1/bin/../lib/gcc/arm-none-eabi/13.2.1/thumb/v8-m.main+fp/hard/crti.o
                0x000042d8                _fini

.iplt           0x000042dc        0x0
 .iplt          0x000042dc        0x0 C:/Renesas/RA/e2studio_v2025-10_fsp_v6.2.0/toolchains/gcc_arm/13.2.rel1/bin/../lib/gcc/arm-none-eabi/13.2.1/thumb/v8-m.main+fp/hard/crtbegin.o

__flash_ctor$$
 *crtbegin.o(.ctors)
 *crtbegin?.o(.ctors)
 EXCLUDE_FILE(*crtend.o *crtend?.o) *(.ctors)
 *(SORT_BY_NAME(.ctors.*))
 *(.ctors)
 *crtbegin.o(.dtors)
 *crtbegin?.o(.dtors)
 EXCLUDE_FILE(*crtend.o *crtend?.o) *(.dtors)
 *(SORT_BY_NAME(.dtors.*))
 *(.dtors)

__flash_preinit_array$$
                0x000042dc        0x0
                0x000042dc                        __preinit_array_start = .
 *(.preinit_array)
                0x000042dc                        __preinit_array_end = .

__flash_.got$$
 *(.got.plt)
 *(.got)

__flash_init_array$$
                0x000042dc        0x4
                0x000042dc                        __init_array_start = .
 *(SORT_BY_NAME(.init_array.*))
 *(.init_array)
 .init_array    0x000042dc        0x4 C:/Renesas/RA/e2studio_v2025-10_fsp_v6.2.0/toolchains/gcc_arm/13.2.rel1/bin/../lib/gcc/arm-none-eabi/13.2.1/thumb/v8-m.main+fp/hard/crtbegin.o
                0x000042e0                        __init_array_end = .

__flash_fini_array$$
                0x000042e0        0x4
                0x000042e0                        __fini_array_start = .
 *(SORT_BY_NAME(.fini_array.*))
 *(.fini_array)
 .fini_array    0x000042e0        0x4 C:/Renesas/RA/e2studio_v2025-10_fsp_v6.2.0/toolchains/gcc_arm/13.2.rel1/bin/../lib/gcc/arm-none-eabi/13.2.1/thumb/v8-m.main+fp/hard/crtbegin.o
                0x000042e4                        __fini_array_end = .

__flash_arm.extab$$
 *(.ARM.extab*)
 *(.gnu.linkonce.armextab.*)

__flash_arm.exidx$$
                0x000042e4        0x0
                0x000042e4                        __exidx_start = .
 *(.ARM.exidx*)
 *(.gnu.linkonce.armexidx.*)
                0x000042e4                        __exidx_end = .

.flash.endof    0x00008000        0x0
                0x00008000                        __ddsc_FLASH_END = .

.flash.flat_nsc
                0x00008000        0x0
                0x00008000                        __ddsc_FLASH_NSC = .

.option_setting_ofs0.startof
                0x0100a100        0x0
                0x0100a100                        __ddsc_OPTION_SETTING_OFS0_START = .

__option_setting_ofs0_reg$$
                0x0100a100        0x4
                0x0100a100                        __option_setting_ofs0_reg$$Base = .
 *(.option_setting_ofs0)
 .option_setting_ofs0
                0x0100a100        0x4 ./ra/fsp/src/bsp/mcu/ra6m5/bsp_linker.o
                0x0100a104                        __option_setting_ofs0_reg$$Limit = .

.option_setting_ofs0.endof
                0x0100a104        0x0
                0x0100a104                        __ddsc_OPTION_SETTING_OFS0_END = .

.option_setting_dualsel.startof
                0x0100a110        0x0
                0x0100a110                        __ddsc_OPTION_SETTING_DUALSEL_START = .

__option_setting_dualsel_reg$$
                0x0100a110        0x0
                0x0100a110                        __option_setting_dualsel_reg$$Base = .
 *(.option_setting_dualsel)
                0x0100a110                        __option_setting_dualsel_reg$$Limit = .

.option_setting_dualsel.endof
                0x0100a110        0x0
                0x0100a110                        __ddsc_OPTION_SETTING_DUALSEL_END = .

.option_setting_ofs1.startof
                0x0100a180        0x0
                0x0100a180                        __ddsc_OPTION_SETTING_OFS1_START = .

__option_setting_ofs1_reg$$
                0x0100a180        0x0
                0x0100a180                        __option_setting_ofs1_reg$$Base = .
 *(.option_setting_ofs1)
                0x0100a180                        __option_setting_ofs1_reg$$Limit = .

.option_setting_ofs1.endof
                0x0100a180        0x0
                0x0100a180                        __ddsc_OPTION_SETTING_OFS1_END = .

.option_setting_banksel.startof
                0x0100a190        0x0
                0x0100a190                        __ddsc_OPTION_SETTING_BANKSEL_START = .

__option_setting_banksel_reg$$
                0x0100a190        0x0
                0x0100a190                        __option_setting_banksel_reg$$Base = .
 *(.option_setting_banksel)
                0x0100a190                        __option_setting_banksel_reg$$Limit = .

.option_setting_banksel.endof
                0x0100a190        0x0
                0x0100a190                        __ddsc_OPTION_SETTING_BANKSEL_END = .

.option_setting_bps.startof
                0x0100a1c0        0x0
                0x0100a1c0                        __ddsc_OPTION_SETTING_BPS_START = .

__option_setting_bps_reg$$
                0x0100a1c0        0x0
                0x0100a1c0                        __option_setting_bps_reg$$Base = .
 *(.option_setting_bps)
                0x0100a1c0                        __option_setting_bps_reg$$Limit = .

.option_setting_bps.endof
                0x0100a1c0        0x0
                0x0100a1c0                        __ddsc_OPTION_SETTING_BPS_END = .

.option_setting_pbps.startof
                0x0100a1e0        0x0
                0x0100a1e0                        __ddsc_OPTION_SETTING_PBPS_START = .

__option_setting_pbps_reg$$
                0x0100a1e0        0x0
                0x0100a1e0                        __option_setting_pbps_reg$$Base = .
 *(.option_setting_pbps)
                0x0100a1e0                        __option_setting_pbps_reg$$Limit = .

.option_setting_pbps.endof
                0x0100a1e0        0x0
                0x0100a1e0                        __ddsc_OPTION_SETTING_PBPS_END = .

.option_setting_ofs1_sec.startof
                0x0100a200        0x0
                0x0100a200                        __ddsc_OPTION_SETTING_OFS1_SEC_START = .

__option_setting_ofs1_sec_reg$$
                0x0100a200        0x4
                0x0100a200                        __option_setting_ofs1_sec_reg$$Base = .
 *(.option_setting_ofs1_sec)
 .option_setting_ofs1_sec
                0x0100a200        0x4 ./ra/fsp/src/bsp/mcu/ra6m5/bsp_linker.o
                0x0100a204                        __option_setting_ofs1_sec_reg$$Limit = .

.option_setting_ofs1_sec.endof
                0x0100a204        0x0
                0x0100a204                        __ddsc_OPTION_SETTING_OFS1_SEC_END = .

.option_setting_banksel_sec.startof
                0x0100a210        0x0
                0x0100a210                        __ddsc_OPTION_SETTING_BANKSEL_SEC_START = .

__option_setting_banksel_sec_reg$$
                0x0100a210        0x0
                0x0100a210                        __option_setting_banksel_sec_reg$$Base = .
 *(.option_setting_banksel_sec)
                0x0100a210                        __option_setting_banksel_sec_reg$$Limit = .

.option_setting_banksel_sec.endof
                0x0100a210        0x0
                0x0100a210                        __ddsc_OPTION_SETTING_BANKSEL_SEC_END = .

.option_setting_bps_sec.startof
                0x0100a240        0x0
                0x0100a240                        __ddsc_OPTION_SETTING_BPS_SEC_START = .

__option_setting_bps_sec_reg$$
                0x0100a240        0x0
                0x0100a240                        __option_setting_bps_sec_reg$$Base = .
 *(.option_setting_bps_sec)
                0x0100a240                        __option_setting_bps_sec_reg$$Limit = .

.option_setting_bps_sec.endof
                0x0100a240        0x0
                0x0100a240                        __ddsc_OPTION_SETTING_BPS_SEC_END = .

.option_setting_pbps_sec.startof
                0x0100a260        0x0
                0x0100a260                        __ddsc_OPTION_SETTING_PBPS_SEC_START = .

__option_setting_pbps_sec_reg$$
                0x0100a260        0x0
                0x0100a260                        __option_setting_pbps_sec_reg$$Base = .
 *(.option_setting_pbps_sec)
                0x0100a260                        __option_setting_pbps_sec_reg$$Limit = .

.option_setting_pbps_sec.endof
                0x0100a260        0x0
                0x0100a260                        __ddsc_OPTION_SETTING_PBPS_SEC_END = .

.option_setting_ofs1_sel.startof
                0x0100a280        0x0
                0x0100a280                        __ddsc_OPTION_SETTING_OFS1_SEL_START = .

__option_setting_ofs1_sel_reg$$
                0x0100a280        0x4
                0x0100a280                        __option_setting_ofs1_sel_reg$$Base = .
 *(.option_setting_ofs1_sel)
 .option_setting_ofs1_sel
                0x0100a280        0x4 ./ra/fsp/src/bsp/mcu/ra6m5/bsp_linker.o
                0x0100a284                        __option_setting_ofs1_sel_reg$$Limit = .

.eh_frame       0x0100a284        0x0
 .eh_frame      0x0100a284        0x0 C:/Renesas/RA/e2studio_v2025-10_fsp_v6.2.0/toolchains/gcc_arm/13.2.rel1/bin/../lib/gcc/arm-none-eabi/13.2.1/thumb/v8-m.main+fp/hard/crtbegin.o

.rel.dyn        0x0100a284        0x0
 .rel.iplt      0x0100a284        0x0 C:/Renesas/RA/e2studio_v2025-10_fsp_v6.2.0/toolchains/gcc_arm/13.2.rel1/bin/../lib/gcc/arm-none-eabi/13.2.1/thumb/v8-m.main+fp/hard/crtbegin.o

.tm_clone_table
                0x0100a284        0x0
 .tm_clone_table
                0x0100a284        0x0 C:/Renesas/RA/e2studio_v2025-10_fsp_v6.2.0/toolchains/gcc_arm/13.2.rel1/bin/../lib/gcc/arm-none-eabi/13.2.1/thumb/v8-m.main+fp/hard/crtbegin.o
 .tm_clone_table
                0x0100a284        0x0 C:/Renesas/RA/e2studio_v2025-10_fsp_v6.2.0/toolchains/gcc_arm/13.2.rel1/bin/../lib/gcc/arm-none-eabi/13.2.1/thumb/v8-m.main+fp/hard/crtend.o

.igot.plt       0x000042e4        0x0
 .igot.plt      0x000042e4        0x0 C:/Renesas/RA/e2studio_v2025-10_fsp_v6.2.0/toolchains/gcc_arm/13.2.rel1/bin/../lib/gcc/arm-none-eabi/13.2.1/thumb/v8-m.main+fp/hard/crtbegin.o

.option_setting_ofs1_sel.endof
                0x0100a284        0x0
                0x0100a284                        __ddsc_OPTION_SETTING_OFS1_SEL_END = .

.option_setting_banksel_sel.startof
                0x0100a290        0x0
                0x0100a290                        __ddsc_OPTION_SETTING_BANKSEL_SEL_START = .

__option_setting_banksel_sel_reg$$
                0x0100a290        0x0
                0x0100a290                        __option_setting_banksel_sel_reg$$Base = .
 *(.option_setting_banksel_sel)
                0x0100a290                        __option_setting_banksel_sel_reg$$Limit = .

.option_setting_banksel_sel.endof
                0x0100a290        0x0
                0x0100a290                        __ddsc_OPTION_SETTING_BANKSEL_SEL_END = .

.option_setting_bps_sel.startof
                0x0100a2c0        0x0
                0x0100a2c0                        __ddsc_OPTION_SETTING_BPS_SEL_START = .

__option_setting_bps_sel_reg$$
                0x0100a2c0        0x0
                0x0100a2c0                        __option_setting_bps_sel_reg$$Base = .
 *(.option_setting_bps_sel)
                0x0100a2c0                        __option_setting_bps_sel_reg$$Limit = .

.option_setting_bps_sel.endof
                0x0100a2c0        0x0
                0x0100a2c0                        __ddsc_OPTION_SETTING_BPS_SEL_END = .
OUTPUT(Modularm_BSP.elf elf32-littlearm)
LOAD linker stubs

.ARM.attributes
                0x00000000       0x36
 .ARM.attributes
                0x00000000       0x26 C:/Renesas/RA/e2studio_v2025-10_fsp_v6.2.0/toolchains/gcc_arm/13.2.rel1/bin/../lib/gcc/arm-none-eabi/13.2.1/thumb/v8-m.main+fp/hard/crti.o
 .ARM.attributes
                0x00000026       0x38 C:/Renesas/RA/e2studio_v2025-10_fsp_v6.2.0/toolchains/gcc_arm/13.2.rel1/bin/../lib/gcc/arm-none-eabi/13.2.1/thumb/v8-m.main+fp/hard/crtbegin.o
 .ARM.attributes
                0x0000005e       0x3a ./src/CAN_thread_entry.o
 .ARM.attributes
                0x00000098       0x3a ./src/hal_warmstart.o
 .ARM.attributes
                0x000000d2       0x3a ./src/i2c_thread_entry.o
 .ARM.attributes
                0x0000010c       0x3a ./src/uart_thread_entry.o
 .ARM.attributes
                0x00000146       0x3a ./ra_gen/CAN_thread.o
 .ARM.attributes
                0x00000180       0x3a ./ra_gen/common_data.o
 .ARM.attributes
                0x000001ba       0x3a ./ra_gen/hal_data.o
 .ARM.attributes
                0x000001f4       0x3a ./ra_gen/i2c_thread.o
 .ARM.attributes
                0x0000022e       0x3a ./ra_gen/main.o
 .ARM.attributes
                0x00000268       0x3a ./ra_gen/pin_data.o
 .ARM.attributes
                0x000002a2       0x3a ./ra_gen/uart_thread.o
 .ARM.attributes
                0x000002dc       0x3a ./ra_gen/vector_data.o
 .ARM.attributes
                0x00000316       0x3a ./ra/fsp/src/rm_freertos_port/port.o
 .ARM.attributes
                0x00000350       0x3a ./ra/fsp/src/r_sci_uart/r_sci_uart.o
 .ARM.attributes
                0x0000038a       0x3a ./ra/fsp/src/r_rtc/r_rtc.o
 .ARM.attributes
                0x000003c4       0x3a ./ra/fsp/src/r_ioport/r_ioport.o
 .ARM.attributes
                0x000003fe       0x3a ./ra/fsp/src/r_iic_master/r_iic_master.o
 .ARM.attributes
                0x00000438       0x3a ./ra/fsp/src/r_flash_hp/r_flash_hp.o
 .ARM.attributes
                0x00000472       0x3a ./ra/fsp/src/r_canfd/r_canfd.o
 .ARM.attributes
                0x000004ac       0x3a ./ra/fsp/src/bsp/mcu/ra6m5/bsp_linker.o
 .ARM.attributes
                0x000004e6       0x3a ./ra/fsp/src/bsp/mcu/all/bsp_clocks.o
 .ARM.attributes
                0x00000520       0x3a ./ra/fsp/src/bsp/mcu/all/bsp_common.o
 .ARM.attributes
                0x0000055a       0x3a ./ra/fsp/src/bsp/mcu/all/bsp_delay.o
 .ARM.attributes
                0x00000594       0x3a ./ra/fsp/src/bsp/mcu/all/bsp_group_irq.o
 .ARM.attributes
                0x000005ce       0x3a ./ra/fsp/src/bsp/mcu/all/bsp_io.o
 .ARM.attributes
                0x00000608       0x3a ./ra/fsp/src/bsp/mcu/all/bsp_irq.o
 .ARM.attributes
                0x00000642       0x3a ./ra/fsp/src/bsp/mcu/all/bsp_register_protection.o
 .ARM.attributes
                0x0000067c       0x3a ./ra/fsp/src/bsp/cmsis/Device/RENESAS/Source/startup.o
 .ARM.attributes
                0x000006b6       0x3a ./ra/fsp/src/bsp/cmsis/Device/RENESAS/Source/system.o
 .ARM.attributes
                0x000006f0       0x3a ./ra/aws/FreeRTOS/FreeRTOS/Source/list.o
 .ARM.attributes
                0x0000072a       0x3a ./ra/aws/FreeRTOS/FreeRTOS/Source/queue.o
 .ARM.attributes
                0x00000764       0x3a ./ra/aws/FreeRTOS/FreeRTOS/Source/tasks.o
 .ARM.attributes
                0x0000079e       0x3a ./ra/aws/FreeRTOS/FreeRTOS/Source/timers.o
 .ARM.attributes
                0x000007d8       0x38 C:/Renesas/RA/e2studio_v2025-10_fsp_v6.2.0/toolchains/gcc_arm/13.2.rel1/bin/../lib/gcc/arm-none-eabi/13.2.1/thumb/v8-m.main+fp/hard\libg_nano.a(libc_a-memset.o)
 .ARM.attributes
                0x00000810       0x38 C:/Renesas/RA/e2studio_v2025-10_fsp_v6.2.0/toolchains/gcc_arm/13.2.rel1/bin/../lib/gcc/arm-none-eabi/13.2.1/thumb/v8-m.main+fp/hard\libg_nano.a(libc_a-memcpy-stub.o)
 .ARM.attributes
                0x00000848       0x38 C:/Renesas/RA/e2studio_v2025-10_fsp_v6.2.0/toolchains/gcc_arm/13.2.rel1/bin/../lib/gcc/arm-none-eabi/13.2.1/thumb/v8-m.main+fp/hard/crtend.o

.comment        0x00000000       0x44
 .comment       0x00000000       0x44 ./src/CAN_thread_entry.o
                                 0x45 (size before relaxing)
 .comment       0x00000044       0x45 ./src/hal_warmstart.o
 .comment       0x00000044       0x45 ./src/i2c_thread_entry.o
 .comment       0x00000044       0x45 ./src/uart_thread_entry.o
 .comment       0x00000044       0x45 ./ra_gen/CAN_thread.o
 .comment       0x00000044       0x45 ./ra_gen/common_data.o
 .comment       0x00000044       0x45 ./ra_gen/hal_data.o
 .comment       0x00000044       0x45 ./ra_gen/i2c_thread.o
 .comment       0x00000044       0x45 ./ra_gen/main.o
 .comment       0x00000044       0x45 ./ra_gen/pin_data.o
 .comment       0x00000044       0x45 ./ra_gen/uart_thread.o
 .comment       0x00000044       0x45 ./ra_gen/vector_data.o
 .comment       0x00000044       0x45 ./ra/fsp/src/rm_freertos_port/port.o
 .comment       0x00000044       0x45 ./ra/fsp/src/r_sci_uart/r_sci_uart.o
 .comment       0x00000044       0x45 ./ra/fsp/src/r_rtc/r_rtc.o
 .comment       0x00000044       0x45 ./ra/fsp/src/r_ioport/r_ioport.o
 .comment       0x00000044       0x45 ./ra/fsp/src/r_iic_master/r_iic_master.o
 .comment       0x00000044       0x45 ./ra/fsp/src/r_flash_hp/r_flash_hp.o
 .comment       0x00000044       0x45 ./ra/fsp/src/r_canfd/r_canfd.o
 .comment       0x00000044       0x45 ./ra/fsp/src/bsp/mcu/ra6m5/bsp_linker.o
 .comment       0x00000044       0x45 ./ra/fsp/src/bsp/mcu/all/bsp_clocks.o
 .comment       0x00000044       0x45 ./ra/fsp/src/bsp/mcu/all/bsp_common.o
 .comment       0x00000044       0x45 ./ra/fsp/src/bsp/mcu/all/bsp_delay.o
 .comment       0x00000044       0x45 ./ra/fsp/src/bsp/mcu/all/bsp_group_irq.o
 .comment       0x00000044       0x45 ./ra/fsp/src/bsp/mcu/all/bsp_io.o
 .comment       0x00000044       0x45 ./ra/fsp/src/bsp/mcu/all/bsp_irq.o
 .comment       0x00000044       0x45 ./ra/fsp/src/bsp/mcu/all/bsp_register_protection.o
 .comment       0x00000044       0x45 ./ra/fsp/src/bsp/cmsis/Device/RENESAS/Source/startup.o
 .comment       0x00000044       0x45 ./ra/fsp/src/bsp/cmsis/Device/RENESAS/Source/system.o
 .comment       0x00000044       0x45 ./ra/aws/FreeRTOS/FreeRTOS/Source/list.o
 .comment       0x00000044       0x45 ./ra/aws/FreeRTOS/FreeRTOS/Source/queue.o
 .comment       0x00000044       0x45 ./ra/aws/FreeRTOS/FreeRTOS/Source/tasks.o
 .comment       0x00000044       0x45 ./ra/aws/FreeRTOS/FreeRTOS/Source/timers.o

.debug_info     0x00000000    0x5d7d5
 .debug_info    0x00000000       0xfd ./src/CAN_thread_entry.o
 .debug_info    0x000000fd      0xff6 ./src/hal_warmstart.o
 .debug_info    0x000010f3       0xfd ./src/i2c_thread_entry.o
 .debug_info    0x000011f0       0xfd ./src/uart_thread_entry.o
 .debug_info    0x000012ed     0x4ecf ./ra_gen/CAN_thread.o
 .debug_info    0x000061bc     0x1582 ./ra_gen/common_data.o
 .debug_info    0x0000773e     0x2033 ./ra_gen/hal_data.o
 .debug_info    0x00009771     0x25f4 ./ra_gen/i2c_thread.o
 .debug_info    0x0000bd65      0x66a ./ra_gen/main.o
 .debug_info    0x0000c3cf      0xa31 ./ra_gen/pin_data.o
 .debug_info    0x0000ce00     0x3a5f ./ra_gen/uart_thread.o
 .debug_info    0x0001085f      0x8fc ./ra_gen/vector_data.o
 .debug_info    0x0001115b     0x4972 ./ra/fsp/src/rm_freertos_port/port.o
 .debug_info    0x00015acd     0xa17b ./ra/fsp/src/r_sci_uart/r_sci_uart.o
 .debug_info    0x0001fc48     0x46a7 ./ra/fsp/src/r_rtc/r_rtc.o
 .debug_info    0x000242ef     0x7704 ./ra/fsp/src/r_ioport/r_ioport.o
 .debug_info    0x0002b9f3     0x85e9 ./ra/fsp/src/r_iic_master/r_iic_master.o
 .debug_info    0x00033fdc     0x802e ./ra/fsp/src/r_flash_hp/r_flash_hp.o
 .debug_info    0x0003c00a     0x83c0 ./ra/fsp/src/r_canfd/r_canfd.o
 .debug_info    0x000443ca      0x4e6 ./ra/fsp/src/bsp/mcu/ra6m5/bsp_linker.o
 .debug_info    0x000448b0     0x658d ./ra/fsp/src/bsp/mcu/all/bsp_clocks.o
 .debug_info    0x0004ae3d      0x966 ./ra/fsp/src/bsp/mcu/all/bsp_common.o
 .debug_info    0x0004b7a3      0x204 ./ra/fsp/src/bsp/mcu/all/bsp_delay.o
 .debug_info    0x0004b9a7     0x135a ./ra/fsp/src/bsp/mcu/all/bsp_group_irq.o
 .debug_info    0x0004cd01       0xb2 ./ra/fsp/src/bsp/mcu/all/bsp_io.o
 .debug_info    0x0004cdb3     0x2019 ./ra/fsp/src/bsp/mcu/all/bsp_irq.o
 .debug_info    0x0004edcc     0x3912 ./ra/fsp/src/bsp/mcu/all/bsp_register_protection.o
 .debug_info    0x000526de      0x187 ./ra/fsp/src/bsp/cmsis/Device/RENESAS/Source/startup.o
 .debug_info    0x00052865     0x120f ./ra/fsp/src/bsp/cmsis/Device/RENESAS/Source/system.o
 .debug_info    0x00053a74      0x2c1 ./ra/aws/FreeRTOS/FreeRTOS/Source/list.o
 .debug_info    0x00053d35     0x3601 ./ra/aws/FreeRTOS/FreeRTOS/Source/queue.o
 .debug_info    0x00057336     0x42cb ./ra/aws/FreeRTOS/FreeRTOS/Source/tasks.o
 .debug_info    0x0005b601     0x21d4 ./ra/aws/FreeRTOS/FreeRTOS/Source/timers.o

.debug_abbrev   0x00000000     0x5ef6
 .debug_abbrev  0x00000000       0xa2 ./src/CAN_thread_entry.o
 .debug_abbrev  0x000000a2      0x158 ./src/hal_warmstart.o
 .debug_abbrev  0x000001fa       0xa2 ./src/i2c_thread_entry.o
 .debug_abbrev  0x0000029c       0xa2 ./src/uart_thread_entry.o
 .debug_abbrev  0x0000033e      0x349 ./ra_gen/CAN_thread.o
 .debug_abbrev  0x00000687      0x1bd ./ra_gen/common_data.o
 .debug_abbrev  0x00000844      0x1f3 ./ra_gen/hal_data.o
 .debug_abbrev  0x00000a37      0x34c ./ra_gen/i2c_thread.o
 .debug_abbrev  0x00000d83      0x1ed ./ra_gen/main.o
 .debug_abbrev  0x00000f70       0xff ./ra_gen/pin_data.o
 .debug_abbrev  0x0000106f      0x341 ./ra_gen/uart_thread.o
 .debug_abbrev  0x000013b0       0xbe ./ra_gen/vector_data.o
 .debug_abbrev  0x0000146e      0x426 ./ra/fsp/src/rm_freertos_port/port.o
 .debug_abbrev  0x00001894      0x622 ./ra/fsp/src/r_sci_uart/r_sci_uart.o
 .debug_abbrev  0x00001eb6      0x618 ./ra/fsp/src/r_rtc/r_rtc.o
 .debug_abbrev  0x000024ce      0x49c ./ra/fsp/src/r_ioport/r_ioport.o
 .debug_abbrev  0x0000296a      0x602 ./ra/fsp/src/r_iic_master/r_iic_master.o
 .debug_abbrev  0x00002f6c      0x5f2 ./ra/fsp/src/r_flash_hp/r_flash_hp.o
 .debug_abbrev  0x0000355e      0x604 ./ra/fsp/src/r_canfd/r_canfd.o
 .debug_abbrev  0x00003b62       0xe3 ./ra/fsp/src/bsp/mcu/ra6m5/bsp_linker.o
 .debug_abbrev  0x00003c45      0x433 ./ra/fsp/src/bsp/mcu/all/bsp_clocks.o
 .debug_abbrev  0x00004078      0x188 ./ra/fsp/src/bsp/mcu/all/bsp_common.o
 .debug_abbrev  0x00004200      0x10d ./ra/fsp/src/bsp/mcu/all/bsp_delay.o
 .debug_abbrev  0x0000430d      0x256 ./ra/fsp/src/bsp/mcu/all/bsp_group_irq.o
 .debug_abbrev  0x00004563       0x5e ./ra/fsp/src/bsp/mcu/all/bsp_io.o
 .debug_abbrev  0x000045c1      0x287 ./ra/fsp/src/bsp/mcu/all/bsp_irq.o
 .debug_abbrev  0x00004848      0x27d ./ra/fsp/src/bsp/mcu/all/bsp_register_protection.o
 .debug_abbrev  0x00004ac5      0x102 ./ra/fsp/src/bsp/cmsis/Device/RENESAS/Source/startup.o
 .debug_abbrev  0x00004bc7      0x378 ./ra/fsp/src/bsp/cmsis/Device/RENESAS/Source/system.o
 .debug_abbrev  0x00004f3f      0x103 ./ra/aws/FreeRTOS/FreeRTOS/Source/list.o
 .debug_abbrev  0x00005042      0x4d4 ./ra/aws/FreeRTOS/FreeRTOS/Source/queue.o
 .debug_abbrev  0x00005516      0x53c ./ra/aws/FreeRTOS/FreeRTOS/Source/tasks.o
 .debug_abbrev  0x00005a52      0x4a4 ./ra/aws/FreeRTOS/FreeRTOS/Source/timers.o

.debug_loclists
                0x00000000     0xb9a4
 .debug_loclists
                0x00000000       0x29 ./src/CAN_thread_entry.o
 .debug_loclists
                0x00000029       0x29 ./src/hal_warmstart.o
 .debug_loclists
                0x00000052       0x29 ./src/i2c_thread_entry.o
 .debug_loclists
                0x0000007b       0x29 ./src/uart_thread_entry.o
 .debug_loclists
                0x000000a4       0x37 ./ra_gen/CAN_thread.o
 .debug_loclists
                0x000000db       0x37 ./ra_gen/i2c_thread.o
 .debug_loclists
                0x00000112       0x20 ./ra_gen/main.o
 .debug_loclists
                0x00000132       0x37 ./ra_gen/uart_thread.o
 .debug_loclists
                0x00000169      0x2d9 ./ra/fsp/src/rm_freertos_port/port.o
 .debug_loclists
                0x00000442      0xe41 ./ra/fsp/src/r_sci_uart/r_sci_uart.o
 .debug_loclists
                0x00001283      0xc65 ./ra/fsp/src/r_rtc/r_rtc.o
 .debug_loclists
                0x00001ee8      0x7c8 ./ra/fsp/src/r_ioport/r_ioport.o
 .debug_loclists
                0x000026b0      0xca4 ./ra/fsp/src/r_iic_master/r_iic_master.o
 .debug_loclists
                0x00003354     0x14a1 ./ra/fsp/src/r_flash_hp/r_flash_hp.o
 .debug_loclists
                0x000047f5     0x13f1 ./ra/fsp/src/r_canfd/r_canfd.o
 .debug_loclists
                0x00005be6      0x442 ./ra/fsp/src/bsp/mcu/all/bsp_clocks.o
 .debug_loclists
                0x00006028       0x20 ./ra/fsp/src/bsp/mcu/all/bsp_common.o
 .debug_loclists
                0x00006048      0x199 ./ra/fsp/src/bsp/mcu/all/bsp_delay.o
 .debug_loclists
                0x000061e1       0x73 ./ra/fsp/src/bsp/mcu/all/bsp_group_irq.o
 .debug_loclists
                0x00006254       0x99 ./ra/fsp/src/bsp/mcu/all/bsp_irq.o
 .debug_loclists
                0x000062ed       0xa7 ./ra/fsp/src/bsp/mcu/all/bsp_register_protection.o
 .debug_loclists
                0x00006394       0x9d ./ra/fsp/src/bsp/cmsis/Device/RENESAS/Source/system.o
 .debug_loclists
                0x00006431       0x6e ./ra/aws/FreeRTOS/FreeRTOS/Source/list.o
 .debug_loclists
                0x0000649f     0x1ef6 ./ra/aws/FreeRTOS/FreeRTOS/Source/queue.o
 .debug_loclists
                0x00008395     0x2631 ./ra/aws/FreeRTOS/FreeRTOS/Source/tasks.o
 .debug_loclists
                0x0000a9c6      0xfde ./ra/aws/FreeRTOS/FreeRTOS/Source/timers.o

.debug_aranges  0x00000000      0xba0
 .debug_aranges
                0x00000000       0x20 ./src/CAN_thread_entry.o
 .debug_aranges
                0x00000020       0x20 ./src/hal_warmstart.o
 .debug_aranges
                0x00000040       0x20 ./src/i2c_thread_entry.o
 .debug_aranges
                0x00000060       0x20 ./src/uart_thread_entry.o
 .debug_aranges
                0x00000080       0x28 ./ra_gen/CAN_thread.o
 .debug_aranges
                0x000000a8       0x20 ./ra_gen/common_data.o
 .debug_aranges
                0x000000c8       0x20 ./ra_gen/hal_data.o
 .debug_aranges
                0x000000e8       0x28 ./ra_gen/i2c_thread.o
 .debug_aranges
                0x00000110       0x40 ./ra_gen/main.o
 .debug_aranges
                0x00000150       0x18 ./ra_gen/pin_data.o
 .debug_aranges
                0x00000168       0x28 ./ra_gen/uart_thread.o
 .debug_aranges
                0x00000190       0x18 ./ra_gen/vector_data.o
 .debug_aranges
                0x000001a8       0x90 ./ra/fsp/src/rm_freertos_port/port.o
 .debug_aranges
                0x00000238       0xa0 ./ra/fsp/src/r_sci_uart/r_sci_uart.o
 .debug_aranges
                0x000002d8       0xa0 ./ra/fsp/src/r_rtc/r_rtc.o
 .debug_aranges
                0x00000378       0x90 ./ra/fsp/src/r_ioport/r_ioport.o
 .debug_aranges
                0x00000408       0x90 ./ra/fsp/src/r_iic_master/r_iic_master.o
 .debug_aranges
                0x00000498       0xf0 ./ra/fsp/src/r_flash_hp/r_flash_hp.o
 .debug_aranges
                0x00000588       0x88 ./ra/fsp/src/r_canfd/r_canfd.o
 .debug_aranges
                0x00000610       0x18 ./ra/fsp/src/bsp/mcu/ra6m5/bsp_linker.o
 .debug_aranges
                0x00000628       0x70 ./ra/fsp/src/bsp/mcu/all/bsp_clocks.o
 .debug_aranges
                0x00000698       0x30 ./ra/fsp/src/bsp/mcu/all/bsp_common.o
 .debug_aranges
                0x000006c8       0x28 ./ra/fsp/src/bsp/mcu/all/bsp_delay.o
 .debug_aranges
                0x000006f0       0x28 ./ra/fsp/src/bsp/mcu/all/bsp_group_irq.o
 .debug_aranges
                0x00000718       0x18 ./ra/fsp/src/bsp/mcu/all/bsp_io.o
 .debug_aranges
                0x00000730       0x20 ./ra/fsp/src/bsp/mcu/all/bsp_irq.o
 .debug_aranges
                0x00000750       0x28 ./ra/fsp/src/bsp/mcu/all/bsp_register_protection.o
 .debug_aranges
                0x00000778       0x28 ./ra/fsp/src/bsp/cmsis/Device/RENESAS/Source/startup.o
 .debug_aranges
                0x000007a0       0x30 ./ra/fsp/src/bsp/cmsis/Device/RENESAS/Source/system.o
 .debug_aranges
                0x000007d0       0x40 ./ra/aws/FreeRTOS/FreeRTOS/Source/list.o
 .debug_aranges
                0x00000810      0x108 ./ra/aws/FreeRTOS/FreeRTOS/Source/queue.o
 .debug_aranges
                0x00000918      0x1d0 ./ra/aws/FreeRTOS/FreeRTOS/Source/tasks.o
 .debug_aranges
                0x00000ae8       0xb8 ./ra/aws/FreeRTOS/FreeRTOS/Source/timers.o

.debug_rnglists
                0x00000000     0x1b23
 .debug_rnglists
                0x00000000       0x13 ./src/CAN_thread_entry.o
 .debug_rnglists
                0x00000013       0x13 ./src/hal_warmstart.o
 .debug_rnglists
                0x00000026       0x13 ./src/i2c_thread_entry.o
 .debug_rnglists
                0x00000039       0x13 ./src/uart_thread_entry.o
 .debug_rnglists
                0x0000004c       0x19 ./ra_gen/CAN_thread.o
 .debug_rnglists
                0x00000065       0x13 ./ra_gen/common_data.o
 .debug_rnglists
                0x00000078       0x13 ./ra_gen/hal_data.o
 .debug_rnglists
                0x0000008b       0x19 ./ra_gen/i2c_thread.o
 .debug_rnglists
                0x000000a4       0x2b ./ra_gen/main.o
 .debug_rnglists
                0x000000cf       0x19 ./ra_gen/uart_thread.o
 .debug_rnglists
                0x000000e8      0x115 ./ra/fsp/src/rm_freertos_port/port.o
 .debug_rnglists
                0x000001fd      0x26c ./ra/fsp/src/r_sci_uart/r_sci_uart.o
 .debug_rnglists
                0x00000469      0x1a7 ./ra/fsp/src/r_rtc/r_rtc.o
 .debug_rnglists
                0x00000610       0xbc ./ra/fsp/src/r_ioport/r_ioport.o
 .debug_rnglists
                0x000006cc      0x2f9 ./ra/fsp/src/r_iic_master/r_iic_master.o
 .debug_rnglists
                0x000009c5      0x2d8 ./ra/fsp/src/r_flash_hp/r_flash_hp.o
 .debug_rnglists
                0x00000c9d      0x2e8 ./ra/fsp/src/r_canfd/r_canfd.o
 .debug_rnglists
                0x00000f85      0x11a ./ra/fsp/src/bsp/mcu/all/bsp_clocks.o
 .debug_rnglists
                0x0000109f       0x1f ./ra/fsp/src/bsp/mcu/all/bsp_common.o
 .debug_rnglists
                0x000010be       0x35 ./ra/fsp/src/bsp/mcu/all/bsp_delay.o
 .debug_rnglists
                0x000010f3       0x37 ./ra/fsp/src/bsp/mcu/all/bsp_group_irq.o
 .debug_rnglists
                0x0000112a       0x41 ./ra/fsp/src/bsp/mcu/all/bsp_irq.o
 .debug_rnglists
                0x0000116b       0x31 ./ra/fsp/src/bsp/mcu/all/bsp_register_protection.o
 .debug_rnglists
                0x0000119c       0x19 ./ra/fsp/src/bsp/cmsis/Device/RENESAS/Source/startup.o
 .debug_rnglists
                0x000011b5       0x3b ./ra/fsp/src/bsp/cmsis/Device/RENESAS/Source/system.o
 .debug_rnglists
                0x000011f0       0x2b ./ra/aws/FreeRTOS/FreeRTOS/Source/list.o
 .debug_rnglists
                0x0000121b      0x2d5 ./ra/aws/FreeRTOS/FreeRTOS/Source/queue.o
 .debug_rnglists
                0x000014f0      0x4ae ./ra/aws/FreeRTOS/FreeRTOS/Source/tasks.o
 .debug_rnglists
                0x0000199e      0x185 ./ra/aws/FreeRTOS/FreeRTOS/Source/timers.o

.debug_line     0x00000000    0x14ddd
 .debug_line    0x00000000      0x204 ./src/CAN_thread_entry.o
 .debug_line    0x00000204      0x30c ./src/hal_warmstart.o
 .debug_line    0x00000510      0x204 ./src/i2c_thread_entry.o
 .debug_line    0x00000714      0x205 ./src/uart_thread_entry.o
 .debug_line    0x00000919      0x419 ./ra_gen/CAN_thread.o
 .debug_line    0x00000d32      0x3ac ./ra_gen/common_data.o
 .debug_line    0x000010de      0x310 ./ra_gen/hal_data.o
 .debug_line    0x000013ee      0x485 ./ra_gen/i2c_thread.o
 .debug_line    0x00001873      0x369 ./ra_gen/main.o
 .debug_line    0x00001bdc      0x21b ./ra_gen/pin_data.o
 .debug_line    0x00001df7      0x43f ./ra_gen/uart_thread.o
 .debug_line    0x00002236      0x13b ./ra_gen/vector_data.o
 .debug_line    0x00002371      0xaab ./ra/fsp/src/rm_freertos_port/port.o
 .debug_line    0x00002e1c     0x1948 ./ra/fsp/src/r_sci_uart/r_sci_uart.o
 .debug_line    0x00004764     0x177a ./ra/fsp/src/r_rtc/r_rtc.o
 .debug_line    0x00005ede      0xb27 ./ra/fsp/src/r_ioport/r_ioport.o
 .debug_line    0x00006a05     0x1a18 ./ra/fsp/src/r_iic_master/r_iic_master.o
 .debug_line    0x0000841d     0x1b83 ./ra/fsp/src/r_flash_hp/r_flash_hp.o
 .debug_line    0x00009fa0     0x1ce2 ./ra/fsp/src/r_canfd/r_canfd.o
 .debug_line    0x0000bc82      0x149 ./ra/fsp/src/bsp/mcu/ra6m5/bsp_linker.o
 .debug_line    0x0000bdcb      0xc03 ./ra/fsp/src/bsp/mcu/all/bsp_clocks.o
 .debug_line    0x0000c9ce      0x2a7 ./ra/fsp/src/bsp/mcu/all/bsp_common.o
 .debug_line    0x0000cc75      0x2e3 ./ra/fsp/src/bsp/mcu/all/bsp_delay.o
 .debug_line    0x0000cf58      0x313 ./ra/fsp/src/bsp/mcu/all/bsp_group_irq.o
 .debug_line    0x0000d26b      0x181 ./ra/fsp/src/bsp/mcu/all/bsp_io.o
 .debug_line    0x0000d3ec      0x536 ./ra/fsp/src/bsp/mcu/all/bsp_irq.o
 .debug_line    0x0000d922      0x3cb ./ra/fsp/src/bsp/mcu/all/bsp_register_protection.o
 .debug_line    0x0000dced      0x1ed ./ra/fsp/src/bsp/cmsis/Device/RENESAS/Source/startup.o
 .debug_line    0x0000deda      0x6b8 ./ra/fsp/src/bsp/cmsis/Device/RENESAS/Source/system.o
 .debug_line    0x0000e592      0x3d2 ./ra/aws/FreeRTOS/FreeRTOS/Source/list.o
 .debug_line    0x0000e964     0x2161 ./ra/aws/FreeRTOS/FreeRTOS/Source/queue.o
 .debug_line    0x00010ac5     0x3448 ./ra/aws/FreeRTOS/FreeRTOS/Source/tasks.o
 .debug_line    0x00013f0d      0xed0 ./ra/aws/FreeRTOS/FreeRTOS/Source/timers.o

.debug_str      0x00000000    0x1397f
 .debug_str     0x00000000    0x1397f ./src/CAN_thread_entry.o
                                0x226 (size before relaxing)
 .debug_str     0x0001397f     0x320c ./src/hal_warmstart.o
 .debug_str     0x0001397f      0x226 ./src/i2c_thread_entry.o
 .debug_str     0x0001397f      0x228 ./src/uart_thread_entry.o
 .debug_str     0x0001397f     0x3e86 ./ra_gen/CAN_thread.o
 .debug_str     0x0001397f     0x3754 ./ra_gen/common_data.o
 .debug_str     0x0001397f     0x35d0 ./ra_gen/hal_data.o
 .debug_str     0x0001397f     0x31ac ./ra_gen/i2c_thread.o
 .debug_str     0x0001397f      0x614 ./ra_gen/main.o
 .debug_str     0x0001397f     0x1db4 ./ra_gen/pin_data.o
 .debug_str     0x0001397f     0x4ac8 ./ra_gen/uart_thread.o
 .debug_str     0x0001397f     0x1ebd ./ra_gen/vector_data.o
 .debug_str     0x0001397f     0x204d ./ra/fsp/src/rm_freertos_port/port.o
 .debug_str     0x0001397f     0x6e73 ./ra/fsp/src/r_sci_uart/r_sci_uart.o
 .debug_str     0x0001397f     0x35a7 ./ra/fsp/src/r_rtc/r_rtc.o
 .debug_str     0x0001397f     0x5d41 ./ra/fsp/src/r_ioport/r_ioport.o
 .debug_str     0x0001397f     0x4fde ./ra/fsp/src/r_iic_master/r_iic_master.o
 .debug_str     0x0001397f     0x4c5f ./ra/fsp/src/r_flash_hp/r_flash_hp.o
 .debug_str     0x0001397f     0x520c ./ra/fsp/src/r_canfd/r_canfd.o
 .debug_str     0x0001397f      0x8b9 ./ra/fsp/src/bsp/mcu/ra6m5/bsp_linker.o
 .debug_str     0x0001397f     0x2d78 ./ra/fsp/src/bsp/mcu/all/bsp_clocks.o
 .debug_str     0x0001397f     0x1cc6 ./ra/fsp/src/bsp/mcu/all/bsp_common.o
 .debug_str     0x0001397f      0x32e ./ra/fsp/src/bsp/mcu/all/bsp_delay.o
 .debug_str     0x0001397f     0x222d ./ra/fsp/src/bsp/mcu/all/bsp_group_irq.o
 .debug_str     0x0001397f      0x20d ./ra/fsp/src/bsp/mcu/all/bsp_io.o
 .debug_str     0x0001397f     0x2817 ./ra/fsp/src/bsp/mcu/all/bsp_irq.o
 .debug_str     0x0001397f     0x1b86 ./ra/fsp/src/bsp/mcu/all/bsp_register_protection.o
 .debug_str     0x0001397f      0x27c ./ra/fsp/src/bsp/cmsis/Device/RENESAS/Source/startup.o
 .debug_str     0x0001397f      0xade ./ra/fsp/src/bsp/cmsis/Device/RENESAS/Source/system.o
 .debug_str     0x0001397f      0x33b ./ra/aws/FreeRTOS/FreeRTOS/Source/list.o
 .debug_str     0x0001397f      0xdd9 ./ra/aws/FreeRTOS/FreeRTOS/Source/queue.o
 .debug_str     0x0001397f     0x1425 ./ra/aws/FreeRTOS/FreeRTOS/Source/tasks.o
 .debug_str     0x0001397f      0xce1 ./ra/aws/FreeRTOS/FreeRTOS/Source/timers.o

.debug_frame    0x00000000     0x1fa0
 .debug_frame   0x00000000       0x28 ./src/CAN_thread_entry.o
 .debug_frame   0x00000028       0x20 ./src/hal_warmstart.o
 .debug_frame   0x00000048       0x28 ./src/i2c_thread_entry.o
 .debug_frame   0x00000070       0x28 ./src/uart_thread_entry.o
 .debug_frame   0x00000098       0x58 ./ra_gen/CAN_thread.o
 .debug_frame   0x000000f0       0x20 ./ra_gen/common_data.o
 .debug_frame   0x00000110       0x20 ./ra_gen/hal_data.o
 .debug_frame   0x00000130       0x58 ./ra_gen/i2c_thread.o
 .debug_frame   0x00000188       0x90 ./ra_gen/main.o
 .debug_frame   0x00000218       0x58 ./ra_gen/uart_thread.o
 .debug_frame   0x00000270      0x160 ./ra/fsp/src/rm_freertos_port/port.o
 .debug_frame   0x000003d0      0x1e8 ./ra/fsp/src/r_sci_uart/r_sci_uart.o
 .debug_frame   0x000005b8      0x1ac ./ra/fsp/src/r_rtc/r_rtc.o
 .debug_frame   0x00000764      0x17c ./ra/fsp/src/r_ioport/r_ioport.o
 .debug_frame   0x000008e0      0x19c ./ra/fsp/src/r_iic_master/r_iic_master.o
 .debug_frame   0x00000a7c      0x310 ./ra/fsp/src/r_flash_hp/r_flash_hp.o
 .debug_frame   0x00000d8c      0x1e0 ./ra/fsp/src/r_canfd/r_canfd.o
 .debug_frame   0x00000f6c      0x108 ./ra/fsp/src/bsp/mcu/all/bsp_clocks.o
 .debug_frame   0x00001074       0x40 ./ra/fsp/src/bsp/mcu/all/bsp_common.o
 .debug_frame   0x000010b4       0x4c ./ra/fsp/src/bsp/mcu/all/bsp_delay.o
 .debug_frame   0x00001100       0x3c ./ra/fsp/src/bsp/mcu/all/bsp_group_irq.o
 .debug_frame   0x0000113c       0x34 ./ra/fsp/src/bsp/mcu/all/bsp_irq.o
 .debug_frame   0x00001170       0x48 ./ra/fsp/src/bsp/mcu/all/bsp_register_protection.o
 .debug_frame   0x000011b8       0x38 ./ra/fsp/src/bsp/cmsis/Device/RENESAS/Source/startup.o
 .debug_frame   0x000011f0       0x64 ./ra/fsp/src/bsp/cmsis/Device/RENESAS/Source/system.o
 .debug_frame   0x00001254       0x70 ./ra/aws/FreeRTOS/FreeRTOS/Source/list.o
 .debug_frame   0x000012c4      0x3a8 ./ra/aws/FreeRTOS/FreeRTOS/Source/queue.o
 .debug_frame   0x0000166c      0x648 ./ra/aws/FreeRTOS/FreeRTOS/Source/tasks.o
 .debug_frame   0x00001cb4      0x2a4 ./ra/aws/FreeRTOS/FreeRTOS/Source/timers.o
 .debug_frame   0x00001f58       0x20 C:/Renesas/RA/e2studio_v2025-10_fsp_v6.2.0/toolchains/gcc_arm/13.2.rel1/bin/../lib/gcc/arm-none-eabi/13.2.1/thumb/v8-m.main+fp/hard\libg_nano.a(libc_a-memset.o)
 .debug_frame   0x00001f78       0x28 C:/Renesas/RA/e2studio_v2025-10_fsp_v6.2.0/toolchains/gcc_arm/13.2.rel1/bin/../lib/gcc/arm-none-eabi/13.2.1/thumb/v8-m.main+fp/hard\libg_nano.a(libc_a-memcpy-stub.o)
