Archive member included to satisfy reference by file (symbol)

C:/Renesas/RA/e2studio_v2025-10_fsp_v6.2.0/toolchains/gcc_arm/13.2.rel1/bin/../lib/gcc/arm-none-eabi/13.2.1/thumb/v8-m.main+fp/hard\libgcc.a(_aeabi_ldivmod.o)
                              ./ra/fsp/src/r_sci_uart/r_sci_uart.o (__aeabi_ldivmod)
C:/Renesas/RA/e2studio_v2025-10_fsp_v6.2.0/toolchains/gcc_arm/13.2.rel1/bin/../lib/gcc/arm-none-eabi/13.2.1/thumb/v8-m.main+fp/hard\libgcc.a(_udivmoddi4.o)
                              C:/Renesas/RA/e2studio_v2025-10_fsp_v6.2.0/toolchains/gcc_arm/13.2.rel1/bin/../lib/gcc/arm-none-eabi/13.2.1/thumb/v8-m.main+fp/hard\libgcc.a(_aeabi_ldivmod.o) (__udivmoddi4)
C:/Renesas/RA/e2studio_v2025-10_fsp_v6.2.0/toolchains/gcc_arm/13.2.rel1/bin/../lib/gcc/arm-none-eabi/13.2.1/thumb/v8-m.main+fp/hard\libgcc.a(_dvmd_tls.o)
                              C:/Renesas/RA/e2studio_v2025-10_fsp_v6.2.0/toolchains/gcc_arm/13.2.rel1/bin/../lib/gcc/arm-none-eabi/13.2.1/thumb/v8-m.main+fp/hard\libgcc.a(_aeabi_ldivmod.o) (__aeabi_ldiv0)
C:/Renesas/RA/e2studio_v2025-10_fsp_v6.2.0/toolchains/gcc_arm/13.2.rel1/bin/../lib/gcc/arm-none-eabi/13.2.1/thumb/v8-m.main+fp/hard\libg_nano.a(libc_a-exit.o)
                              C:/Renesas/RA/e2studio_v2025-10_fsp_v6.2.0/toolchains/gcc_arm/13.2.rel1/bin/../lib/gcc/arm-none-eabi/13.2.1/thumb/v8-m.main+fp/hard/crt0.o (exit)
C:/Renesas/RA/e2studio_v2025-10_fsp_v6.2.0/toolchains/gcc_arm/13.2.rel1/bin/../lib/gcc/arm-none-eabi/13.2.1/thumb/v8-m.main+fp/hard\libg_nano.a(libc_a-findfp.o)
                              C:/Renesas/RA/e2studio_v2025-10_fsp_v6.2.0/toolchains/gcc_arm/13.2.rel1/bin/../lib/gcc/arm-none-eabi/13.2.1/thumb/v8-m.main+fp/hard\libg_nano.a(libc_a-exit.o) (__stdio_exit_handler)
C:/Renesas/RA/e2studio_v2025-10_fsp_v6.2.0/toolchains/gcc_arm/13.2.rel1/bin/../lib/gcc/arm-none-eabi/13.2.1/thumb/v8-m.main+fp/hard\libg_nano.a(libc_a-fwalk.o)
                              C:/Renesas/RA/e2studio_v2025-10_fsp_v6.2.0/toolchains/gcc_arm/13.2.rel1/bin/../lib/gcc/arm-none-eabi/13.2.1/thumb/v8-m.main+fp/hard\libg_nano.a(libc_a-findfp.o) (_fwalk_sglue)
C:/Renesas/RA/e2studio_v2025-10_fsp_v6.2.0/toolchains/gcc_arm/13.2.rel1/bin/../lib/gcc/arm-none-eabi/13.2.1/thumb/v8-m.main+fp/hard\libg_nano.a(libc_a-stdio.o)
                              C:/Renesas/RA/e2studio_v2025-10_fsp_v6.2.0/toolchains/gcc_arm/13.2.rel1/bin/../lib/gcc/arm-none-eabi/13.2.1/thumb/v8-m.main+fp/hard\libg_nano.a(libc_a-findfp.o) (__sread)
C:/Renesas/RA/e2studio_v2025-10_fsp_v6.2.0/toolchains/gcc_arm/13.2.rel1/bin/../lib/gcc/arm-none-eabi/13.2.1/thumb/v8-m.main+fp/hard\libg_nano.a(libc_a-memset.o)
                              C:/Renesas/RA/e2studio_v2025-10_fsp_v6.2.0/toolchains/gcc_arm/13.2.rel1/bin/../lib/gcc/arm-none-eabi/13.2.1/thumb/v8-m.main+fp/hard/crt0.o (memset)
C:/Renesas/RA/e2studio_v2025-10_fsp_v6.2.0/toolchains/gcc_arm/13.2.rel1/bin/../lib/gcc/arm-none-eabi/13.2.1/thumb/v8-m.main+fp/hard\libg_nano.a(libc_a-closer.o)
                              C:/Renesas/RA/e2studio_v2025-10_fsp_v6.2.0/toolchains/gcc_arm/13.2.rel1/bin/../lib/gcc/arm-none-eabi/13.2.1/thumb/v8-m.main+fp/hard\libg_nano.a(libc_a-stdio.o) (_close_r)
C:/Renesas/RA/e2studio_v2025-10_fsp_v6.2.0/toolchains/gcc_arm/13.2.rel1/bin/../lib/gcc/arm-none-eabi/13.2.1/thumb/v8-m.main+fp/hard\libg_nano.a(libc_a-reent.o)
                              C:/Renesas/RA/e2studio_v2025-10_fsp_v6.2.0/toolchains/gcc_arm/13.2.rel1/bin/../lib/gcc/arm-none-eabi/13.2.1/thumb/v8-m.main+fp/hard\libg_nano.a(libc_a-closer.o) (errno)
C:/Renesas/RA/e2studio_v2025-10_fsp_v6.2.0/toolchains/gcc_arm/13.2.rel1/bin/../lib/gcc/arm-none-eabi/13.2.1/thumb/v8-m.main+fp/hard\libg_nano.a(libc_a-impure.o)
                              C:/Renesas/RA/e2studio_v2025-10_fsp_v6.2.0/toolchains/gcc_arm/13.2.rel1/bin/../lib/gcc/arm-none-eabi/13.2.1/thumb/v8-m.main+fp/hard\libg_nano.a(libc_a-reent.o) (_impure_ptr)
C:/Renesas/RA/e2studio_v2025-10_fsp_v6.2.0/toolchains/gcc_arm/13.2.rel1/bin/../lib/gcc/arm-none-eabi/13.2.1/thumb/v8-m.main+fp/hard\libg_nano.a(libc_a-lseekr.o)
                              C:/Renesas/RA/e2studio_v2025-10_fsp_v6.2.0/toolchains/gcc_arm/13.2.rel1/bin/../lib/gcc/arm-none-eabi/13.2.1/thumb/v8-m.main+fp/hard\libg_nano.a(libc_a-stdio.o) (_lseek_r)
C:/Renesas/RA/e2studio_v2025-10_fsp_v6.2.0/toolchains/gcc_arm/13.2.rel1/bin/../lib/gcc/arm-none-eabi/13.2.1/thumb/v8-m.main+fp/hard\libg_nano.a(libc_a-readr.o)
                              C:/Renesas/RA/e2studio_v2025-10_fsp_v6.2.0/toolchains/gcc_arm/13.2.rel1/bin/../lib/gcc/arm-none-eabi/13.2.1/thumb/v8-m.main+fp/hard\libg_nano.a(libc_a-stdio.o) (_read_r)
C:/Renesas/RA/e2studio_v2025-10_fsp_v6.2.0/toolchains/gcc_arm/13.2.rel1/bin/../lib/gcc/arm-none-eabi/13.2.1/thumb/v8-m.main+fp/hard\libg_nano.a(libc_a-writer.o)
                              C:/Renesas/RA/e2studio_v2025-10_fsp_v6.2.0/toolchains/gcc_arm/13.2.rel1/bin/../lib/gcc/arm-none-eabi/13.2.1/thumb/v8-m.main+fp/hard\libg_nano.a(libc_a-stdio.o) (_write_r)
[...]
Memory Configuration

Name             Origin             Length             Attributes
RAM              0x20000000         0x00080000         xrw
FLASH            0x00000000         0x00100000         xr
DATA_FLASH       0x08000000         0x00002000         xr
QSPI_FLASH       0x60000000         0x04000000         xr
OSPI0_CS0        0x68000000         0x08000000         xrw
OSPI0_CS1        0x70000000         0x10000000         xr
OPTION_SETTING_OFS0 0x0100a100         0x00000004         r
OPTION_SETTING_DUALSEL 0x0100a110         0x00000004         r
OPTION_SETTING_OFS1 0x0100a180         0x00000004         r
OPTION_SETTING_BANKSEL 0x0100a190         0x00000004         r
OPTION_SETTING_BPS 0x0100a1c0         0x00000010         r
OPTION_SETTING_PBPS 0x0100a1e0         0x00000010         r
OPTION_SETTING_OFS1_SEC 0x0100a200         0x00000004         r
OPTION_SETTING_BANKSEL_SEC 0x0100a210         0x00000004         r
OPTION_SETTING_BPS_SEC 0x0100a240         0x00000010         r
OPTION_SETTING_PBPS_SEC 0x0100a260         0x00000010         r
OPTION_SETTING_OFS1_SEL 0x0100a280         0x00000004         r
OPTION_SETTING_BANKSEL_SEL 0x0100a290         0x00000004         r
OPTION_SETTING_BPS_SEL 0x0100a2c0         0x00000010         r
*default*        0x00000000         0xffffffff

Linker script and memory map

LOAD C:/Renesas/RA/e2studio_v2025-10_fsp_v6.2.0/toolchains/gcc_arm/13.2.rel1/bin/../lib/gcc/arm-none-eabi/13.2.1/thumb/v8-m.main+fp/hard/crti.o
LOAD C:/Renesas/RA/e2studio_v2025-10_fsp_v6.2.0/toolchains/gcc_arm/13.2.rel1/bin/../lib/gcc/arm-none-eabi/13.2.1/thumb/v8-m.main+fp/hard/crtbegin.o
LOAD C:/Renesas/RA/e2studio_v2025-10_fsp_v6.2.0/toolchains/gcc_arm/13.2.rel1/bin/../lib/gcc/arm-none-eabi/13.2.1/thumb/v8-m.main+fp/hard/crt0.o
START GROUP
LOAD ./src/CAN_thread_entry.o
LOAD ./src/hal_warmstart.o
LOAD ./src/uart_thread_entry.o
LOAD ./ra_gen/CAN_thread.o
LOAD ./ra_gen/common_data.o
LOAD ./ra_gen/hal_data.o
LOAD ./ra_gen/main.o
LOAD ./ra_gen/pin_data.o
LOAD ./ra_gen/uart_thread.o
LOAD ./ra_gen/vector_data.o
LOAD ./ra/fsp/src/rm_freertos_port/port.o
LOAD ./ra/fsp/src/r_sci_uart/r_sci_uart.o
LOAD ./ra/fsp/src/r_ioport/r_ioport.o
LOAD ./ra/fsp/src/r_canfd/r_canfd.o
LOAD ./ra/fsp/src/bsp/mcu/ra6m5/bsp_linker.o
LOAD ./ra/fsp/src/bsp/mcu/all/bsp_clocks.o
LOAD ./ra/fsp/src/bsp/mcu/all/bsp_common.o
LOAD ./ra/fsp/src/bsp/mcu/all/bsp_delay.o
LOAD ./ra/fsp/src/bsp/mcu/all/bsp_group_irq.o
LOAD ./ra/fsp/src/bsp/mcu/all/bsp_guard.o
LOAD ./ra/fsp/src/bsp/mcu/all/bsp_io.o
LOAD ./ra/fsp/src/bsp/mcu/all/bsp_ipc.o
LOAD ./ra/fsp/src/bsp/mcu/all/bsp_irq.o
LOAD ./ra/fsp/src/bsp/mcu/all/bsp_macl.o
LOAD ./ra/fsp/src/bsp/mcu/all/bsp_ospi_b.o
LOAD ./ra/fsp/src/bsp/mcu/all/bsp_register_protection.o
LOAD ./ra/fsp/src/bsp/mcu/all/bsp_sbrk.o
LOAD ./ra/fsp/src/bsp/mcu/all/bsp_sdram.o
LOAD ./ra/fsp/src/bsp/mcu/all/bsp_security.o
LOAD ./ra/fsp/src/bsp/cmsis/Device/RENESAS/Source/startup.o
LOAD ./ra/fsp/src/bsp/cmsis/Device/RENESAS/Source/system.o
LOAD ./ra/aws/FreeRTOS/FreeRTOS/Source/event_groups.o
LOAD ./ra/aws/FreeRTOS/FreeRTOS/Source/list.o
LOAD ./ra/aws/FreeRTOS/FreeRTOS/Source/queue.o
LOAD ./ra/aws/FreeRTOS/FreeRTOS/Source/stream_buffer.o
LOAD ./ra/aws/FreeRTOS/FreeRTOS/Source/tasks.o
LOAD ./ra/aws/FreeRTOS/FreeRTOS/Source/timers.o
END GROUP
START GROUP
LOAD C:/Renesas/RA/e2studio_v2025-10_fsp_v6.2.0/toolchains/gcc_arm/13.2.rel1/bin/../lib/gcc/arm-none-eabi/13.2.1/thumb/v8-m.main+fp/hard\libgcc.a
LOAD C:/Renesas/RA/e2studio_v2025-10_fsp_v6.2.0/toolchains/gcc_arm/13.2.rel1/bin/../lib/gcc/arm-none-eabi/13.2.1/thumb/v8-m.main+fp/hard\libg_nano.a
LOAD C:/Renesas/RA/e2studio_v2025-10_fsp_v6.2.0/toolchains/gcc_arm/13.2.rel1/bin/../lib/gcc/arm-none-eabi/13.2.1/thumb/v8-m.main+fp/hard\libc_nano.a
END GROUP
START GROUP
LOAD C:/Renesas/RA/e2studio_v2025-10_fsp_v6.2.0/toolchains/gcc_arm/13.2.rel1/bin/../lib/gcc/arm-none-eabi/13.2.1/thumb/v8-m.main+fp/hard\libgcc.a
LOAD C:/Renesas/RA/e2studio_v2025-10_fsp_v6.2.0/toolchains/gcc_arm/13.2.rel1/bin/../lib/gcc/arm-none-eabi/13.2.1/thumb/v8-m.main+fp/hard\libc_nano.a
END GROUP
LOAD C:/Renesas/RA/e2studio_v2025-10_fsp_v6.2.0/toolchains/gcc_arm/13.2.rel1/bin/../lib/gcc/arm-none-eabi/13.2.1/thumb/v8-m.main+fp/hard/crtend.o
LOAD C:/Renesas/RA/e2studio_v2025-10_fsp_v6.2.0/toolchains/gcc_arm/13.2.rel1/bin/../lib/gcc/arm-none-eabi/13.2.1/thumb/v8-m.main+fp/hard/crtn.o
                0x20000000                        RAM_START = 0x20000000
                0x00080000                        RAM_LENGTH = 0x80000
                0x00000000                        FLASH_START = 0x0
                0x00100000                        FLASH_LENGTH = 0x100000
                0x08000000                        DATA_FLASH_START = 0x8000000
                0x00002000                        DATA_FLASH_LENGTH = 0x2000
                0x60000000                        QSPI_FLASH_START = 0x60000000
                0x04000000                        QSPI_FLASH_LENGTH = 0x4000000
                0x68000000                        OSPI0_CS0_START = 0x68000000
                0x08000000                        OSPI0_CS0_LENGTH = 0x8000000
                0x70000000                        OSPI0_CS1_START = 0x70000000
                0x10000000                        OSPI0_CS1_LENGTH = 0x10000000
                0x0100a100                        OPTION_SETTING_OFS0_START = 0x100a100
                0x00000004                        OPTION_SETTING_OFS0_LENGTH = 0x4
                0x0100a110                        OPTION_SETTING_DUALSEL_START = 0x100a110
                0x00000004                        OPTION_SETTING_DUALSEL_LENGTH = 0x4
                0x0100a180                        OPTION_SETTING_OFS1_START = 0x100a180
                0x00000004                        OPTION_SETTING_OFS1_LENGTH = 0x4
                0x0100a190                        OPTION_SETTING_BANKSEL_START = 0x100a190
                0x00000004                        OPTION_SETTING_BANKSEL_LENGTH = 0x4
                0x0100a1c0                        OPTION_SETTING_BPS_START = 0x100a1c0
                0x00000010                        OPTION_SETTING_BPS_LENGTH = 0x10
                0x0100a1e0                        OPTION_SETTING_PBPS_START = 0x100a1e0
                0x00000010                        OPTION_SETTING_PBPS_LENGTH = 0x10
                0x0100a200                        OPTION_SETTING_OFS1_SEC_START = 0x100a200
                0x00000004                        OPTION_SETTING_OFS1_SEC_LENGTH = 0x4
                0x0100a210                        OPTION_SETTING_BANKSEL_SEC_START = 0x100a210
                0x00000004                        OPTION_SETTING_BANKSEL_SEC_LENGTH = 0x4
                0x0100a240                        OPTION_SETTING_BPS_SEC_START = 0x100a240
                0x00000010                        OPTION_SETTING_BPS_SEC_LENGTH = 0x10
                0x0100a260                        OPTION_SETTING_PBPS_SEC_START = 0x100a260
                0x00000010                        OPTION_SETTING_PBPS_SEC_LENGTH = 0x10
                0x0100a280                        OPTION_SETTING_OFS1_SEL_START = 0x100a280
                0x00000004                        OPTION_SETTING_OFS1_SEL_LENGTH = 0x4
                0x0100a290                        OPTION_SETTING_BANKSEL_SEL_START = 0x100a290
                0x00000004                        OPTION_SETTING_BANKSEL_SEL_LENGTH = 0x4
                0x0100a2c0                        OPTION_SETTING_BPS_SEL_START = 0x100a2c0
                0x00000010                        OPTION_SETTING_BPS_SEL_LENGTH = 0x10
START GROUP
LOAD C:/Renesas/RA/e2studio_v2025-10_fsp_v6.2.0/toolchains/gcc_arm/13.2.rel1/bin/../lib/gcc/arm-none-eabi/13.2.1/thumb/v8-m.main+fp/hard\libgcc.a
LOAD C:/Renesas/RA/e2studio_v2025-10_fsp_v6.2.0/toolchains/gcc_arm/13.2.rel1/bin/../lib/gcc/arm-none-eabi/13.2.1/thumb/v8-m.main+fp/hard\libc.a
LOAD C:/Renesas/RA/e2studio_v2025-10_fsp_v6.2.0/toolchains/gcc_arm/13.2.rel1/bin/../lib/gcc/arm-none-eabi/13.2.1/thumb/v8-m.main+fp/hard\libm.a
END GROUP

.qspi_flash.startof
                0x60000000        0x0
                0x60000000                        __ddsc_QSPI_FLASH_START = .

.ospi0_cs0.startof
                0x68000000        0x0
                0x68000000                        __ddsc_OSPI0_CS0_START = .

__ospi0_cs0_from_qspi_flash$$
                0x68000000        0x0 load address 0x60000000
                0x68000000                        __ospi0_cs0_from_qspi_flash$$Base = .
                0x60000000                        __ospi0_cs0_from_qspi_flash$$Load = LOADADDR (__ospi0_cs0_from_qspi_flash$$)
 *(.ospi0_cs0_from_qspi_flash)
 *(.ospi0_cs0_code_from_qspi_flash)
                0x68000000                        __ospi0_cs0_from_qspi_flash$$Limit = .

.ram.startof    0x20000000        0x0
                0x20000000                        __ddsc_RAM_START = .

__ram_dtc_vector$$
                0x20000000        0x0
                0x20000000                        __ram_dtc_vector$$Base = .
 *(.fsp_dtc_vector_table)
                0x20000000                        __ram_dtc_vector$$Limit = .

__ram_from_qspi_flash$$
                0x20000000        0x0 load address 0x60000000
                0x20000000                        __ram_from_qspi_flash$$Base = .
                0x60000000                        __ram_from_qspi_flash$$Load = LOADADDR (__ram_from_qspi_flash$$)
 *(.ram_from_qspi_flash)
 *(.ram_code_from_qspi_flash)
                0x20000000                        __ram_from_qspi_flash$$Limit = .

__qspi_flash_readonly$$
                0x60000000        0x0
                0x60000000                        __qspi_flash_readonly$$Base = .
 *(.qspi_flash)
 *(.qspi_flash_code)
                0x60000000                        __qspi_flash_readonly$$Limit = .

__qspi_flash_noinit$$
                0x60000000        0x0
                0x60000000                        __qspi_flash_noinit$$Base = .
 *(.qspi_flash_noinit)
                0x60000000                        __qspi_flash_noinit$$Limit = .

.qspi_flash.endof
                0x60000000        0x0
                0x60000000                        __ddsc_QSPI_FLASH_END = .

.ospi0_cs1.startof
                0x70000000        0x0
                0x70000000                        __ddsc_OSPI0_CS1_START = .

__ospi0_cs0_from_ospi0_cs1$$
                0x68000000        0x0 load address 0x70000000
                0x68000000                        __ospi0_cs0_from_ospi0_cs1$$Base = .
                0x70000000                        __ospi0_cs0_from_ospi0_cs1$$Load = LOADADDR (__ospi0_cs0_from_ospi0_cs1$$)
 *(.ospi0_cs0_from_ospi0_cs1)
 *(.ospi0_cs0_code_from_ospi0_cs1)
                0x68000000                        __ospi0_cs0_from_ospi0_cs1$$Limit = .

__ram_from_ospi0_cs1$$
                0x20000000        0x0 load address 0x70000000
                0x20000000                        __ram_from_ospi0_cs1$$Base = .
                0x70000000                        __ram_from_ospi0_cs1$$Load = LOADADDR (__ram_from_ospi0_cs1$$)
 *(.ram_from_ospi0_cs1)
 *(.ram_code_from_ospi0_cs1)
                0x20000000                        __ram_from_ospi0_cs1$$Limit = .

__ospi0_cs1_readonly$$
                0x70000000        0x0
                0x70000000                        __ospi0_cs1_readonly$$Base = .
 *(.ospi0_cs1)
 *(.ospi0_cs1_code)
                0x70000000                        __ospi0_cs1_readonly$$Limit = .

__ospi0_cs1_noinit$$
                0x70000000        0x0
                0x70000000                        __ospi0_cs1_noinit$$Base = .
 *(.ospi0_cs1_noinit)
                0x70000000                        __ospi0_cs1_noinit$$Limit = .

.ospi0_cs1.endof
                0x70000000        0x0
                0x70000000                        __ddsc_OSPI0_CS1_END = .

.data_flash.startof
                0x08000000        0x0
                0x08000000                        __ddsc_DATA_FLASH_START = .

__ospi0_cs0_from_data_flash$$
                0x68000000        0x0 load address 0x08000000
                0x68000000                        __ospi0_cs0_from_data_flash$$Base = .
                0x08000000                        __ospi0_cs0_from_data_flash$$Load = LOADADDR (__ospi0_cs0_from_data_flash$$)
 *(.ospi0_cs0_from_data_flash)
 *(.ospi0_cs0_code_from_data_flash)
                0x68000000                        __ospi0_cs0_from_data_flash$$Limit = .

__ram_from_data_flash$$
                0x20000000        0x0 load address 0x08000000
                0x20000000                        __ram_from_data_flash$$Base = .
                0x08000000                        __ram_from_data_flash$$Load = LOADADDR (__ram_from_data_flash$$)
 *(.ram_from_data_flash)
 *(.ram_code_from_data_flash)
                0x20000000                        __ram_from_data_flash$$Limit = .

__data_flash_readonly$$
                0x08000000        0x0
                0x08000000                        __data_flash_readonly$$Base = .
 *(.data_flash)
 *(.data_flash_code)
                0x08000000                        __data_flash_readonly$$Limit = .

__data_flash_noinit$$
                0x08000000        0x0
                0x08000000                        __data_flash_noinit$$Base = .
 *(.data_flash_noinit)
                0x08000000                        __data_flash_noinit$$Limit = .

.data_flash.endof
                0x08000000        0x0
                0x08000000                        __ddsc_DATA_FLASH_END = .

.flash.startof  0x00000000        0x0
                0x00000000                        __ddsc_FLASH_START = .

__flash_vectors$$
                0x00000000       0x64
                0x00000000                        __flash_vectors$$Base = .
                0x00000000                        _VECTORS = .
 *(.fixed_vectors)
 .fixed_vectors
                0x00000000       0x40 ./ra/fsp/src/bsp/cmsis/Device/RENESAS/Source/startup.o
                0x00000000                __Vectors
 *(.application_vectors)
 .application_vectors
                0x00000040       0x24 ./ra_gen/vector_data.o
                0x00000040                g_vector_table
                0x00000064                        __flash_vectors$$Limit = .

__flash_noinit$$
                0x00000064        0x0
                0x00000064                        __flash_noinit$$Base = .
 *(.flash_noinit)
                0x00000064                        __flash_noinit$$Limit = .

__ospi0_cs0_from_flash$$
                0x68000000        0x0 load address 0x00000064
                0x68000000                        __ospi0_cs0_from_flash$$Base = .
                0x00000064                        __ospi0_cs0_from_flash$$Load = LOADADDR (__ospi0_cs0_from_flash$$)
 *(.ospi0_cs0_from_flash)
 *(.ospi0_cs0_code_from_flash)
                0x68000000                        __ospi0_cs0_from_flash$$Limit = .

__ospi0_cs0_noinit_nocache$$
                0x68000000        0x0 load address 0x00000080
                0x68000000                        __ospi0_cs0_noinit_nocache$$Base = .
 *(.ospi0_cs0_noinit_nocache)
                0x68000000                        __ospi0_cs0_noinit_nocache$$Limit = .

__ospi0_cs0_zero_nocache$$
                0x68000000        0x0 load address 0x00000064
                0x68000000                        __ospi0_cs0_zero_nocache$$Base = .
 *(.ospi0_cs0_nocache)
                0x68000000                        . = ALIGN (0x20)
                0x68000000                        __ospi0_cs0_zero_nocache$$Limit = .

__ospi0_cs0_noinit$$
                0x68000000        0x0 load address 0x00000064
                0x68000000                        __ospi0_cs0_noinit$$Base = .
 *(.ospi0_cs0_noinit)
                0x68000000                        __ospi0_cs0_noinit$$Limit = .

__ospi0_cs0_zero$$
                0x68000000        0x0 load address 0x00000064
                0x68000000                        __ospi0_cs0_zero$$Base = .
 *(.ospi0_cs0)
                0x68000000                        __ospi0_cs0_zero$$Limit = .

.ospi0_cs0.endof
                0x68000000        0x0
                0x68000000                        __ddsc_OSPI0_CS0_END = .

__ram_from_flash$$
                0x20000000        0x0 load address 0x00000064
                0x20000000                        __ram_from_flash$$Base = .
                0x00000064                        __ram_from_flash$$Load = LOADADDR (__ram_from_flash$$)
 *(.ram_from_flash)
 *(.ram_code_from_flash)
 *(.data*)
 *(vtable)
                0x20000000                        __ram_from_flash$$Limit = .

__ram_noinit_nocache$$
                0x20000000        0x0 load address 0x00000080
                0x20000000                        __ram_noinit_nocache$$Base = .
 *(.ram_noinit_nocache)
                0x20000000                        __ram_noinit_nocache$$Limit = .

__ram_zero_nocache$$
                0x20000000        0x0 load address 0x00000064
                0x20000000                        __ram_zero_nocache$$Base = .
 *(.ram_nocache)
                0x20000000                        . = ALIGN (0x20)
                0x20000000                        __ram_zero_nocache$$Limit = .

__ram_noinit$$  0x20000000      0x41c load address 0x00000064
                0x20000000                        __ram_noinit$$Base = .
 *(.bss.g_heap)
 *(.bss.g_main_stack)
 .bss.g_main_stack
                0x20000000      0x400 ./ra/fsp/src/bsp/cmsis/Device/RENESAS/Source/startup.o
                0x20000000                g_main_stack
 *(.ram_noinit)
 .ram_noinit    0x20000400       0x1c ./ra/fsp/src/bsp/mcu/all/bsp_clocks.o
 *(.noinit)
                0x2000041c                        __ram_noinit$$Limit = .

__ram_zero$$    0x20000420      0x8d8 load address 0x00000064
                0x20000420                        __ram_zero$$Base = .
 *(.ram)
 *(.bss*)
 .bss.completed.1
                0x20000420        0x1 C:/Renesas/RA/e2studio_v2025-10_fsp_v6.2.0/toolchains/gcc_arm/13.2.rel1/bin/../lib/gcc/arm-none-eabi/13.2.1/thumb/v8-m.main+fp/hard/crtbegin.o
 *fill*         0x20000421        0x3 
 .bss.object.0  0x20000424       0x18 C:/Renesas/RA/e2studio_v2025-10_fsp_v6.2.0/toolchains/gcc_arm/13.2.rel1/bin/../lib/gcc/arm-none-eabi/13.2.1/thumb/v8-m.main+fp/hard/crtbegin.o
 .bss.CAN_thread
                0x2000043c        0x4 ./ra_gen/CAN_thread.o
                0x2000043c                CAN_thread
 .bss.CAN_thread_memory
                0x20000440       0x60 ./ra_gen/CAN_thread.o
 .bss.g_ioport_ctrl
                0x200004a0        0x8 ./ra_gen/common_data.o
                0x200004a0                g_ioport_ctrl
 .bss.uxTimerTaskStack.3
                0x200004a8      0x200 ./ra_gen/main.o
 .bss.xTimerTaskTCB.2
                0x200006a8       0x60 ./ra_gen/main.o
 .bss.uxIdleTaskStack.1
                0x20000708      0x200 ./ra_gen/main.o
 .bss.xIdleTaskTCB.0
                0x20000908       0x60 ./ra_gen/main.o
 .bss.g_fsp_common_initialized_semaphore_memory
                0x20000968       0x48 ./ra_gen/main.o
                0x20000968                g_fsp_common_initialized_semaphore_memory
 .bss.g_fsp_common_initialized_semaphore
                0x200009b0        0x4 ./ra_gen/main.o
                0x200009b0                g_fsp_common_initialized_semaphore
 .bss.g_fsp_common_initialized
                0x200009b4        0x1 ./ra_gen/main.o
                0x200009b4                g_fsp_common_initialized
 *fill*         0x200009b5        0x3 
 .bss.g_fsp_common_thread_count
                0x200009b8        0x4 ./ra_gen/main.o
                0x200009b8                g_fsp_common_thread_count
 .bss.uart_thread
                0x200009bc        0x4 ./ra_gen/uart_thread.o
                0x200009bc                uart_thread
 .bss.uart_thread_memory
                0x200009c0       0x60 ./ra_gen/uart_thread.o
 .bss.g_mask_level_before_disable
                0x20000a20        0x4 ./ra/fsp/src/rm_freertos_port/port.o
 .bss.uxCriticalNesting
                0x20000a24        0x4 ./ra/fsp/src/rm_freertos_port/port.o
 .bss.gp_ctrl   0x20000a28        0x8 ./ra/fsp/src/r_canfd/r_canfd.o
 .bss.g_bsp_group_irq_sources
                0x20000a30       0x40 ./ra/fsp/src/bsp/mcu/all/bsp_group_irq.o
                0x20000a30                g_bsp_group_irq_sources
 .bss.g_protect_pfswe_counter
                0x20000a70        0x4 ./ra/fsp/src/bsp/mcu/all/bsp_io.o
                0x20000a70                g_protect_pfswe_counter
 .bss.gp_renesas_isr_context
                0x20000a74       0x24 ./ra/fsp/src/bsp/mcu/all/bsp_irq.o
                0x20000a74                gp_renesas_isr_context
 .bss.g_protect_counters
                0x20000a98        0xa ./ra/fsp/src/bsp/mcu/all/bsp_register_protection.o
                0x20000a98                g_protect_counters
 *fill*         0x20000aa2        0x2 
 .bss.SystemCoreClock
                0x20000aa4        0x4 ./ra/fsp/src/bsp/cmsis/Device/RENESAS/Source/system.o
                0x20000aa4                SystemCoreClock
 .bss.xQueueRegistry
                0x20000aa8       0x50 ./ra/aws/FreeRTOS/FreeRTOS/Source/queue.o
                0x20000aa8                xQueueRegistry
 .bss.uxSchedulerSuspended
                0x20000af8        0x4 ./ra/aws/FreeRTOS/FreeRTOS/Source/tasks.o
 .bss.xIdleTaskHandles
                0x20000afc        0x4 ./ra/aws/FreeRTOS/FreeRTOS/Source/tasks.o
 .bss.xNextTaskUnblockTime
                0x20000b00        0x4 ./ra/aws/FreeRTOS/FreeRTOS/Source/tasks.o
 .bss.uxTaskNumber
                0x20000b04        0x4 ./ra/aws/FreeRTOS/FreeRTOS/Source/tasks.o
 .bss.xNumOfOverflows
                0x20000b08        0x4 ./ra/aws/FreeRTOS/FreeRTOS/Source/tasks.o
 .bss.xYieldPendings
                0x20000b0c        0x4 ./ra/aws/FreeRTOS/FreeRTOS/Source/tasks.o
 .bss.xPendedTicks
                0x20000b10        0x4 ./ra/aws/FreeRTOS/FreeRTOS/Source/tasks.o
 .bss.xSchedulerRunning
                0x20000b14        0x4 ./ra/aws/FreeRTOS/FreeRTOS/Source/tasks.o
 .bss.uxTopReadyPriority
                0x20000b18        0x4 ./ra/aws/FreeRTOS/FreeRTOS/Source/tasks.o
 .bss.xTickCount
                0x20000b1c        0x4 ./ra/aws/FreeRTOS/FreeRTOS/Source/tasks.o
 .bss.uxCurrentNumberOfTasks
                0x20000b20        0x4 ./ra/aws/FreeRTOS/FreeRTOS/Source/tasks.o
 .bss.xSuspendedTaskList
                0x20000b24       0x14 ./ra/aws/FreeRTOS/FreeRTOS/Source/tasks.o
 .bss.uxDeletedTasksWaitingCleanUp
                0x20000b38        0x4 ./ra/aws/FreeRTOS/FreeRTOS/Source/tasks.o
 .bss.xTasksWaitingTermination
                0x20000b3c       0x14 ./ra/aws/FreeRTOS/FreeRTOS/Source/tasks.o
 .bss.xPendingReadyList
                0x20000b50       0x14 ./ra/aws/FreeRTOS/FreeRTOS/Source/tasks.o
 .bss.pxOverflowDelayedTaskList
                0x20000b64        0x4 ./ra/aws/FreeRTOS/FreeRTOS/Source/tasks.o
 .bss.pxDelayedTaskList
                0x20000b68        0x4 ./ra/aws/FreeRTOS/FreeRTOS/Source/tasks.o
 .bss.xDelayedTaskList2
                0x20000b6c       0x14 ./ra/aws/FreeRTOS/FreeRTOS/Source/tasks.o
 .bss.xDelayedTaskList1
                0x20000b80       0x14 ./ra/aws/FreeRTOS/FreeRTOS/Source/tasks.o
 .bss.pxReadyTasksLists
                0x20000b94       0x64 ./ra/aws/FreeRTOS/FreeRTOS/Source/tasks.o
 .bss.pxCurrentTCB
                0x20000bf8        0x4 ./ra/aws/FreeRTOS/FreeRTOS/Source/tasks.o
                0x20000bf8                pxCurrentTCB
 .bss.xStaticTimerQueue.14
                0x20000bfc       0x48 ./ra/aws/FreeRTOS/FreeRTOS/Source/timers.o
 .bss.ucStaticTimerQueueStorage.15
                0x20000c44       0x78 ./ra/aws/FreeRTOS/FreeRTOS/Source/timers.o
 .bss.xLastTime.17
                0x20000cbc        0x4 ./ra/aws/FreeRTOS/FreeRTOS/Source/timers.o
 .bss.xTimerTaskHandle
                0x20000cc0        0x4 ./ra/aws/FreeRTOS/FreeRTOS/Source/timers.o
 .bss.xTimerQueue
                0x20000cc4        0x4 ./ra/aws/FreeRTOS/FreeRTOS/Source/timers.o
 .bss.pxOverflowTimerList
                0x20000cc8        0x4 ./ra/aws/FreeRTOS/FreeRTOS/Source/timers.o
 .bss.pxCurrentTimerList
                0x20000ccc        0x4 ./ra/aws/FreeRTOS/FreeRTOS/Source/timers.o
 .bss.xActiveTimerList2
                0x20000cd0       0x14 ./ra/aws/FreeRTOS/FreeRTOS/Source/timers.o
 .bss.xActiveTimerList1
                0x20000ce4       0x14 ./ra/aws/FreeRTOS/FreeRTOS/Source/timers.o
                0x20000cf8                        __ram_zero$$Limit = .

__ram_thread_stack$$
                0x20000cf8      0x800 load address 0x00000068
                0x20000cf8                        __ram_thread_stack$$Base = .
 *(.stack?*)
 .stack.CAN_thread
                0x20000cf8      0x400 ./ra_gen/CAN_thread.o
 .stack.uart_thread
                0x200010f8      0x400 ./ra_gen/uart_thread.o
                0x200014f8                        __ram_thread_stack$$Limit = .

.ram.endof      0x20002000        0x0
                0x20002000                        __ddsc_RAM_END = .

.ram.flat_nsc   0x20002000        0x0
                0x20002000                        __ddsc_RAM_NSC = .

__flash_readonly$$
                0x00000064     0x3324
                0x00000064                        __flash_readonly$$Base = .
 *(.flash)
 *(.flash_code)
 *(.text*)
 .text.deregister_tm_clones
                0x00000064       0x1c C:/Renesas/RA/e2studio_v2025-10_fsp_v6.2.0/toolchains/gcc_arm/13.2.rel1/bin/../lib/gcc/arm-none-eabi/13.2.1/thumb/v8-m.main+fp/hard/crtbegin.o
 .text.register_tm_clones
                0x00000080       0x28 C:/Renesas/RA/e2studio_v2025-10_fsp_v6.2.0/toolchains/gcc_arm/13.2.rel1/bin/../lib/gcc/arm-none-eabi/13.2.1/thumb/v8-m.main+fp/hard/crtbegin.o
 .text.__do_global_dtors_aux
                0x000000a8       0x28 C:/Renesas/RA/e2studio_v2025-10_fsp_v6.2.0/toolchains/gcc_arm/13.2.rel1/bin/../lib/gcc/arm-none-eabi/13.2.1/thumb/v8-m.main+fp/hard/crtbegin.o
 .text.frame_dummy
                0x000000d0       0x24 C:/Renesas/RA/e2studio_v2025-10_fsp_v6.2.0/toolchains/gcc_arm/13.2.rel1/bin/../lib/gcc/arm-none-eabi/13.2.1/thumb/v8-m.main+fp/hard/crtbegin.o
 .text.CAN_thread_entry
                0x000000f4        0xc ./src/CAN_thread_entry.o
                0x000000f4                CAN_thread_entry
 .text.R_BSP_WarmStart
                0x00000100       0x18 ./src/hal_warmstart.o
                0x00000100                R_BSP_WarmStart
 .text.uart_thread_entry
                0x00000118        0xc ./src/uart_thread_entry.o
                0x00000118                uart_thread_entry
 .text.CAN_thread_func
                0x00000124       0x14 ./ra_gen/CAN_thread.o
 .text.CAN_thread_create
                0x00000138       0x58 ./ra_gen/CAN_thread.o
                0x00000138                CAN_thread_create
 .text.g_common_init
                0x00000190        0x4 ./ra_gen/common_data.o
                0x00000190                g_common_init
 .text.g_hal_init
                0x00000194        0x4 ./ra_gen/hal_data.o
                0x00000194                g_hal_init
 .text.rtos_startup_err_callback_internal
                0x00000198        0x4 ./ra_gen/main.o
                0x00000198                rtos_startup_err_callback
                0x00000198                rtos_startup_err_callback_internal
 .text.rtos_startup_common_init
                0x0000019c       0x68 ./ra_gen/main.o
                0x0000019c                rtos_startup_common_init
 .text.startup.main
                0x00000204       0x48 ./ra_gen/main.o
                0x00000204                main
 .text.vApplicationGetIdleTaskMemory
                0x0000024c       0x1c ./ra_gen/main.o
                0x0000024c                vApplicationGetIdleTaskMemory
 .text.vApplicationGetTimerTaskMemory
                0x00000268       0x1c ./ra_gen/main.o
                0x00000268                vApplicationGetTimerTaskMemory
 .text.uart_thread_func
                0x00000284       0x14 ./ra_gen/uart_thread.o
 .text.uart_thread_create
                0x00000298       0x58 ./ra_gen/uart_thread.o
                0x00000298                uart_thread_create
 .text.prvTaskExitError
                0x000002f0        0x4 ./ra/fsp/src/rm_freertos_port/port.o
 .text.SVC_Handler
                0x000002f4       0x18 ./ra/fsp/src/rm_freertos_port/port.o
                0x000002f4                SVC_Handler
 .text.PendSV_Handler
                0x0000030c       0x44 ./ra/fsp/src/rm_freertos_port/port.o
                0x0000030c                PendSV_Handler
 .text.rm_freertos_port_restore_task_stackless
                0x00000350       0x24 ./ra/fsp/src/rm_freertos_port/port.o
                0x00000350                rm_freertos_port_restore_task_stackless
 .text.SysTick_Handler
                0x00000374       0x24 ./ra/fsp/src/rm_freertos_port/port.o
                0x00000374                SysTick_Handler
 .text.vPortSVCHandler_C
                0x00000398       0x34 ./ra/fsp/src/rm_freertos_port/port.o
                0x00000398                vPortSVCHandler_C
 .text.pxPortInitialiseStack
                0x000003cc       0x34 ./ra/fsp/src/rm_freertos_port/port.o
                0x000003cc                pxPortInitialiseStack
 .text.vPortEnterCritical
                0x00000400       0x50 ./ra/fsp/src/rm_freertos_port/port.o
                0x00000400                vPortEnterCritical
 .text.vPortExitCritical
                0x00000450       0x3c ./ra/fsp/src/rm_freertos_port/port.o
                0x00000450                vPortExitCritical
 .text.rm_freertos_port_sleep_preserving_lpm
                0x0000048c       0x6c ./ra/fsp/src/rm_freertos_port/port.o
                0x0000048c                rm_freertos_port_sleep_preserving_lpm
 .text.vApplicationIdleHook
                0x000004f8       0x18 ./ra/fsp/src/rm_freertos_port/port.o
                0x000004f8                vApplicationIdleHook
 .text.vPortSetupTimerInterrupt
                0x00000510       0x44 ./ra/fsp/src/rm_freertos_port/port.o
                0x00000510                vPortSetupTimerInterrupt
 .text.xPortStartScheduler
                0x00000554       0x3c ./ra/fsp/src/rm_freertos_port/port.o
                0x00000554                xPortStartScheduler
 .text.r_sci_uart_call_callback
                0x00000590       0x44 ./ra/fsp/src/r_sci_uart/r_sci_uart.o
 .text.sci_uart_txi_isr
                0x000005d4       0x8c ./ra/fsp/src/r_sci_uart/r_sci_uart.o
                0x000005d4                sci_uart_txi_isr
 .text.sci_uart_rxi_isr
                0x00000660       0x90 ./ra/fsp/src/r_sci_uart/r_sci_uart.o
                0x00000660                sci_uart_rxi_isr
 .text.sci_uart_tei_isr
                0x000006f0       0x48 ./ra/fsp/src/r_sci_uart/r_sci_uart.o
                0x000006f0                sci_uart_tei_isr
 .text.sci_uart_eri_isr
                0x00000738       0x78 ./ra/fsp/src/r_sci_uart/r_sci_uart.o
                0x00000738                sci_uart_eri_isr
 .text.bsp_vbatt_init
                0x000007b0       0xe8 ./ra/fsp/src/r_ioport/r_ioport.o
 .text.r_ioport_pins_config
                0x00000898       0xac ./ra/fsp/src/r_ioport/r_ioport.o
 .text.R_IOPORT_Open
                0x00000944       0x14 ./ra/fsp/src/r_ioport/r_ioport.o
                0x00000944                R_IOPORT_Open
 .text.r_canfd_mb_read
                0x00000958       0x80 ./ra/fsp/src/r_canfd/r_canfd.o
 .text.r_canfd_call_callback
                0x000009d8       0x3c ./ra/fsp/src/r_canfd/r_canfd.o
 .text.canfd_error_isr
                0x00000a14       0xdc ./ra/fsp/src/r_canfd/r_canfd.o
                0x00000a14                canfd_error_isr
 .text.canfd_rx_fifo_isr
                0x00000af0       0xb4 ./ra/fsp/src/r_canfd/r_canfd.o
                0x00000af0                canfd_rx_fifo_isr
 .text.canfd_channel_tx_isr
                0x00000ba4      0x130 ./ra/fsp/src/r_canfd/r_canfd.o
                0x00000ba4                canfd_channel_tx_isr
 .text.canfd_common_fifo_rx_isr
                0x00000cd4       0xd8 ./ra/fsp/src/r_canfd/r_canfd.o
                0x00000cd4                canfd_common_fifo_rx_isr
 .text.SystemCoreClockUpdate
                0x00000dac       0x28 ./ra/fsp/src/bsp/mcu/all/bsp_clocks.o
                0x00000dac                SystemCoreClockUpdate
 .text.R_BSP_SubClockStabilizeWaitAfterReset
                0x00000dd4        0x4 ./ra/fsp/src/bsp/mcu/all/bsp_clocks.o
                0x00000dd4                R_BSP_SubClockStabilizeWaitAfterReset
 .text.bsp_clock_init
                0x00000dd8      0x1c0 ./ra/fsp/src/bsp/mcu/all/bsp_clocks.o
                0x00000dd8                bsp_clock_init
 .text.R_BSP_Init_RTC
                0x00000f98       0xb0 ./ra/fsp/src/bsp/mcu/all/bsp_clocks.o
                0x00000f98                R_BSP_Init_RTC
 .text.bsp_init_internal
                0x00001048        0x4 ./ra/fsp/src/bsp/mcu/all/bsp_common.o
                0x00001048                bsp_init_internal
                0x00001048                bsp_init
 .text.__assert_func
                0x0000104c        0x4 ./ra/fsp/src/bsp/mcu/all/bsp_common.o
                0x0000104c                __assert_func
 .text.bsp_prv_software_delay_loop
                0x00001050        0xc ./ra/fsp/src/bsp/mcu/all/bsp_delay.o
                0x00001050                bsp_prv_software_delay_loop
 .text.R_BSP_SoftwareDelay
                0x0000105c       0x8c ./ra/fsp/src/bsp/mcu/all/bsp_delay.o
                0x0000105c                R_BSP_SoftwareDelay
 .text.NMI_Handler
                0x000010e8       0x3c ./ra/fsp/src/bsp/mcu/all/bsp_group_irq.o
                0x000010e8                NMI_Handler
 .text.bsp_irq_cfg
                0x00001124       0x94 ./ra/fsp/src/bsp/mcu/all/bsp_irq.o
                0x00001124                bsp_irq_cfg
 .text.R_BSP_RegisterProtectEnable
                0x000011b8       0x60 ./ra/fsp/src/bsp/mcu/all/bsp_register_protection.o
                0x000011b8                R_BSP_RegisterProtectEnable
 .text.R_BSP_RegisterProtectDisable
                0x00001218       0x54 ./ra/fsp/src/bsp/mcu/all/bsp_register_protection.o
                0x00001218                R_BSP_RegisterProtectDisable
 .text.Default_Handler
                0x0000126c        0x4 ./ra/fsp/src/bsp/cmsis/Device/RENESAS/Source/startup.o
                0x0000126c                HardFault_Handler
                0x0000126c                UsageFault_Handler
                0x0000126c                SecureFault_Handler
                0x0000126c                Default_Handler
                0x0000126c                MemManage_Handler
                0x0000126c                BusFault_Handler
                0x0000126c                DebugMon_Handler
 .text.Reset_Handler
                0x00001270        0xc ./ra/fsp/src/bsp/cmsis/Device/RENESAS/Source/startup.o
                0x00001270                Reset_Handler
 .text.SystemRuntimeInit
                0x0000127c       0x64 ./ra/fsp/src/bsp/cmsis/Device/RENESAS/Source/system.o
 .text.SystemInit
                0x000012e0       0xc0 ./ra/fsp/src/bsp/cmsis/Device/RENESAS/Source/system.o
                0x000012e0                SystemInit
 .text.vListInitialise
                0x000013a0       0x18 ./ra/aws/FreeRTOS/FreeRTOS/Source/list.o
                0x000013a0                vListInitialise
 .text.vListInitialiseItem
                0x000013b8        0x8 ./ra/aws/FreeRTOS/FreeRTOS/Source/list.o
                0x000013b8                vListInitialiseItem
 .text.vListInsert
                0x000013c0       0x30 ./ra/aws/FreeRTOS/FreeRTOS/Source/list.o
                0x000013c0                vListInsert
 .text.uxListRemove
                0x000013f0       0x24 ./ra/aws/FreeRTOS/FreeRTOS/Source/list.o
                0x000013f0                uxListRemove
 .text.prvCopyDataToQueue
                0x00001414       0x60 ./ra/aws/FreeRTOS/FreeRTOS/Source/queue.o
 .text.prvUnlockQueue
                0x00001474       0x8c ./ra/aws/FreeRTOS/FreeRTOS/Source/queue.o
 .text.xQueueGenericReset
                0x00001500       0xbc ./ra/aws/FreeRTOS/FreeRTOS/Source/queue.o
                0x00001500                xQueueGenericReset
 .text.xQueueGenericCreateStatic
                0x000015bc       0x80 ./ra/aws/FreeRTOS/FreeRTOS/Source/queue.o
                0x000015bc                xQueueGenericCreateStatic
 .text.xQueueCreateCountingSemaphoreStatic
                0x0000163c       0x78 ./ra/aws/FreeRTOS/FreeRTOS/Source/queue.o
                0x0000163c                xQueueCreateCountingSemaphoreStatic
 .text.xQueueGenericSend
                0x000016b4      0x198 ./ra/aws/FreeRTOS/FreeRTOS/Source/queue.o
                0x000016b4                xQueueGenericSend
 .text.xQueueReceive
                0x0000184c      0x178 ./ra/aws/FreeRTOS/FreeRTOS/Source/queue.o
                0x0000184c                xQueueReceive
 .text.xQueueSemaphoreTake
                0x000019c4      0x154 ./ra/aws/FreeRTOS/FreeRTOS/Source/queue.o
                0x000019c4                xQueueSemaphoreTake
 .text.vQueueAddToRegistry
                0x00001b18       0x64 ./ra/aws/FreeRTOS/FreeRTOS/Source/queue.o
                0x00001b18                vQueueAddToRegistry
 .text.vQueueWaitForMessageRestricted
                0x00001b7c       0x50 ./ra/aws/FreeRTOS/FreeRTOS/Source/queue.o
                0x00001b7c                vQueueWaitForMessageRestricted
 .text.prvAddCurrentTaskToDelayedList
                0x00001bcc       0xb8 ./ra/aws/FreeRTOS/FreeRTOS/Source/tasks.o
 .text.prvIdleTask
                0x00001c84       0x64 ./ra/aws/FreeRTOS/FreeRTOS/Source/tasks.o
 .text.xTaskIncrementTick.part.0
                0x00001ce8      0x19c ./ra/aws/FreeRTOS/FreeRTOS/Source/tasks.o
 .text.xTaskCreateStatic
                0x00001e84      0x21c ./ra/aws/FreeRTOS/FreeRTOS/Source/tasks.o
                0x00001e84                xTaskCreateStatic
 .text.vTaskStartScheduler
                0x000020a0       0x9c ./ra/aws/FreeRTOS/FreeRTOS/Source/tasks.o
                0x000020a0                vTaskStartScheduler
 .text.vTaskSuspendAll
                0x0000213c       0x10 ./ra/aws/FreeRTOS/FreeRTOS/Source/tasks.o
                0x0000213c                vTaskSuspendAll
 .text.xTaskResumeAll
                0x0000214c      0x1c0 ./ra/aws/FreeRTOS/FreeRTOS/Source/tasks.o
                0x0000214c                xTaskResumeAll
 .text.vTaskDelay
                0x0000230c       0x54 ./ra/aws/FreeRTOS/FreeRTOS/Source/tasks.o
                0x0000230c                vTaskDelay
 .text.xTaskGetTickCount
                0x00002360        0xc ./ra/aws/FreeRTOS/FreeRTOS/Source/tasks.o
                0x00002360                xTaskGetTickCount
 .text.xTaskIncrementTick
                0x0000236c       0x20 ./ra/aws/FreeRTOS/FreeRTOS/Source/tasks.o
                0x0000236c                xTaskIncrementTick
 .text.vTaskSwitchContext
                0x0000238c       0x8c ./ra/aws/FreeRTOS/FreeRTOS/Source/tasks.o
                0x0000238c                vTaskSwitchContext
 .text.vTaskPlaceOnEventList
                0x00002418       0x3c ./ra/aws/FreeRTOS/FreeRTOS/Source/tasks.o
                0x00002418                vTaskPlaceOnEventList
 .text.vTaskPlaceOnEventListRestricted
                0x00002454       0x64 ./ra/aws/FreeRTOS/FreeRTOS/Source/tasks.o
                0x00002454                vTaskPlaceOnEventListRestricted
 .text.xTaskRemoveFromEventList
                0x000024b8       0xf4 ./ra/aws/FreeRTOS/FreeRTOS/Source/tasks.o
                0x000024b8                xTaskRemoveFromEventList
 .text.vTaskInternalSetTimeOutState
                0x000025ac       0x18 ./ra/aws/FreeRTOS/FreeRTOS/Source/tasks.o
                0x000025ac                vTaskInternalSetTimeOutState
 .text.xTaskCheckForTimeOut
                0x000025c4       0x90 ./ra/aws/FreeRTOS/FreeRTOS/Source/tasks.o
                0x000025c4                xTaskCheckForTimeOut
 .text.vTaskMissedYield
                0x00002654        0xc ./ra/aws/FreeRTOS/FreeRTOS/Source/tasks.o
                0x00002654                vTaskMissedYield
 .text.xTaskGetSchedulerState
                0x00002660       0x20 ./ra/aws/FreeRTOS/FreeRTOS/Source/tasks.o
                0x00002660                xTaskGetSchedulerState
 .text.prvCheckForValidListAndQueue
                0x00002680       0x6c ./ra/aws/FreeRTOS/FreeRTOS/Source/timers.o
 .text.prvProcessExpiredTimer
                0x000026ec       0x90 ./ra/aws/FreeRTOS/FreeRTOS/Source/timers.o
 .text.prvTimerTask
                0x0000277c      0x24c ./ra/aws/FreeRTOS/FreeRTOS/Source/timers.o
 .text.xTimerCreateTimerTask
                0x000029c8       0x6c ./ra/aws/FreeRTOS/FreeRTOS/Source/timers.o
                0x000029c8                xTimerCreateTimerTask
 .text.memset   0x00002a34       0x10 C:/Renesas/RA/e2studio_v2025-10_fsp_v6.2.0/toolchains/gcc_arm/13.2.rel1/bin/../lib/gcc/arm-none-eabi/13.2.1/thumb/v8-m.main+fp/hard\libg_nano.a(libc_a-memset.o)
                0x00002a34                memset
 .text.memcpy   0x00002a44       0x1a C:/Renesas/RA/e2studio_v2025-10_fsp_v6.2.0/toolchains/gcc_arm/13.2.rel1/bin/../lib/gcc/arm-none-eabi/13.2.1/thumb/v8-m.main+fp/hard\libg_nano.a(libc_a-memcpy-stub.o)
                0x00002a44                memcpy
 *(.rodata*)
 *fill*         0x00002a5e        0x2 
 .rodata.CAN_thread_create.str1.4
                0x00002a60      0x580 ./ra_gen/CAN_thread.o
                                  0xb (size before relaxing)
 .rodata.CAN_thread_parameters
                0x00002fe0        0x4 ./ra_gen/CAN_thread.o
                0x00002fe0                CAN_thread_parameters
 .rodata.g_bsp_pin_cfg
                0x00002fe4        0xc ./ra_gen/pin_data.o
                0x00002fe4                g_bsp_pin_cfg
 .rodata.g_bsp_pin_cfg_data
                0x00002ff0       0x30 ./ra_gen/pin_data.o
                0x00002ff0                g_bsp_pin_cfg_data
 .rodata.uart_thread_create.str1.4
                0x00003020        0xc ./ra_gen/uart_thread.o
 .rodata.uart_thread_parameters
                0x00003020        0x4 ./ra_gen/uart_thread.o
                0x00003020                uart_thread_parameters
 .rodata.g_interrupt_event_link_select
                0x00003024       0x12 ./ra_gen/vector_data.o
                0x00003024                g_interrupt_event_link_select
 .rodata.vPortSVCHandler_C.str1.4
                0x00003036       0x3a ./ra/fsp/src/rm_freertos_port/port.o
 .rodata.vPortEnterCritical.str1.4
                0x00003036       0x46 ./ra/fsp/src/rm_freertos_port/port.o
 .rodata.vPortExitCritical.str1.4
                0x00003036       0x12 ./ra/fsp/src/rm_freertos_port/port.o
 *fill*         0x00003036        0x2 
 .rodata.__func__.1
                0x00003038       0x12 ./ra/fsp/src/rm_freertos_port/port.o
 *fill*         0x0000304a        0x2 
 .rodata.__func__.2
                0x0000304c       0x13 ./ra/fsp/src/rm_freertos_port/port.o
 *fill*         0x0000305f        0x1 
 .rodata.__func__.3
                0x00003060       0x12 ./ra/fsp/src/rm_freertos_port/port.o
 *fill*         0x00003072        0x2 
 .rodata.g_vbatt_pins_input
                0x00003074        0x6 ./ra/fsp/src/r_ioport/r_ioport.o
 *fill*         0x0000307a        0x2 
 .rodata.dlc_to_bytes
                0x0000307c       0x10 ./ra/fsp/src/r_canfd/r_canfd.o
 .rodata.g_init_info
                0x0000308c       0x18 ./ra/fsp/src/bsp/mcu/ra6m5/bsp_linker.o
                0x0000308c                g_init_info
 .rodata.nocache_list
                0x000030a4       0x10 ./ra/fsp/src/bsp/mcu/ra6m5/bsp_linker.o
 .rodata.copy_list
                0x000030b4       0x80 ./ra/fsp/src/bsp/mcu/ra6m5/bsp_linker.o
 .rodata.zero_list
                0x00003134       0x30 ./ra/fsp/src/bsp/mcu/ra6m5/bsp_linker.o
 .rodata.g_prcr_masks
                0x00003164        0xa ./ra/fsp/src/bsp/mcu/all/bsp_register_protection.o
 .rodata.vQueueUnregisterQueue.part.0.str1.4
                0x0000316e       0x33 ./ra/aws/FreeRTOS/FreeRTOS/Source/queue.o
 .rodata.xQueueGenericReset.str1.4
                0x0000316e       0x2c ./ra/aws/FreeRTOS/FreeRTOS/Source/queue.o
 .rodata.xQueueGenericCreateStatic.str1.4
                0x0000316e       0x37 ./ra/aws/FreeRTOS/FreeRTOS/Source/queue.o
 .rodata.xQueueCreateCountingSemaphoreStatic.str1.4
                0x0000316e        0x8 ./ra/aws/FreeRTOS/FreeRTOS/Source/queue.o
 .rodata.xQueueGenericSend.str1.4
                0x0000316e       0xfb ./ra/aws/FreeRTOS/FreeRTOS/Source/queue.o
 .rodata.xQueueGiveFromISR.str1.4
                0x0000316e       0x7d ./ra/aws/FreeRTOS/FreeRTOS/Source/queue.o
 .rodata.xQueueReceive.str1.4
                0x0000316e       0x66 ./ra/aws/FreeRTOS/FreeRTOS/Source/queue.o
 *fill*         0x0000316e        0x2 
 .rodata.__func__.2
                0x00003170       0x14 ./ra/aws/FreeRTOS/FreeRTOS/Source/queue.o
 .rodata.__func__.12
                0x00003184       0x14 ./ra/aws/FreeRTOS/FreeRTOS/Source/queue.o
 .rodata.__func__.13
                0x00003198        0xe ./ra/aws/FreeRTOS/FreeRTOS/Source/queue.o
 *fill*         0x000031a6        0x2 
 .rodata.__func__.16
                0x000031a8       0x12 ./ra/aws/FreeRTOS/FreeRTOS/Source/queue.o
 *fill*         0x000031ba        0x2 
 .rodata.__func__.17
                0x000031bc       0x24 ./ra/aws/FreeRTOS/FreeRTOS/Source/queue.o
 .rodata.__func__.19
                0x000031e0       0x1a ./ra/aws/FreeRTOS/FreeRTOS/Source/queue.o
 *fill*         0x000031fa        0x2 
 .rodata.__func__.20
                0x000031fc       0x13 ./ra/aws/FreeRTOS/FreeRTOS/Source/queue.o
 .rodata.prvTaskIsTaskSuspended.part.0.str1.4
                0x0000320f       0x33 ./ra/aws/FreeRTOS/FreeRTOS/Source/tasks.o
 .rodata.xTaskIncrementTick.part.0.str1.4
                0x0000320f       0x76 ./ra/aws/FreeRTOS/FreeRTOS/Source/tasks.o
 .rodata.xTaskCreateStatic.str1.4
                0x0000320f       0x69 ./ra/aws/FreeRTOS/FreeRTOS/Source/tasks.o
 .rodata.vTaskStartScheduler.str1.4
                0x0000320f       0x12 ./ra/aws/FreeRTOS/FreeRTOS/Source/tasks.o
 .rodata.xTaskResumeAll.str1.4
                0x0000320f       0x1b ./ra/aws/FreeRTOS/FreeRTOS/Source/tasks.o
 .rodata.xTaskDelayUntil.str1.4
                0x0000320f       0x47 ./ra/aws/FreeRTOS/FreeRTOS/Source/tasks.o
 .rodata.vTaskSwitchContext.str1.4
                0x0000320f        0xe ./ra/aws/FreeRTOS/FreeRTOS/Source/tasks.o
 .rodata.vTaskPlaceOnEventList.str1.4
                0x0000320f        0xc ./ra/aws/FreeRTOS/FreeRTOS/Source/tasks.o
 .rodata.xTaskRemoveFromEventList.str1.4
                0x0000320f        0xf ./ra/aws/FreeRTOS/FreeRTOS/Source/tasks.o
 .rodata.vTaskSetTimeOutState.str1.4
                0x0000320f        0xa ./ra/aws/FreeRTOS/FreeRTOS/Source/tasks.o
 .rodata.xTaskCheckForTimeOut.str1.4
                0x0000320f        0xe ./ra/aws/FreeRTOS/FreeRTOS/Source/tasks.o
 *fill*         0x0000320f        0x1 
 .rodata.__func__.8
                0x00003210       0x15 ./ra/aws/FreeRTOS/FreeRTOS/Source/tasks.o
 *fill*         0x00003225        0x3 
 .rodata.__func__.11
                0x00003228       0x19 ./ra/aws/FreeRTOS/FreeRTOS/Source/tasks.o
 *fill*         0x00003241        0x3 
 .rodata.__func__.12
                0x00003244       0x20 ./ra/aws/FreeRTOS/FreeRTOS/Source/tasks.o
 .rodata.__func__.14
                0x00003264       0x16 ./ra/aws/FreeRTOS/FreeRTOS/Source/tasks.o
 *fill*         0x0000327a        0x2 
 .rodata.__func__.15
                0x0000327c       0x13 ./ra/aws/FreeRTOS/FreeRTOS/Source/tasks.o
 *fill*         0x0000328f        0x1 
 .rodata.__func__.16
                0x00003290       0x13 ./ra/aws/FreeRTOS/FreeRTOS/Source/tasks.o
 *fill*         0x000032a3        0x1 
 .rodata.__func__.20
                0x000032a4        0xf ./ra/aws/FreeRTOS/FreeRTOS/Source/tasks.o
 *fill*         0x000032b3        0x1 
 .rodata.__func__.21
                0x000032b4       0x14 ./ra/aws/FreeRTOS/FreeRTOS/Source/tasks.o
 .rodata.__func__.27
                0x000032c8        0xb ./ra/aws/FreeRTOS/FreeRTOS/Source/tasks.o
 *fill*         0x000032d3        0x1 
 .rodata.__func__.30
                0x000032d4       0x15 ./ra/aws/FreeRTOS/FreeRTOS/Source/tasks.o
 *fill*         0x000032e9        0x3 
 .rodata.__func__.31
                0x000032ec       0x14 ./ra/aws/FreeRTOS/FreeRTOS/Source/tasks.o
 .rodata.uxTopUsedPriority
                0x00003300        0x4 ./ra/aws/FreeRTOS/FreeRTOS/Source/tasks.o
 .rodata.prvCheckForValidListAndQueue.str1.4
                0x00003304        0x5 ./ra/aws/FreeRTOS/FreeRTOS/Source/timers.o
 .rodata.xTimerGetReloadMode.part.0.str1.4
                0x00003304       0x34 ./ra/aws/FreeRTOS/FreeRTOS/Source/timers.o
 .rodata.prvTimerTask.str1.4
                0x00003304       0x25 ./ra/aws/FreeRTOS/FreeRTOS/Source/timers.o
 .rodata.xTimerCreateTimerTask.str1.4
                0x00003304       0x10 ./ra/aws/FreeRTOS/FreeRTOS/Source/timers.o
 .rodata.__func__.16
                0x00003304       0x1b ./ra/aws/FreeRTOS/FreeRTOS/Source/timers.o
 *fill*         0x0000331f        0x1 
 .rodata.__func__.18
                0x00003320       0x16 ./ra/aws/FreeRTOS/FreeRTOS/Source/timers.o
 *(.mcuboot_sce9_key)
 *(.version)
 *fill*         0x00003336        0x2 
 .version       0x00003338       0x50 ./ra/fsp/src/bsp/mcu/all/bsp_common.o
                0x00003388                        __flash_readonly$$Limit = .

.glue_7         0x00003388        0x0
 .glue_7        0x00003388        0x0 linker stubs

.glue_7t        0x00003388        0x0
 .glue_7t       0x00003388        0x0 linker stubs

.vfp11_veneer   0x00003388        0x0
 .vfp11_veneer  0x00003388        0x0 linker stubs

.v4_bx          0x00003388        0x0
 .v4_bx         0x00003388        0x0 linker stubs

.init           0x00003388        0x4
 .init          0x00003388        0x4 C:/Renesas/RA/e2studio_v2025-10_fsp_v6.2.0/toolchains/gcc_arm/13.2.rel1/bin/../lib/gcc/arm-none-eabi/13.2.1/thumb/v8-m.main+fp/hard/crti.o
                0x00003388                _init

.fini           0x0000338c        0x4
 .fini          0x0000338c        0x4 C:/Renesas/RA/e2studio_v2025-10_fsp_v6.2.0/toolchains/gcc_arm/13.2.rel1/bin/../lib/gcc/arm-none-eabi/13.2.1/thumb/v8-m.main+fp/hard/crti.o
                0x0000338c                _fini

.iplt           0x00003390        0x0
 .iplt          0x00003390        0x0 C:/Renesas/RA/e2studio_v2025-10_fsp_v6.2.0/toolchains/gcc_arm/13.2.rel1/bin/../lib/gcc/arm-none-eabi/13.2.1/thumb/v8-m.main+fp/hard/crtbegin.o

__flash_ctor$$
 *crtbegin.o(.ctors)
 *crtbegin?.o(.ctors)
 EXCLUDE_FILE(*crtend.o *crtend?.o) *(.ctors)
 *(SORT_BY_NAME(.ctors.*))
 *(.ctors)
 *crtbegin.o(.dtors)
 *crtbegin?.o(.dtors)
 EXCLUDE_FILE(*crtend.o *crtend?.o) *(.dtors)
 *(SORT_BY_NAME(.dtors.*))
 *(.dtors)

__flash_preinit_array$$
                0x00003390        0x0
                0x00003390                        __preinit_array_start = .
 *(.preinit_array)
                0x00003390                        __preinit_array_end = .

__flash_.got$$
 *(.got.plt)
 *(.got)

__flash_init_array$$
                0x00003390        0x4
                0x00003390                        __init_array_start = .
 *(SORT_BY_NAME(.init_array.*))
 *(.init_array)
 .init_array    0x00003390        0x4 C:/Renesas/RA/e2studio_v2025-10_fsp_v6.2.0/toolchains/gcc_arm/13.2.rel1/bin/../lib/gcc/arm-none-eabi/13.2.1/thumb/v8-m.main+fp/hard/crtbegin.o
                0x00003394                        __init_array_end = .

__flash_fini_array$$
                0x00003394        0x4
                0x00003394                        __fini_array_start = .
 *(SORT_BY_NAME(.fini_array.*))
 *(.fini_array)
 .fini_array    0x00003394        0x4 C:/Renesas/RA/e2studio_v2025-10_fsp_v6.2.0/toolchains/gcc_arm/13.2.rel1/bin/../lib/gcc/arm-none-eabi/13.2.1/thumb/v8-m.main+fp/hard/crtbegin.o
                0x00003398                        __fini_array_end = .

__flash_arm.extab$$
 *(.ARM.extab*)
 *(.gnu.linkonce.armextab.*)

__flash_arm.exidx$$
                0x00003398        0x0
                0x00003398                        __exidx_start = .
 *(.ARM.exidx*)
 *(.gnu.linkonce.armexidx.*)
                0x00003398                        __exidx_end = .

.flash.endof    0x00008000        0x0
                0x00008000                        __ddsc_FLASH_END = .

.flash.flat_nsc
                0x00008000        0x0
                0x00008000                        __ddsc_FLASH_NSC = .

.option_setting_ofs0.startof
                0x0100a100        0x0
                0x0100a100                        __ddsc_OPTION_SETTING_OFS0_START = .

__option_setting_ofs0_reg$$
                0x0100a100        0x4
                0x0100a100                        __option_setting_ofs0_reg$$Base = .
 *(.option_setting_ofs0)
 .option_setting_ofs0
                0x0100a100        0x4 ./ra/fsp/src/bsp/mcu/ra6m5/bsp_linker.o
                0x0100a104                        __option_setting_ofs0_reg$$Limit = .

.option_setting_ofs0.endof
                0x0100a104        0x0
                0x0100a104                        __ddsc_OPTION_SETTING_OFS0_END = .

.option_setting_dualsel.startof
                0x0100a110        0x0
                0x0100a110                        __ddsc_OPTION_SETTING_DUALSEL_START = .

__option_setting_dualsel_reg$$
                0x0100a110        0x0
                0x0100a110                        __option_setting_dualsel_reg$$Base = .
 *(.option_setting_dualsel)
                0x0100a110                        __option_setting_dualsel_reg$$Limit = .

.option_setting_dualsel.endof
                0x0100a110        0x0
                0x0100a110                        __ddsc_OPTION_SETTING_DUALSEL_END = .

.option_setting_ofs1.startof
                0x0100a180        0x0
                0x0100a180                        __ddsc_OPTION_SETTING_OFS1_START = .

__option_setting_ofs1_reg$$
                0x0100a180        0x0
                0x0100a180                        __option_setting_ofs1_reg$$Base = .
 *(.option_setting_ofs1)
                0x0100a180                        __option_setting_ofs1_reg$$Limit = .

.option_setting_ofs1.endof
                0x0100a180        0x0
                0x0100a180                        __ddsc_OPTION_SETTING_OFS1_END = .

.option_setting_banksel.startof
                0x0100a190        0x0
                0x0100a190                        __ddsc_OPTION_SETTING_BANKSEL_START = .

__option_setting_banksel_reg$$
                0x0100a190        0x0
                0x0100a190                        __option_setting_banksel_reg$$Base = .
 *(.option_setting_banksel)
                0x0100a190                        __option_setting_banksel_reg$$Limit = .

.option_setting_banksel.endof
                0x0100a190        0x0
                0x0100a190                        __ddsc_OPTION_SETTING_BANKSEL_END = .

.option_setting_bps.startof
                0x0100a1c0        0x0
                0x0100a1c0                        __ddsc_OPTION_SETTING_BPS_START = .

__option_setting_bps_reg$$
                0x0100a1c0        0x0
                0x0100a1c0                        __option_setting_bps_reg$$Base = .
 *(.option_setting_bps)
                0x0100a1c0                        __option_setting_bps_reg$$Limit = .

.option_setting_bps.endof
                0x0100a1c0        0x0
                0x0100a1c0                        __ddsc_OPTION_SETTING_BPS_END = .

.option_setting_pbps.startof
                0x0100a1e0        0x0
                0x0100a1e0                        __ddsc_OPTION_SETTING_PBPS_START = .

__option_setting_pbps_reg$$
                0x0100a1e0        0x0
                0x0100a1e0                        __option_setting_pbps_reg$$Base = .
 *(.option_setting_pbps)
                0x0100a1e0                        __option_setting_pbps_reg$$Limit = .

.option_setting_pbps.endof
                0x0100a1e0        0x0
                0x0100a1e0                        __ddsc_OPTION_SETTING_PBPS_END = .

.option_setting_ofs1_sec.startof
                0x0100a200        0x0
                0x0100a200                        __ddsc_OPTION_SETTING_OFS1_SEC_START = .

__option_setting_ofs1_sec_reg$$
                0x0100a200        0x4
                0x0100a200                        __option_setting_ofs1_sec_reg$$Base = .
 *(.option_setting_ofs1_sec)
 .option_setting_ofs1_sec
                0x0100a200        0x4 ./ra/fsp/src/bsp/mcu/ra6m5/bsp_linker.o
                0x0100a204                        __option_setting_ofs1_sec_reg$$Limit = .

.option_setting_ofs1_sec.endof
                0x0100a204        0x0
                0x0100a204                        __ddsc_OPTION_SETTING_OFS1_SEC_END = .

.option_setting_banksel_sec.startof
                0x0100a210        0x0
                0x0100a210                        __ddsc_OPTION_SETTING_BANKSEL_SEC_START = .

__option_setting_banksel_sec_reg$$
                0x0100a210        0x0
                0x0100a210                        __option_setting_banksel_sec_reg$$Base = .
 *(.option_setting_banksel_sec)
                0x0100a210                        __option_setting_banksel_sec_reg$$Limit = .

.option_setting_banksel_sec.endof
                0x0100a210        0x0
                0x0100a210                        __ddsc_OPTION_SETTING_BANKSEL_SEC_END = .

.option_setting_bps_sec.startof
                0x0100a240        0x0
                0x0100a240                        __ddsc_OPTION_SETTING_BPS_SEC_START = .

__option_setting_bps_sec_reg$$
                0x0100a240        0x0
                0x0100a240                        __option_setting_bps_sec_reg$$Base = .
 *(.option_setting_bps_sec)
                0x0100a240                        __option_setting_bps_sec_reg$$Limit = .

.option_setting_bps_sec.endof
                0x0100a240        0x0
                0x0100a240                        __ddsc_OPTION_SETTING_BPS_SEC_END = .

.option_setting_pbps_sec.startof
                0x0100a260        0x0
                0x0100a260                        __ddsc_OPTION_SETTING_PBPS_SEC_START = .

__option_setting_pbps_sec_reg$$
                0x0100a260        0x0
                0x0100a260                        __option_setting_pbps_sec_reg$$Base = .
 *(.option_setting_pbps_sec)
                0x0100a260                        __option_setting_pbps_sec_reg$$Limit = .

.option_setting_pbps_sec.endof
                0x0100a260        0x0
                0x0100a260                        __ddsc_OPTION_SETTING_PBPS_SEC_END = .

.option_setting_ofs1_sel.startof
                0x0100a280        0x0
                0x0100a280                        __ddsc_OPTION_SETTING_OFS1_SEL_START = .

__option_setting_ofs1_sel_reg$$
                0x0100a280        0x4
                0x0100a280                        __option_setting_ofs1_sel_reg$$Base = .
 *(.option_setting_ofs1_sel)
 .option_setting_ofs1_sel
                0x0100a280        0x4 ./ra/fsp/src/bsp/mcu/ra6m5/bsp_linker.o
                0x0100a284                        __option_setting_ofs1_sel_reg$$Limit = .

.eh_frame       0x0100a284        0x0
 .eh_frame      0x0100a284        0x0 C:/Renesas/RA/e2studio_v2025-10_fsp_v6.2.0/toolchains/gcc_arm/13.2.rel1/bin/../lib/gcc/arm-none-eabi/13.2.1/thumb/v8-m.main+fp/hard/crtbegin.o

.rel.dyn        0x0100a284        0x0
 .rel.iplt      0x0100a284        0x0 C:/Renesas/RA/e2studio_v2025-10_fsp_v6.2.0/toolchains/gcc_arm/13.2.rel1/bin/../lib/gcc/arm-none-eabi/13.2.1/thumb/v8-m.main+fp/hard/crtbegin.o

.tm_clone_table
                0x0100a284        0x0
 .tm_clone_table
                0x0100a284        0x0 C:/Renesas/RA/e2studio_v2025-10_fsp_v6.2.0/toolchains/gcc_arm/13.2.rel1/bin/../lib/gcc/arm-none-eabi/13.2.1/thumb/v8-m.main+fp/hard/crtbegin.o
 .tm_clone_table
                0x0100a284        0x0 C:/Renesas/RA/e2studio_v2025-10_fsp_v6.2.0/toolchains/gcc_arm/13.2.rel1/bin/../lib/gcc/arm-none-eabi/13.2.1/thumb/v8-m.main+fp/hard/crtend.o

.igot.plt       0x00003398        0x0
 .igot.plt      0x00003398        0x0 C:/Renesas/RA/e2studio_v2025-10_fsp_v6.2.0/toolchains/gcc_arm/13.2.rel1/bin/../lib/gcc/arm-none-eabi/13.2.1/thumb/v8-m.main+fp/hard/crtbegin.o

.option_setting_ofs1_sel.endof
                0x0100a284        0x0
                0x0100a284                        __ddsc_OPTION_SETTING_OFS1_SEL_END = .

.option_setting_banksel_sel.startof
                0x0100a290        0x0
                0x0100a290                        __ddsc_OPTION_SETTING_BANKSEL_SEL_START = .

__option_setting_banksel_sel_reg$$
                0x0100a290        0x0
                0x0100a290                        __option_setting_banksel_sel_reg$$Base = .
 *(.option_setting_banksel_sel)
                0x0100a290                        __option_setting_banksel_sel_reg$$Limit = .

.option_setting_banksel_sel.endof
                0x0100a290        0x0
                0x0100a290                        __ddsc_OPTION_SETTING_BANKSEL_SEL_END = .

.option_setting_bps_sel.startof
                0x0100a2c0        0x0
                0x0100a2c0                        __ddsc_OPTION_SETTING_BPS_SEL_START = .

__option_setting_bps_sel_reg$$
                0x0100a2c0        0x0
                0x0100a2c0                        __option_setting_bps_sel_reg$$Base = .
 *(.option_setting_bps_sel)
                0x0100a2c0                        __option_setting_bps_sel_reg$$Limit = .

.option_setting_bps_sel.endof
                0x0100a2c0        0x0
                0x0100a2c0                        __ddsc_OPTION_SETTING_BPS_SEL_END = .
OUTPUT(Modularm_BSP.elf elf32-littlearm)
LOAD linker stubs

.ARM.attributes
                0x00000000       0x36
 .ARM.attributes
                0x00000000       0x26 C:/Renesas/RA/e2studio_v2025-10_fsp_v6.2.0/toolchains/gcc_arm/13.2.rel1/bin/../lib/gcc/arm-none-eabi/13.2.1/thumb/v8-m.main+fp/hard/crti.o
 .ARM.attributes
                0x00000026       0x38 C:/Renesas/RA/e2studio_v2025-10_fsp_v6.2.0/toolchains/gcc_arm/13.2.rel1/bin/../lib/gcc/arm-none-eabi/13.2.1/thumb/v8-m.main+fp/hard/crtbegin.o
 .ARM.attributes
                0x0000005e       0x3a ./src/CAN_thread_entry.o
 .ARM.attributes
                0x00000098       0x3a ./src/hal_warmstart.o
 .ARM.attributes
                0x000000d2       0x3a ./src/uart_thread_entry.o
 .ARM.attributes
                0x0000010c       0x3a ./ra_gen/CAN_thread.o
 .ARM.attributes
                0x00000146       0x3a ./ra_gen/common_data.o
 .ARM.attributes
                0x00000180       0x3a ./ra_gen/hal_data.o
 .ARM.attributes
                0x000001ba       0x3a ./ra_gen/main.o
 .ARM.attributes
                0x000001f4       0x3a ./ra_gen/pin_data.o
 .ARM.attributes
                0x0000022e       0x3a ./ra_gen/uart_thread.o
 .ARM.attributes
                0x00000268       0x3a ./ra_gen/vector_data.o
 .ARM.attributes
                0x000002a2       0x3a ./ra/fsp/src/rm_freertos_port/port.o
 .ARM.attributes
                0x000002dc       0x3a ./ra/fsp/src/r_sci_uart/r_sci_uart.o
 .ARM.attributes
                0x00000316       0x3a ./ra/fsp/src/r_ioport/r_ioport.o
 .ARM.attributes
                0x00000350       0x3a ./ra/fsp/src/r_canfd/r_canfd.o
 .ARM.attributes
                0x0000038a       0x3a ./ra/fsp/src/bsp/mcu/ra6m5/bsp_linker.o
 .ARM.attributes
                0x000003c4       0x3a ./ra/fsp/src/bsp/mcu/all/bsp_clocks.o
 .ARM.attributes
                0x000003fe       0x3a ./ra/fsp/src/bsp/mcu/all/bsp_common.o
 .ARM.attributes
                0x00000438       0x3a ./ra/fsp/src/bsp/mcu/all/bsp_delay.o
 .ARM.attributes
                0x00000472       0x3a ./ra/fsp/src/bsp/mcu/all/bsp_group_irq.o
 .ARM.attributes
                0x000004ac       0x3a ./ra/fsp/src/bsp/mcu/all/bsp_io.o
 .ARM.attributes
                0x000004e6       0x3a ./ra/fsp/src/bsp/mcu/all/bsp_irq.o
 .ARM.attributes
                0x00000520       0x3a ./ra/fsp/src/bsp/mcu/all/bsp_register_protection.o
 .ARM.attributes
                0x0000055a       0x3a ./ra/fsp/src/bsp/cmsis/Device/RENESAS/Source/startup.o
 .ARM.attributes
                0x00000594       0x3a ./ra/fsp/src/bsp/cmsis/Device/RENESAS/Source/system.o
 .ARM.attributes
                0x000005ce       0x3a ./ra/aws/FreeRTOS/FreeRTOS/Source/list.o
 .ARM.attributes
                0x00000608       0x3a ./ra/aws/FreeRTOS/FreeRTOS/Source/queue.o
 .ARM.attributes
                0x00000642       0x3a ./ra/aws/FreeRTOS/FreeRTOS/Source/tasks.o
 .ARM.attributes
                0x0000067c       0x3a ./ra/aws/FreeRTOS/FreeRTOS/Source/timers.o
 .ARM.attributes
                0x000006b6       0x38 C:/Renesas/RA/e2studio_v2025-10_fsp_v6.2.0/toolchains/gcc_arm/13.2.rel1/bin/../lib/gcc/arm-none-eabi/13.2.1/thumb/v8-m.main+fp/hard\libg_nano.a(libc_a-memset.o)
 .ARM.attributes
                0x000006ee       0x38 C:/Renesas/RA/e2studio_v2025-10_fsp_v6.2.0/toolchains/gcc_arm/13.2.rel1/bin/../lib/gcc/arm-none-eabi/13.2.1/thumb/v8-m.main+fp/hard\libg_nano.a(libc_a-memcpy-stub.o)
 .ARM.attributes
                0x00000726       0x38 C:/Renesas/RA/e2studio_v2025-10_fsp_v6.2.0/toolchains/gcc_arm/13.2.rel1/bin/../lib/gcc/arm-none-eabi/13.2.1/thumb/v8-m.main+fp/hard/crtend.o

.comment        0x00000000       0x44
 .comment       0x00000000       0x44 ./src/CAN_thread_entry.o
                                 0x45 (size before relaxing)
 .comment       0x00000044       0x45 ./src/hal_warmstart.o
 .comment       0x00000044       0x45 ./src/uart_thread_entry.o
 .comment       0x00000044       0x45 ./ra_gen/CAN_thread.o
 .comment       0x00000044       0x45 ./ra_gen/common_data.o
 .comment       0x00000044       0x45 ./ra_gen/hal_data.o
 .comment       0x00000044       0x45 ./ra_gen/main.o
 .comment       0x00000044       0x45 ./ra_gen/pin_data.o
 .comment       0x00000044       0x45 ./ra_gen/uart_thread.o
 .comment       0x00000044       0x45 ./ra_gen/vector_data.o
 .comment       0x00000044       0x45 ./ra/fsp/src/rm_freertos_port/port.o
 .comment       0x00000044       0x45 ./ra/fsp/src/r_sci_uart/r_sci_uart.o
 .comment       0x00000044       0x45 ./ra/fsp/src/r_ioport/r_ioport.o
 .comment       0x00000044       0x45 ./ra/fsp/src/r_canfd/r_canfd.o
 .comment       0x00000044       0x45 ./ra/fsp/src/bsp/mcu/ra6m5/bsp_linker.o
 .comment       0x00000044       0x45 ./ra/fsp/src/bsp/mcu/all/bsp_clocks.o
 .comment       0x00000044       0x45 ./ra/fsp/src/bsp/mcu/all/bsp_common.o
 .comment       0x00000044       0x45 ./ra/fsp/src/bsp/mcu/all/bsp_delay.o
 .comment       0x00000044       0x45 ./ra/fsp/src/bsp/mcu/all/bsp_group_irq.o
 .comment       0x00000044       0x45 ./ra/fsp/src/bsp/mcu/all/bsp_io.o
 .comment       0x00000044       0x45 ./ra/fsp/src/bsp/mcu/all/bsp_irq.o
 .comment       0x00000044       0x45 ./ra/fsp/src/bsp/mcu/all/bsp_register_protection.o
 .comment       0x00000044       0x45 ./ra/fsp/src/bsp/cmsis/Device/RENESAS/Source/startup.o
 .comment       0x00000044       0x45 ./ra/fsp/src/bsp/cmsis/Device/RENESAS/Source/system.o
 .comment       0x00000044       0x45 ./ra/aws/FreeRTOS/FreeRTOS/Source/list.o
 .comment       0x00000044       0x45 ./ra/aws/FreeRTOS/FreeRTOS/Source/queue.o
 .comment       0x00000044       0x45 ./ra/aws/FreeRTOS/FreeRTOS/Source/tasks.o
 .comment       0x00000044       0x45 ./ra/aws/FreeRTOS/FreeRTOS/Source/timers.o

.debug_info     0x00000000    0x436a3
 .debug_info    0x00000000       0xf6 ./src/CAN_thread_entry.o
 .debug_info    0x000000f6      0xfef ./src/hal_warmstart.o
 .debug_info    0x000010e5       0xf6 ./src/uart_thread_entry.o
 .debug_info    0x000011db     0x4eaa ./ra_gen/CAN_thread.o
 .debug_info    0x00006085     0x1253 ./ra_gen/common_data.o
 .debug_info    0x000072d8       0xa6 ./ra_gen/hal_data.o
 .debug_info    0x0000737e      0x63d ./ra_gen/main.o
 .debug_info    0x000079bb      0xa31 ./ra_gen/pin_data.o
 .debug_info    0x000083ec     0x39c5 ./ra_gen/uart_thread.o
 .debug_info    0x0000bdb1      0x8d2 ./ra_gen/vector_data.o
 .debug_info    0x0000c683     0x4972 ./ra/fsp/src/rm_freertos_port/port.o
 .debug_info    0x00010ff5     0xa17b ./ra/fsp/src/r_sci_uart/r_sci_uart.o
 .debug_info    0x0001b170     0x7704 ./ra/fsp/src/r_ioport/r_ioport.o
 .debug_info    0x00022874     0x83c0 ./ra/fsp/src/r_canfd/r_canfd.o
 .debug_info    0x0002ac34      0x4e6 ./ra/fsp/src/bsp/mcu/ra6m5/bsp_linker.o
 .debug_info    0x0002b11a     0x65c8 ./ra/fsp/src/bsp/mcu/all/bsp_clocks.o
 .debug_info    0x000316e2      0x966 ./ra/fsp/src/bsp/mcu/all/bsp_common.o
 .debug_info    0x00032048      0x204 ./ra/fsp/src/bsp/mcu/all/bsp_delay.o
 .debug_info    0x0003224c     0x135a ./ra/fsp/src/bsp/mcu/all/bsp_group_irq.o
 .debug_info    0x000335a6       0xb2 ./ra/fsp/src/bsp/mcu/all/bsp_io.o
 .debug_info    0x00033658     0x2019 ./ra/fsp/src/bsp/mcu/all/bsp_irq.o
 .debug_info    0x00035671     0x3912 ./ra/fsp/src/bsp/mcu/all/bsp_register_protection.o
 .debug_info    0x00038f83      0x187 ./ra/fsp/src/bsp/cmsis/Device/RENESAS/Source/startup.o
 .debug_info    0x0003910a     0x120f ./ra/fsp/src/bsp/cmsis/Device/RENESAS/Source/system.o
 .debug_info    0x0003a319      0x2c1 ./ra/aws/FreeRTOS/FreeRTOS/Source/list.o
 .debug_info    0x0003a5da     0x30b0 ./ra/aws/FreeRTOS/FreeRTOS/Source/queue.o
 .debug_info    0x0003d68a     0x3e63 ./ra/aws/FreeRTOS/FreeRTOS/Source/tasks.o
 .debug_info    0x000414ed     0x21b6 ./ra/aws/FreeRTOS/FreeRTOS/Source/timers.o

.debug_abbrev   0x00000000     0x46cc
 .debug_abbrev  0x00000000       0xa2 ./src/CAN_thread_entry.o
 .debug_abbrev  0x000000a2      0x158 ./src/hal_warmstart.o
 .debug_abbrev  0x000001fa       0xa2 ./src/uart_thread_entry.o
 .debug_abbrev  0x0000029c      0x349 ./ra_gen/CAN_thread.o
 .debug_abbrev  0x000005e5      0x13a ./ra_gen/common_data.o
 .debug_abbrev  0x0000071f       0x62 ./ra_gen/hal_data.o
 .debug_abbrev  0x00000781      0x1ed ./ra_gen/main.o
 .debug_abbrev  0x0000096e       0xff ./ra_gen/pin_data.o
 .debug_abbrev  0x00000a6d      0x341 ./ra_gen/uart_thread.o
 .debug_abbrev  0x00000dae       0xbe ./ra_gen/vector_data.o
 .debug_abbrev  0x00000e6c      0x426 ./ra/fsp/src/rm_freertos_port/port.o
 .debug_abbrev  0x00001292      0x622 ./ra/fsp/src/r_sci_uart/r_sci_uart.o
 .debug_abbrev  0x000018b4      0x49c ./ra/fsp/src/r_ioport/r_ioport.o
 .debug_abbrev  0x00001d50      0x604 ./ra/fsp/src/r_canfd/r_canfd.o
 .debug_abbrev  0x00002354       0xe3 ./ra/fsp/src/bsp/mcu/ra6m5/bsp_linker.o
 .debug_abbrev  0x00002437      0x433 ./ra/fsp/src/bsp/mcu/all/bsp_clocks.o
 .debug_abbrev  0x0000286a      0x188 ./ra/fsp/src/bsp/mcu/all/bsp_common.o
 .debug_abbrev  0x000029f2      0x10d ./ra/fsp/src/bsp/mcu/all/bsp_delay.o
 .debug_abbrev  0x00002aff      0x256 ./ra/fsp/src/bsp/mcu/all/bsp_group_irq.o
 .debug_abbrev  0x00002d55       0x5e ./ra/fsp/src/bsp/mcu/all/bsp_io.o
 .debug_abbrev  0x00002db3      0x287 ./ra/fsp/src/bsp/mcu/all/bsp_irq.o
 .debug_abbrev  0x0000303a      0x27d ./ra/fsp/src/bsp/mcu/all/bsp_register_protection.o
 .debug_abbrev  0x000032b7      0x102 ./ra/fsp/src/bsp/cmsis/Device/RENESAS/Source/startup.o
 .debug_abbrev  0x000033b9      0x378 ./ra/fsp/src/bsp/cmsis/Device/RENESAS/Source/system.o
 .debug_abbrev  0x00003731      0x103 ./ra/aws/FreeRTOS/FreeRTOS/Source/list.o
 .debug_abbrev  0x00003834      0x4b8 ./ra/aws/FreeRTOS/FreeRTOS/Source/queue.o
 .debug_abbrev  0x00003cec      0x53c ./ra/aws/FreeRTOS/FreeRTOS/Source/tasks.o
 .debug_abbrev  0x00004228      0x4a4 ./ra/aws/FreeRTOS/FreeRTOS/Source/timers.o

.debug_loclists
                0x00000000     0x83e8
 .debug_loclists
                0x00000000       0x29 ./src/CAN_thread_entry.o
 .debug_loclists
                0x00000029       0x29 ./src/hal_warmstart.o
 .debug_loclists
                0x00000052       0x29 ./src/uart_thread_entry.o
 .debug_loclists
                0x0000007b       0x37 ./ra_gen/CAN_thread.o
 .debug_loclists
                0x000000b2       0x20 ./ra_gen/main.o
 .debug_loclists
                0x000000d2       0x37 ./ra_gen/uart_thread.o
 .debug_loclists
                0x00000109      0x2d9 ./ra/fsp/src/rm_freertos_port/port.o
 .debug_loclists
                0x000003e2      0xe41 ./ra/fsp/src/r_sci_uart/r_sci_uart.o
 .debug_loclists
                0x00001223      0x7c8 ./ra/fsp/src/r_ioport/r_ioport.o
 .debug_loclists
                0x000019eb     0x13f1 ./ra/fsp/src/r_canfd/r_canfd.o
 .debug_loclists
                0x00002ddc      0x468 ./ra/fsp/src/bsp/mcu/all/bsp_clocks.o
 .debug_loclists
                0x00003244       0x20 ./ra/fsp/src/bsp/mcu/all/bsp_common.o
 .debug_loclists
                0x00003264      0x199 ./ra/fsp/src/bsp/mcu/all/bsp_delay.o
 .debug_loclists
                0x000033fd       0x73 ./ra/fsp/src/bsp/mcu/all/bsp_group_irq.o
 .debug_loclists
                0x00003470       0x99 ./ra/fsp/src/bsp/mcu/all/bsp_irq.o
 .debug_loclists
                0x00003509       0xa7 ./ra/fsp/src/bsp/mcu/all/bsp_register_protection.o
 .debug_loclists
                0x000035b0       0x9d ./ra/fsp/src/bsp/cmsis/Device/RENESAS/Source/system.o
 .debug_loclists
                0x0000364d       0x6e ./ra/aws/FreeRTOS/FreeRTOS/Source/list.o
 .debug_loclists
                0x000036bb     0x1aad ./ra/aws/FreeRTOS/FreeRTOS/Source/queue.o
 .debug_loclists
                0x00005168     0x22a2 ./ra/aws/FreeRTOS/FreeRTOS/Source/tasks.o
 .debug_loclists
                0x0000740a      0xfde ./ra/aws/FreeRTOS/FreeRTOS/Source/timers.o

.debug_aranges  0x00000000      0x8f0
 .debug_aranges
                0x00000000       0x20 ./src/CAN_thread_entry.o
 .debug_aranges
                0x00000020       0x20 ./src/hal_warmstart.o
 .debug_aranges
                0x00000040       0x20 ./src/uart_thread_entry.o
 .debug_aranges
                0x00000060       0x28 ./ra_gen/CAN_thread.o
 .debug_aranges
                0x00000088       0x20 ./ra_gen/common_data.o
 .debug_aranges
                0x000000a8       0x20 ./ra_gen/hal_data.o
 .debug_aranges
                0x000000c8       0x40 ./ra_gen/main.o
 .debug_aranges
                0x00000108       0x18 ./ra_gen/pin_data.o
 .debug_aranges
                0x00000120       0x28 ./ra_gen/uart_thread.o
 .debug_aranges
                0x00000148       0x18 ./ra_gen/vector_data.o
 .debug_aranges
                0x00000160       0x90 ./ra/fsp/src/rm_freertos_port/port.o
 .debug_aranges
                0x000001f0       0xa0 ./ra/fsp/src/r_sci_uart/r_sci_uart.o
 .debug_aranges
                0x00000290       0x90 ./ra/fsp/src/r_ioport/r_ioport.o
 .debug_aranges
                0x00000320       0x88 ./ra/fsp/src/r_canfd/r_canfd.o
 .debug_aranges
                0x000003a8       0x18 ./ra/fsp/src/bsp/mcu/ra6m5/bsp_linker.o
 .debug_aranges
                0x000003c0       0x70 ./ra/fsp/src/bsp/mcu/all/bsp_clocks.o
 .debug_aranges
                0x00000430       0x30 ./ra/fsp/src/bsp/mcu/all/bsp_common.o
 .debug_aranges
                0x00000460       0x28 ./ra/fsp/src/bsp/mcu/all/bsp_delay.o
 .debug_aranges
                0x00000488       0x28 ./ra/fsp/src/bsp/mcu/all/bsp_group_irq.o
 .debug_aranges
                0x000004b0       0x18 ./ra/fsp/src/bsp/mcu/all/bsp_io.o
 .debug_aranges
                0x000004c8       0x20 ./ra/fsp/src/bsp/mcu/all/bsp_irq.o
 .debug_aranges
                0x000004e8       0x28 ./ra/fsp/src/bsp/mcu/all/bsp_register_protection.o
 .debug_aranges
                0x00000510       0x28 ./ra/fsp/src/bsp/cmsis/Device/RENESAS/Source/startup.o
 .debug_aranges
                0x00000538       0x30 ./ra/fsp/src/bsp/cmsis/Device/RENESAS/Source/system.o
 .debug_aranges
                0x00000568       0x40 ./ra/aws/FreeRTOS/FreeRTOS/Source/list.o
 .debug_aranges
                0x000005a8       0xf0 ./ra/aws/FreeRTOS/FreeRTOS/Source/queue.o
 .debug_aranges
                0x00000698      0x1a0 ./ra/aws/FreeRTOS/FreeRTOS/Source/tasks.o
 .debug_aranges
                0x00000838       0xb8 ./ra/aws/FreeRTOS/FreeRTOS/Source/timers.o

.debug_rnglists
                0x00000000     0x12dc
 .debug_rnglists
                0x00000000       0x13 ./src/CAN_thread_entry.o
 .debug_rnglists
                0x00000013       0x13 ./src/hal_warmstart.o
 .debug_rnglists
                0x00000026       0x13 ./src/uart_thread_entry.o
 .debug_rnglists
                0x00000039       0x19 ./ra_gen/CAN_thread.o
 .debug_rnglists
                0x00000052       0x13 ./ra_gen/common_data.o
 .debug_rnglists
                0x00000065       0x13 ./ra_gen/hal_data.o
 .debug_rnglists
                0x00000078       0x2b ./ra_gen/main.o
 .debug_rnglists
                0x000000a3       0x19 ./ra_gen/uart_thread.o
 .debug_rnglists
                0x000000bc      0x115 ./ra/fsp/src/rm_freertos_port/port.o
 .debug_rnglists
                0x000001d1      0x26c ./ra/fsp/src/r_sci_uart/r_sci_uart.o
 .debug_rnglists
                0x0000043d       0xbc ./ra/fsp/src/r_ioport/r_ioport.o
 .debug_rnglists
                0x000004f9      0x2e8 ./ra/fsp/src/r_canfd/r_canfd.o
 .debug_rnglists
                0x000007e1      0x11b ./ra/fsp/src/bsp/mcu/all/bsp_clocks.o
 .debug_rnglists
                0x000008fc       0x1f ./ra/fsp/src/bsp/mcu/all/bsp_common.o
 .debug_rnglists
                0x0000091b       0x35 ./ra/fsp/src/bsp/mcu/all/bsp_delay.o
 .debug_rnglists
                0x00000950       0x37 ./ra/fsp/src/bsp/mcu/all/bsp_group_irq.o
 .debug_rnglists
                0x00000987       0x41 ./ra/fsp/src/bsp/mcu/all/bsp_irq.o
 .debug_rnglists
                0x000009c8       0x31 ./ra/fsp/src/bsp/mcu/all/bsp_register_protection.o
 .debug_rnglists
                0x000009f9       0x19 ./ra/fsp/src/bsp/cmsis/Device/RENESAS/Source/startup.o
 .debug_rnglists
                0x00000a12       0x3b ./ra/fsp/src/bsp/cmsis/Device/RENESAS/Source/system.o
 .debug_rnglists
                0x00000a4d       0x2b ./ra/aws/FreeRTOS/FreeRTOS/Source/list.o
 .debug_rnglists
                0x00000a78      0x288 ./ra/aws/FreeRTOS/FreeRTOS/Source/queue.o
 .debug_rnglists
                0x00000d00      0x457 ./ra/aws/FreeRTOS/FreeRTOS/Source/tasks.o
 .debug_rnglists
                0x00001157      0x185 ./ra/aws/FreeRTOS/FreeRTOS/Source/timers.o

.debug_line     0x00000000     0xefc9
 .debug_line    0x00000000      0x204 ./src/CAN_thread_entry.o
 .debug_line    0x00000204      0x30c ./src/hal_warmstart.o
 .debug_line    0x00000510      0x205 ./src/uart_thread_entry.o
 .debug_line    0x00000715      0x419 ./ra_gen/CAN_thread.o
 .debug_line    0x00000b2e      0x2a9 ./ra_gen/common_data.o
 .debug_line    0x00000dd7       0x58 ./ra_gen/hal_data.o
 .debug_line    0x00000e2f      0x368 ./ra_gen/main.o
 .debug_line    0x00001197      0x21b ./ra_gen/pin_data.o
 .debug_line    0x000013b2      0x43f ./ra_gen/uart_thread.o
 .debug_line    0x000017f1      0x13b ./ra_gen/vector_data.o
 .debug_line    0x0000192c      0xaab ./ra/fsp/src/rm_freertos_port/port.o
 .debug_line    0x000023d7     0x1948 ./ra/fsp/src/r_sci_uart/r_sci_uart.o
 .debug_line    0x00003d1f      0xb27 ./ra/fsp/src/r_ioport/r_ioport.o
 .debug_line    0x00004846     0x1ce2 ./ra/fsp/src/r_canfd/r_canfd.o
 .debug_line    0x00006528      0x149 ./ra/fsp/src/bsp/mcu/ra6m5/bsp_linker.o
 .debug_line    0x00006671      0xcfe ./ra/fsp/src/bsp/mcu/all/bsp_clocks.o
 .debug_line    0x0000736f      0x2a7 ./ra/fsp/src/bsp/mcu/all/bsp_common.o
 .debug_line    0x00007616      0x2e3 ./ra/fsp/src/bsp/mcu/all/bsp_delay.o
 .debug_line    0x000078f9      0x313 ./ra/fsp/src/bsp/mcu/all/bsp_group_irq.o
 .debug_line    0x00007c0c      0x181 ./ra/fsp/src/bsp/mcu/all/bsp_io.o
 .debug_line    0x00007d8d      0x52c ./ra/fsp/src/bsp/mcu/all/bsp_irq.o
 .debug_line    0x000082b9      0x3cb ./ra/fsp/src/bsp/mcu/all/bsp_register_protection.o
 .debug_line    0x00008684      0x1ed ./ra/fsp/src/bsp/cmsis/Device/RENESAS/Source/startup.o
 .debug_line    0x00008871      0x6b8 ./ra/fsp/src/bsp/cmsis/Device/RENESAS/Source/system.o
 .debug_line    0x00008f29      0x3d2 ./ra/aws/FreeRTOS/FreeRTOS/Source/list.o
 .debug_line    0x000092fb     0x1e4e ./ra/aws/FreeRTOS/FreeRTOS/Source/queue.o
 .debug_line    0x0000b149     0x2fb0 ./ra/aws/FreeRTOS/FreeRTOS/Source/tasks.o
 .debug_line    0x0000e0f9      0xed0 ./ra/aws/FreeRTOS/FreeRTOS/Source/timers.o

.debug_str      0x00000000    0x103f9
 .debug_str     0x00000000    0x103f9 ./src/CAN_thread_entry.o
                                0x220 (size before relaxing)
 .debug_str     0x000103f9     0x3206 ./src/hal_warmstart.o
 .debug_str     0x000103f9      0x222 ./src/uart_thread_entry.o
 .debug_str     0x000103f9     0x3e76 ./ra_gen/CAN_thread.o
 .debug_str     0x000103f9     0x33d1 ./ra_gen/common_data.o
 .debug_str     0x000103f9      0x1ec ./ra_gen/hal_data.o
 .debug_str     0x000103f9      0x5f8 ./ra_gen/main.o
 .debug_str     0x000103f9     0x1db4 ./ra_gen/pin_data.o
 .debug_str     0x000103f9     0x4a3d ./ra_gen/uart_thread.o
 .debug_str     0x000103f9     0x1e46 ./ra_gen/vector_data.o
 .debug_str     0x000103f9     0x204d ./ra/fsp/src/rm_freertos_port/port.o
 .debug_str     0x000103f9     0x6e73 ./ra/fsp/src/r_sci_uart/r_sci_uart.o
 .debug_str     0x000103f9     0x5d41 ./ra/fsp/src/r_ioport/r_ioport.o
 .debug_str     0x000103f9     0x520c ./ra/fsp/src/r_canfd/r_canfd.o
 .debug_str     0x000103f9      0x8b9 ./ra/fsp/src/bsp/mcu/ra6m5/bsp_linker.o
 .debug_str     0x000103f9     0x2d7e ./ra/fsp/src/bsp/mcu/all/bsp_clocks.o
 .debug_str     0x000103f9     0x1cc6 ./ra/fsp/src/bsp/mcu/all/bsp_common.o
 .debug_str     0x000103f9      0x32e ./ra/fsp/src/bsp/mcu/all/bsp_delay.o
 .debug_str     0x000103f9     0x222d ./ra/fsp/src/bsp/mcu/all/bsp_group_irq.o
 .debug_str     0x000103f9      0x20d ./ra/fsp/src/bsp/mcu/all/bsp_io.o
 .debug_str     0x000103f9     0x2817 ./ra/fsp/src/bsp/mcu/all/bsp_irq.o
 .debug_str     0x000103f9     0x1b86 ./ra/fsp/src/bsp/mcu/all/bsp_register_protection.o
 .debug_str     0x000103f9      0x27c ./ra/fsp/src/bsp/cmsis/Device/RENESAS/Source/startup.o
 .debug_str     0x000103f9      0xade ./ra/fsp/src/bsp/cmsis/Device/RENESAS/Source/system.o
 .debug_str     0x000103f9      0x33b ./ra/aws/FreeRTOS/FreeRTOS/Source/list.o
 .debug_str     0x000103f9      0xc57 ./ra/aws/FreeRTOS/FreeRTOS/Source/queue.o
 .debug_str     0x000103f9     0x12fd ./ra/aws/FreeRTOS/FreeRTOS/Source/tasks.o
 .debug_str     0x000103f9      0xcd7 ./ra/aws/FreeRTOS/FreeRTOS/Source/timers.o

.debug_frame    0x00000000     0x17bc
 .debug_frame   0x00000000       0x28 ./src/CAN_thread_entry.o
 .debug_frame   0x00000028       0x20 ./src/hal_warmstart.o
 .debug_frame   0x00000048       0x28 ./src/uart_thread_entry.o
 .debug_frame   0x00000070       0x58 ./ra_gen/CAN_thread.o
 .debug_frame   0x000000c8       0x20 ./ra_gen/common_data.o
 .debug_frame   0x000000e8       0x20 ./ra_gen/hal_data.o
 .debug_frame   0x00000108       0x90 ./ra_gen/main.o
 .debug_frame   0x00000198       0x58 ./ra_gen/uart_thread.o
 .debug_frame   0x000001f0      0x160 ./ra/fsp/src/rm_freertos_port/port.o
 .debug_frame   0x00000350      0x1e8 ./ra/fsp/src/r_sci_uart/r_sci_uart.o
 .debug_frame   0x00000538      0x17c ./ra/fsp/src/r_ioport/r_ioport.o
 .debug_frame   0x000006b4      0x1e0 ./ra/fsp/src/r_canfd/r_canfd.o
 .debug_frame   0x00000894      0x110 ./ra/fsp/src/bsp/mcu/all/bsp_clocks.o
 .debug_frame   0x000009a4       0x40 ./ra/fsp/src/bsp/mcu/all/bsp_common.o
 .debug_frame   0x000009e4       0x4c ./ra/fsp/src/bsp/mcu/all/bsp_delay.o
 .debug_frame   0x00000a30       0x3c ./ra/fsp/src/bsp/mcu/all/bsp_group_irq.o
 .debug_frame   0x00000a6c       0x34 ./ra/fsp/src/bsp/mcu/all/bsp_irq.o
 .debug_frame   0x00000aa0       0x48 ./ra/fsp/src/bsp/mcu/all/bsp_register_protection.o
 .debug_frame   0x00000ae8       0x38 ./ra/fsp/src/bsp/cmsis/Device/RENESAS/Source/startup.o
 .debug_frame   0x00000b20       0x64 ./ra/fsp/src/bsp/cmsis/Device/RENESAS/Source/system.o
 .debug_frame   0x00000b84       0x70 ./ra/aws/FreeRTOS/FreeRTOS/Source/list.o
 .debug_frame   0x00000bf4      0x348 ./ra/aws/FreeRTOS/FreeRTOS/Source/queue.o
 .debug_frame   0x00000f3c      0x594 ./ra/aws/FreeRTOS/FreeRTOS/Source/tasks.o
 .debug_frame   0x000014d0      0x2a4 ./ra/aws/FreeRTOS/FreeRTOS/Source/timers.o
 .debug_frame   0x00001774       0x20 C:/Renesas/RA/e2studio_v2025-10_fsp_v6.2.0/toolchains/gcc_arm/13.2.rel1/bin/../lib/gcc/arm-none-eabi/13.2.1/thumb/v8-m.main+fp/hard\libg_nano.a(libc_a-memset.o)
 .debug_frame   0x00001794       0x28 C:/Renesas/RA/e2studio_v2025-10_fsp_v6.2.0/toolchains/gcc_arm/13.2.rel1/bin/../lib/gcc/arm-none-eabi/13.2.1/thumb/v8-m.main+fp/hard\libg_nano.a(libc_a-memcpy-stub.o)
